<html>
<body>
<pre>
<h1>µVision Build Log</h1>
<h2>Project:</h2>
C:\Users\Akeel\McGill\Fall 2011\microP\MicroP_Shared\TEST2_4\test2.4.uvproj
Project File Date:  10/20/2011

<h2>Output:</h2>
Build target 'Target 1'
assembling STM32F10x.s...
compiling main.c...
main.c(34): error:  #20: identifier "ans" is undefined
main.c(221): warning:  #223-D: function "set_atan_lut" declared implicitly
main.c(224): warning:  #223-D: function "I2C_DeInit" declared implicitly
compiling LSM303DLH.c...
compiling misc.c...
compiling stm32f10x_gpio.c...
compiling stm32f10x_i2c.c...
compiling stm32f10x_rcc.c...
Target not created
Build target 'Target 1'
assembling STM32F10x.s...
compiling main.c...
main.c(222): warning:  #223-D: function "set_atan_lut" declared implicitly
main.c(225): warning:  #223-D: function "I2C_DeInit" declared implicitly
compiling LSM303DLH.c...
compiling misc.c...
compiling stm32f10x_gpio.c...
compiling stm32f10x_i2c.c...
compiling stm32f10x_rcc.c...
linking...
test2.4.axf: Error: L6218E: Undefined symbol set_atan_lut (referred from main.o).
Target not created
Build target 'Target 1'
assembling STM32F10x.s...
compiling main.c...
main.c(224): warning:  #223-D: function "I2C_DeInit" declared implicitly
compiling LSM303DLH.c...
compiling misc.c...
compiling stm32f10x_gpio.c...
compiling stm32f10x_i2c.c...
compiling stm32f10x_rcc.c...
linking...
Program Size: Code=12556 RO-data=268 RW-data=76 ZI-data=612  
"test2.4.axf" - 0 Error(s), 1 Warning(s).
Load "C:\\Users\\Akeel\\McGill\\Fall 2011\\microP\\MicroP_Shared\\TEST2_4\\test2.4" 
_____^
*** error 56: cannot open file
Load "C:\\Users\\Akeel\\McGill\\Fall 2011\\microP\\MicroP_Shared\\TEST2_4\\test2.4" 
Erase Done.
Programming Done.
Verify OK.
Build target 'Target 1'
assembling STM32F10x.s...
compiling main.c...
main.c(28): error:  #268: declaration may not appear after executable statement in block
main.c(28): warning:  #185-D: dynamic initialization in unreachable code
main.c(29): error:  #268: declaration may not appear after executable statement in block
main.c(226): warning:  #223-D: function "I2C_DeInit" declared implicitly
compiling LSM303DLH.c...
compiling misc.c...
compiling stm32f10x_gpio.c...
compiling stm32f10x_i2c.c...
compiling stm32f10x_rcc.c...
Target not created
Build target 'Target 1'
assembling STM32F10x.s...
compiling main.c...
main.c(31): warning:  #111-D: statement is unreachable
main.c(226): warning:  #223-D: function "I2C_DeInit" declared implicitly
compiling LSM303DLH.c...
compiling misc.c...
compiling stm32f10x_gpio.c...
compiling stm32f10x_i2c.c...
compiling stm32f10x_rcc.c...
linking...
Program Size: Code=10300 RO-data=420 RW-data=76 ZI-data=612  
"test2.4.axf" - 0 Error(s), 2 Warning(s).
Load "C:\\Users\\Akeel\\McGill\\Fall 2011\\microP\\MicroP_Shared\\TEST2_4\\test2.4" 
_____^
*** error 56: cannot open file
Build target 'Target 1'
assembling STM32F10x.s...
compiling main.c...
main.c(31): warning:  #111-D: statement is unreachable
main.c(226): warning:  #223-D: function "I2C_DeInit" declared implicitly
compiling LSM303DLH.c...
compiling misc.c...
compiling stm32f10x_gpio.c...
compiling stm32f10x_i2c.c...
compiling stm32f10x_rcc.c...
linking...
Program Size: Code=10300 RO-data=420 RW-data=76 ZI-data=612  
"test2.4.axf" - 0 Error(s), 2 Warning(s).
Load "C:\\Users\\Akeel\\McGill\\Fall 2011\\microP\\MicroP_Shared\\TEST2_4\\test2.4" 
Erase Done.
Programming Done.
Verify OK.
Build target 'Target 1'
assembling STM32F10x.s...
compiling main.c...
main.c(31): warning:  #111-D: statement is unreachable
main.c(226): warning:  #223-D: function "I2C_DeInit" declared implicitly
compiling LSM303DLH.c...
compiling misc.c...
compiling stm32f10x_gpio.c...
compiling stm32f10x_i2c.c...
compiling stm32f10x_rcc.c...
linking...
Program Size: Code=10324 RO-data=420 RW-data=76 ZI-data=612  
"test2.4.axf" - 0 Error(s), 2 Warning(s).
Load "C:\\Users\\Akeel\\McGill\\Fall 2011\\microP\\MicroP_Shared\\TEST2_4\\test2.4" 
Erase Done.
Programming Done.
Verify OK.
