<html>
<body>
<pre>
<h1>µVision Build Log</h1>
<h2>Project:</h2>
C:\Users\Akeel\McGill\Fall 2011\microP\MicroP_Shared\Lab2\lab2.uvproj
Project File Date:  11/08/2011

<h2>Output:</h2>
Build target 'Target 1'
assembling startup_stm32f10x_hd.s...
compiling stm32f10x_rcc.c...
compiling stm32f10x_i2c.c...
compiling stm32f10x_gpio.c...
compiling main.c...
configurations.h(3): warning:  #1-D: last line of file ends without a newline
main.c(105): warning:  #223-D: function "abs" declared implicitly
main.c(146): warning:  #111-D: statement is unreachable
compiling LSM303DLH.c...
compiling iNEMO_led.c...
compiling acc_lib.c...
compiling FIRFilter.c...
compiling configurations.c...
configurations.h(3): warning:  #1-D: last line of file ends without a newline
compiling misc.c...
compiling stm32f10x_tim.c...
compiling stm32f10x_exti.c...
linking...
Program Size: Code=23616 RO-data=784 RW-data=136 ZI-data=3312  
"lab2.axf" - 0 Error(s), 4 Warning(s).
