ARM Linker, 4.1 [Build 713] [Evaluation]

==============================================================================

Section Cross References

    startup_stm32f10x_hd.o(STACK) refers (Special) to heapauxi.o(.text) for __use_two_region_memory
    startup_stm32f10x_hd.o(HEAP) refers (Special) to heapauxi.o(.text) for __use_two_region_memory
    startup_stm32f10x_hd.o(RESET) refers (Special) to heapauxi.o(.text) for __use_two_region_memory
    startup_stm32f10x_hd.o(RESET) refers to startup_stm32f10x_hd.o(STACK) for __initial_sp
    startup_stm32f10x_hd.o(RESET) refers to startup_stm32f10x_hd.o(.text) for Reset_Handler
    startup_stm32f10x_hd.o(.text) refers (Special) to heapauxi.o(.text) for __use_two_region_memory
    startup_stm32f10x_hd.o(.text) refers to __main.o(!!!main) for __main
    startup_stm32f10x_hd.o(.text) refers to startup_stm32f10x_hd.o(HEAP) for Heap_Mem
    startup_stm32f10x_hd.o(.text) refers to startup_stm32f10x_hd.o(STACK) for Stack_Mem
    stm32f10x_rcc.o(.text) refers to stm32f10x_rcc.o(.data) for APBAHBPrescTable
    stm32f10x_i2c.o(.text) refers to stm32f10x_rcc.o(.text) for RCC_APB1PeriphResetCmd
    stm32f10x_gpio.o(.text) refers to stm32f10x_rcc.o(.text) for RCC_APB2PeriphResetCmd
    main.o(.text) refers to lsm303dlh.o(.text) for LSM303DLH_Acc_Read_Acc
    main.o(.text) refers to firfilter.o(.text) for process_filter
    main.o(.text) refers to fmul.o(x$fpl$fmul) for __aeabi_fmul
    main.o(.text) refers to faddsub_clz.o(x$fpl$fadd) for __aeabi_fadd
    main.o(.text) refers to f2d.o(x$fpl$f2d) for __aeabi_f2d
    main.o(.text) refers to dmul.o(x$fpl$dmul) for __aeabi_dmul
    main.o(.text) refers to sqrt.o(i.sqrt) for sqrt
    main.o(.text) refers to ddiv.o(x$fpl$ddiv) for __aeabi_ddiv
    main.o(.text) refers to acc_lib.o(.text) for arctan
    main.o(.text) refers to daddsub_clz.o(x$fpl$dsub) for __aeabi_dsub
    main.o(.text) refers to dflt_clz.o(x$fpl$dflt) for __aeabi_i2d
    main.o(.text) refers to main.o(.data) for acc_data
    main.o(.text) refers to main.o(.bss) for filt_data
    lsm303dlh.o(.text) refers to stm32f10x_rcc.o(.text) for RCC_APB1PeriphClockCmd
    lsm303dlh.o(.text) refers to stm32f10x_gpio.o(.text) for GPIO_Init
    lsm303dlh.o(.text) refers to stm32f10x_i2c.o(.text) for I2C_Init
    lsm303dlh.o(.text) refers to dflt_clz.o(x$fpl$dfltu) for __aeabi_ui2d
    lsm303dlh.o(.text) refers to dflt_clz.o(x$fpl$dflt) for __aeabi_i2d
    lsm303dlh.o(.text) refers to dmul.o(x$fpl$dmul) for __aeabi_dmul
    lsm303dlh.o(.text) refers to daddsub_clz.o(x$fpl$dadd) for __aeabi_dadd
    lsm303dlh.o(.text) refers to dfix.o(x$fpl$dfix) for __aeabi_d2iz
    inemo_led.o(.text) refers to stm32f10x_rcc.o(.text) for RCC_APB2PeriphClockCmd
    inemo_led.o(.text) refers to stm32f10x_gpio.o(.text) for GPIO_Init
    inemo_led.o(.text) refers to inemo_led.o(.constdata) for LED_CLK
    inemo_led.o(.text) refers to inemo_led.o(.data) for LED_PORT
    acc_lib.o(.text) refers to lsm303dlh.o(.text) for LSM303DLH_I2C_Init
    acc_lib.o(.text) refers to atan.o(i.atan) for atan
    acc_lib.o(.text) refers to dmul.o(x$fpl$dmul) for __aeabi_dmul
    acc_lib.o(.text) refers to dflt_clz.o(x$fpl$dflt) for __aeabi_i2d
    acc_lib.o(.text) refers to ddiv.o(x$fpl$ddiv) for __aeabi_ddiv
    acc_lib.o(.text) refers to daddsub_clz.o(x$fpl$dadd) for __aeabi_dadd
    acc_lib.o(.text) refers to dleqf.o(x$fpl$dleqf) for __aeabi_cdcmple
    acc_lib.o(.text) refers to daddsub_clz.o(x$fpl$dsub) for __aeabi_dsub
    acc_lib.o(.text) refers to dfix.o(x$fpl$dfix) for __aeabi_d2iz
    acc_lib.o(.text) refers to deqf.o(x$fpl$deqf) for __aeabi_cdcmpeq
    acc_lib.o(.text) refers to acc_lib.o(.data) for initialized
    acc_lib.o(.text) refers to acc_lib.o(.bss) for lut_2
    firfilter.o(.text) refers to fflt_clz.o(x$fpl$fflt) for __aeabi_i2f
    firfilter.o(.text) refers to fmul.o(x$fpl$fmul) for __aeabi_fmul
    firfilter.o(.text) refers to faddsub_clz.o(x$fpl$fadd) for __aeabi_fadd
    firfilter.o(.text) refers to firfilter.o(.data) for index_x
    firfilter.o(.text) refers to firfilter.o(.bss) for circBuffx
    __main.o(!!!main) refers to rtentry.o(.ARM.Collect$$rtentry$$00000000) for __rt_entry
    daddsub_clz.o(x$fpl$dadd) refers (Special) to usenofp.o(x$fpl$usenofp) for __I$use$fp
    daddsub_clz.o(x$fpl$dadd) refers to daddsub_clz.o(x$fpl$dsub) for _dsub1
    daddsub_clz.o(x$fpl$dadd) refers to dretinf.o(x$fpl$dretinf) for __fpl_dretinf
    daddsub_clz.o(x$fpl$dadd) refers to dnaninf.o(x$fpl$dnaninf) for __fpl_dnaninf
    daddsub_clz.o(x$fpl$drsb) refers (Special) to usenofp.o(x$fpl$usenofp) for __I$use$fp
    daddsub_clz.o(x$fpl$drsb) refers to daddsub_clz.o(x$fpl$dadd) for _dadd1
    daddsub_clz.o(x$fpl$drsb) refers to daddsub_clz.o(x$fpl$dsub) for _dsub1
    daddsub_clz.o(x$fpl$dsub) refers (Special) to usenofp.o(x$fpl$usenofp) for __I$use$fp
    daddsub_clz.o(x$fpl$dsub) refers to daddsub_clz.o(x$fpl$dadd) for _dadd1
    daddsub_clz.o(x$fpl$dsub) refers to dnaninf.o(x$fpl$dnaninf) for __fpl_dnaninf
[...]
    faddsub_clz.o(x$fpl$fsub) refers to faddsub_clz.o(x$fpl$fadd) for _fadd1
    faddsub_clz.o(x$fpl$fsub) refers to fnaninf.o(x$fpl$fnaninf) for __fpl_fnaninf
    fflt_clz.o(x$fpl$ffltu) refers (Special) to usenofp.o(x$fpl$usenofp) for __I$use$fp
    fflt_clz.o(x$fpl$fflt) refers (Special) to usenofp.o(x$fpl$usenofp) for __I$use$fp
    fflt_clz.o(x$fpl$ffltn) refers (Special) to usenofp.o(x$fpl$usenofp) for __I$use$fp
    fmul.o(x$fpl$fmul) refers (Special) to usenofp.o(x$fpl$usenofp) for __I$use$fp
    fmul.o(x$fpl$fmul) refers to fretinf.o(x$fpl$fretinf) for __fpl_fretinf
    fmul.o(x$fpl$fmul) refers to fnaninf.o(x$fpl$fnaninf) for __fpl_fnaninf
    atan.o(i.__softfp_atan) refers (Special) to usenofp.o(x$fpl$usenofp) for __I$use$fp
    atan.o(i.__softfp_atan) refers to atan.o(i.atan) for atan
    atan.o(i.atan) refers (Special) to usenofp.o(x$fpl$usenofp) for __I$use$fp
    atan.o(i.atan) refers to scalbn.o(x$fpl$scalbn) for __ARM_scalbn
    atan.o(i.atan) refers to fpclassify.o(i.__ARM_fpclassify) for __ARM_fpclassify
    atan.o(i.atan) refers to dunder.o(i.__mathlib_dbl_underflow) for __mathlib_dbl_underflow
    atan.o(i.atan) refers to daddsub_clz.o(x$fpl$dadd) for __aeabi_dadd
    atan.o(i.atan) refers to daddsub_clz.o(x$fpl$dsub) for __aeabi_dsub
    atan.o(i.atan) refers to ddiv.o(x$fpl$ddiv) for __aeabi_ddiv
    atan.o(i.atan) refers to dmul.o(x$fpl$dmul) for __aeabi_dmul
    atan.o(i.atan) refers to poly.o(i.__kernel_poly) for __kernel_poly
    atan.o(i.atan) refers to daddsub_clz.o(x$fpl$drsb) for __aeabi_drsub
    atan.o(i.atan) refers to atan.o(.constdata) for .constdata
    atan.o(.constdata) refers (Special) to usenofp.o(x$fpl$usenofp) for __I$use$fp
    atan_x.o(i.____softfp_atan$lsc) refers (Special) to usenofp.o(x$fpl$usenofp) for __I$use$fp
    atan_x.o(i.____softfp_atan$lsc) refers to atan_x.o(i.__atan$lsc) for __atan$lsc
    atan_x.o(i.__atan$lsc) refers (Special) to usenofp.o(x$fpl$usenofp) for __I$use$fp
    atan_x.o(i.__atan$lsc) refers to scalbn.o(x$fpl$scalbn) for __ARM_scalbn
    atan_x.o(i.__atan$lsc) refers to daddsub_clz.o(x$fpl$dadd) for __aeabi_dadd
    atan_x.o(i.__atan$lsc) refers to daddsub_clz.o(x$fpl$dsub) for __aeabi_dsub
    atan_x.o(i.__atan$lsc) refers to ddiv.o(x$fpl$ddiv) for __aeabi_ddiv
    atan_x.o(i.__atan$lsc) refers to dmul.o(x$fpl$dmul) for __aeabi_dmul
    atan_x.o(i.__atan$lsc) refers to poly.o(i.__kernel_poly) for __kernel_poly
    atan_x.o(i.__atan$lsc) refers to daddsub_clz.o(x$fpl$drsb) for __aeabi_drsub
    atan_x.o(i.__atan$lsc) refers to atan_x.o(.constdata) for .constdata
    atan_x.o(.constdata) refers (Special) to usenofp.o(x$fpl$usenofp) for __I$use$fp
    sqrt.o(i.__softfp_sqrt) refers (Special) to usenofp.o(x$fpl$usenofp) for __I$use$fp
    sqrt.o(i.__softfp_sqrt) refers to dsqrt_noumaal.o(x$fpl$dsqrt) for _dsqrt
    sqrt.o(i.__softfp_sqrt) refers to _rserrno.o(.text) for __set_errno
    sqrt.o(i.sqrt) refers (Special) to usenofp.o(x$fpl$usenofp) for __I$use$fp
    sqrt.o(i.sqrt) refers to dsqrt_noumaal.o(x$fpl$dsqrt) for _dsqrt
    sqrt.o(i.sqrt) refers to _rserrno.o(.text) for __set_errno
    sqrt_x.o(i.____softfp_sqrt$lsc) refers (Special) to usenofp.o(x$fpl$usenofp) for __I$use$fp
    sqrt_x.o(i.____softfp_sqrt$lsc) refers to dleqf.o(x$fpl$dleqf) for __aeabi_cdcmple
    sqrt_x.o(i.____softfp_sqrt$lsc) refers to _rserrno.o(.text) for __set_errno
    sqrt_x.o(i.____softfp_sqrt$lsc) refers to dsqrt_noumaal.o(x$fpl$dsqrt) for _dsqrt
    sqrt_x.o(i.__sqrt$lsc) refers (Special) to usenofp.o(x$fpl$usenofp) for __I$use$fp
    sqrt_x.o(i.__sqrt$lsc) refers to dleqf.o(x$fpl$dleqf) for __aeabi_cdcmple
    sqrt_x.o(i.__sqrt$lsc) refers to _rserrno.o(.text) for __set_errno
    sqrt_x.o(i.__sqrt$lsc) refers to dsqrt_noumaal.o(x$fpl$dsqrt) for _dsqrt
    rtentry.o(.ARM.Collect$$rtentry$$00000000) refers (Special) to rtentry2.o(.ARM.Collect$$rtentry$$0000000A) for __rt_entry_li
    rtentry.o(.ARM.Collect$$rtentry$$00000000) refers (Special) to rtentry2.o(.ARM.Collect$$rtentry$$0000000D) for __rt_entry_main
    rtentry.o(.ARM.Collect$$rtentry$$00000000) refers (Special) to rtentry2.o(.ARM.Collect$$rtentry$$0000000C) for __rt_entry_postli_1
    rtentry.o(.ARM.Collect$$rtentry$$00000000) refers (Special) to rtentry2.o(.ARM.Collect$$rtentry$$00000009) for __rt_entry_postsh_1
    rtentry.o(.ARM.Collect$$rtentry$$00000000) refers (Special) to rtentry2.o(.ARM.Collect$$rtentry$$00000002) for __rt_entry_presh_1
    rtentry.o(.ARM.Collect$$rtentry$$00000000) refers (Special) to rtentry4.o(.ARM.Collect$$rtentry$$00000004) for __rt_entry_sh
    rtentry.o(.ARM.exidx) refers (Special) to rtentry2.o(.ARM.Collect$$rtentry$$0000000A) for __rt_entry_li
    rtentry.o(.ARM.exidx) refers (Special) to rtentry2.o(.ARM.Collect$$rtentry$$0000000D) for __rt_entry_main
    rtentry.o(.ARM.exidx) refers (Special) to rtentry2.o(.ARM.Collect$$rtentry$$0000000C) for __rt_entry_postli_1
    rtentry.o(.ARM.exidx) refers (Special) to rtentry2.o(.ARM.Collect$$rtentry$$00000009) for __rt_entry_postsh_1
    rtentry.o(.ARM.exidx) refers (Special) to rtentry2.o(.ARM.Collect$$rtentry$$00000002) for __rt_entry_presh_1
    rtentry.o(.ARM.exidx) refers (Special) to rtentry4.o(.ARM.Collect$$rtentry$$00000004) for __rt_entry_sh
    rtentry.o(.ARM.exidx) refers to rtentry.o(.ARM.Collect$$rtentry$$00000000) for .ARM.Collect$$rtentry$$00000000
    _rserrno.o(.text) refers to rt_errno_addr_intlibspace.o(.text) for __aeabi_errno_addr
    dcmpi.o(x$fpl$dcmpinf) refers (Special) to usenofp.o(x$fpl$usenofp) for __I$use$fp
    dnaninf.o(x$fpl$dnaninf) refers (Special) to usenofp.o(x$fpl$usenofp) for __I$use$fp
    dretinf.o(x$fpl$dretinf) refers (Special) to usenofp.o(x$fpl$usenofp) for __I$use$fp
    dsqrt_noumaal.o(x$fpl$dsqrt) refers (Special) to usenofp.o(x$fpl$usenofp) for __I$use$fp
    dsqrt_noumaal.o(x$fpl$dsqrt) refers to dnaninf.o(x$fpl$dnaninf) for __fpl_dnaninf
    fnaninf.o(x$fpl$fnaninf) refers (Special) to usenofp.o(x$fpl$usenofp) for __I$use$fp
    fretinf.o(x$fpl$fretinf) refers (Special) to usenofp.o(x$fpl$usenofp) for __I$use$fp
    scalbn.o(x$fpl$scalbn) refers (Special) to usenofp.o(x$fpl$usenofp) for __I$use$fp
    scalbn.o(x$fpl$scalbn) refers to dcheck1.o(x$fpl$dcheck1) for __fpl_dcheck_NaN1
    dunder.o(i.__mathlib_dbl_underflow) refers to scalbn.o(x$fpl$scalbn) for __ARM_scalbn
    fpclassify.o(i.__ARM_fpclassify) refers (Special) to usenofp.o(x$fpl$usenofp) for __I$use$fp
    poly.o(i.__kernel_poly) refers (Special) to usenofp.o(x$fpl$usenofp) for __I$use$fp
    poly.o(i.__kernel_poly) refers to dmul.o(x$fpl$dmul) for __aeabi_dmul
    poly.o(i.__kernel_poly) refers to daddsub_clz.o(x$fpl$dadd) for __aeabi_dadd
    rtentry2.o(.ARM.Collect$$rtentry$$00000008) refers to boardinit2.o(.text) for _platform_post_stackheap_init
    rtentry2.o(.ARM.Collect$$rtentry$$0000000A) refers to libinit.o(.ARM.Collect$$libinit$$00000000) for __rt_lib_init
    rtentry2.o(.ARM.Collect$$rtentry$$0000000B) refers to boardinit3.o(.text) for _platform_post_lib_init
    rtentry2.o(.ARM.Collect$$rtentry$$0000000D) refers to main.o(.text) for main
    rtentry2.o(.ARM.Collect$$rtentry$$0000000D) refers to exit.o(.text) for exit
    rtentry2.o(.ARM.exidx) refers to rtentry2.o(.ARM.Collect$$rtentry$$00000001) for .ARM.Collect$$rtentry$$00000001
    rtentry2.o(.ARM.exidx) refers to rtentry2.o(.ARM.Collect$$rtentry$$00000002) for .ARM.Collect$$rtentry$$00000002
    rtentry2.o(.ARM.exidx) refers to rtentry2.o(.ARM.Collect$$rtentry$$00000008) for .ARM.Collect$$rtentry$$00000008
    rtentry2.o(.ARM.exidx) refers to rtentry2.o(.ARM.Collect$$rtentry$$00000009) for .ARM.Collect$$rtentry$$00000009
    rtentry2.o(.ARM.exidx) refers to rtentry2.o(.ARM.Collect$$rtentry$$0000000A) for .ARM.Collect$$rtentry$$0000000A
    rtentry2.o(.ARM.exidx) refers to rtentry2.o(.ARM.Collect$$rtentry$$0000000B) for .ARM.Collect$$rtentry$$0000000B
    rtentry2.o(.ARM.exidx) refers to rtentry2.o(.ARM.Collect$$rtentry$$0000000C) for .ARM.Collect$$rtentry$$0000000C
    rtentry2.o(.ARM.exidx) refers to rtentry2.o(.ARM.Collect$$rtentry$$0000000D) for .ARM.Collect$$rtentry$$0000000D
    rtentry4.o(.ARM.Collect$$rtentry$$00000004) refers to sys_stackheap_outer.o(.text) for __user_setup_stackheap
    rtentry4.o(.ARM.exidx) refers to rtentry4.o(.ARM.Collect$$rtentry$$00000004) for .ARM.Collect$$rtentry$$00000004
    rt_errno_addr.o(.text) refers to rt_errno_addr.o(.bss) for __aeabi_errno_addr_data
    rt_errno_addr_intlibspace.o(.text) refers to libspace.o(.bss) for __libspace_start
    dcheck1.o(x$fpl$dcheck1) refers (Special) to usenofp.o(x$fpl$usenofp) for __I$use$fp
    dcheck1.o(x$fpl$dcheck1) refers to retnan.o(x$fpl$retnan) for __fpl_return_NaN
    libspace.o(.text) refers to libspace.o(.bss) for __libspace_start
    sys_stackheap_outer.o(.text) refers to libspace.o(.text) for __user_perproc_libspace
    sys_stackheap_outer.o(.text) refers to startup_stm32f10x_hd.o(.text) for __user_initial_stackheap
    exit.o(.text) refers to rtexit.o(.ARM.Collect$$rtexit$$00000000) for __rt_exit
    libinit.o(.ARM.Collect$$libinit$$00000000) refers (Special) to libinit2.o(.ARM.Collect$$libinit$$0000002A) for __rt_lib_init_alloca_1
    libinit.o(.ARM.Collect$$libinit$$00000000) refers (Special) to libinit2.o(.ARM.Collect$$libinit$$00000028) for __rt_lib_init_argv_1
    libinit.o(.ARM.Collect$$libinit$$00000000) refers (Special) to libinit2.o(.ARM.Collect$$libinit$$00000017) for __rt_lib_init_atexit_1
    libinit.o(.ARM.Collect$$libinit$$00000000) refers (Special) to libinit2.o(.ARM.Collect$$libinit$$0000001D) for __rt_lib_init_clock_1
    libinit.o(.ARM.Collect$$libinit$$00000000) refers (Special) to libinit2.o(.ARM.Collect$$libinit$$0000002E) for __rt_lib_init_cpp_1
    libinit.o(.ARM.Collect$$libinit$$00000000) refers (Special) to libinit2.o(.ARM.Collect$$libinit$$0000002C) for __rt_lib_init_exceptions_1
    libinit.o(.ARM.Collect$$libinit$$00000000) refers (Special) to libinit2.o(.ARM.Collect$$libinit$$0000001B) for __rt_lib_init_fp_trap_1
    libinit.o(.ARM.Collect$$libinit$$00000000) refers (Special) to libinit2.o(.ARM.Collect$$libinit$$0000001F) for __rt_lib_init_getenv_1
    libinit.o(.ARM.Collect$$libinit$$00000000) refers (Special) to libinit2.o(.ARM.Collect$$libinit$$00000006) for __rt_lib_init_heap_1
    libinit.o(.ARM.Collect$$libinit$$00000000) refers (Special) to libinit2.o(.ARM.Collect$$libinit$$0000000D) for __rt_lib_init_lc_collate_1
    libinit.o(.ARM.Collect$$libinit$$00000000) refers (Special) to libinit2.o(.ARM.Collect$$libinit$$0000000F) for __rt_lib_init_lc_ctype_1
    libinit.o(.ARM.Collect$$libinit$$00000000) refers (Special) to libinit2.o(.ARM.Collect$$libinit$$00000011) for __rt_lib_init_lc_monetary_1
    libinit.o(.ARM.Collect$$libinit$$00000000) refers (Special) to libinit2.o(.ARM.Collect$$libinit$$00000013) for __rt_lib_init_lc_numeric_1
    libinit.o(.ARM.Collect$$libinit$$00000000) refers (Special) to libinit2.o(.ARM.Collect$$libinit$$00000015) for __rt_lib_init_lc_time_1
    libinit.o(.ARM.Collect$$libinit$$00000000) refers (Special) to libinit2.o(.ARM.Collect$$libinit$$0000000A) for __rt_lib_init_rand_1
    libinit.o(.ARM.Collect$$libinit$$00000000) refers (Special) to libinit2.o(.ARM.Collect$$libinit$$0000002F) for __rt_lib_init_return
    libinit.o(.ARM.Collect$$libinit$$00000000) refers (Special) to libinit2.o(.ARM.Collect$$libinit$$00000019) for __rt_lib_init_signal_1
    libinit.o(.ARM.Collect$$libinit$$00000000) refers (Special) to libinit2.o(.ARM.Collect$$libinit$$00000021) for __rt_lib_init_stdio_1
    libinit.o(.ARM.Collect$$libinit$$00000000) refers (Special) to libinit2.o(.ARM.Collect$$libinit$$00000008) for __rt_lib_init_user_alloc_1
    libinit.o(.ARM.Collect$$libinit$$00000000) refers to fpinit.o(x$fpl$fpinit) for _fp_init
    retnan.o(x$fpl$retnan) refers (Special) to usenofp.o(x$fpl$usenofp) for __I$use$fp
    retnan.o(x$fpl$retnan) refers to trapv.o(x$fpl$trapveneer) for __fpl_cmpreturn
    rtexit.o(.ARM.Collect$$rtexit$$00000000) refers (Special) to rtexit2.o(.ARM.Collect$$rtexit$$00000004) for __rt_exit_exit
    rtexit.o(.ARM.Collect$$rtexit$$00000000) refers (Special) to rtexit2.o(.ARM.Collect$$rtexit$$00000003) for __rt_exit_ls
    rtexit.o(.ARM.Collect$$rtexit$$00000000) refers (Special) to rtexit2.o(.ARM.Collect$$rtexit$$00000002) for __rt_exit_prels_1
    rtexit.o(.ARM.exidx) refers (Special) to rtexit2.o(.ARM.Collect$$rtexit$$00000004) for __rt_exit_exit
    rtexit.o(.ARM.exidx) refers (Special) to rtexit2.o(.ARM.Collect$$rtexit$$00000003) for __rt_exit_ls
    rtexit.o(.ARM.exidx) refers (Special) to rtexit2.o(.ARM.Collect$$rtexit$$00000002) for __rt_exit_prels_1
    rtexit.o(.ARM.exidx) refers to rtexit.o(.ARM.Collect$$rtexit$$00000000) for .ARM.Collect$$rtexit$$00000000
    libinit2.o(.ARM.Collect$$libinit$$0000000C) refers to libinit2.o(.ARM.Collect$$libinit$$0000000B) for .ARM.Collect$$libinit$$0000000B
    libinit2.o(.ARM.Collect$$libinit$$0000000E) refers to libinit2.o(.ARM.Collect$$libinit$$0000000B) for .ARM.Collect$$libinit$$0000000B
    libinit2.o(.ARM.Collect$$libinit$$00000010) refers to libinit2.o(.ARM.Collect$$libinit$$0000000B) for .ARM.Collect$$libinit$$0000000B
    libinit2.o(.ARM.Collect$$libinit$$00000012) refers to libinit2.o(.ARM.Collect$$libinit$$0000000B) for .ARM.Collect$$libinit$$0000000B
    libinit2.o(.ARM.Collect$$libinit$$00000014) refers to libinit2.o(.ARM.Collect$$libinit$$0000000B) for .ARM.Collect$$libinit$$0000000B
    libinit2.o(.ARM.Collect$$libinit$$00000022) refers to argv_veneer.o(.emb_text) for __ARM_argv_veneer
    libinit2.o(.ARM.Collect$$libinit$$00000023) refers to argv_veneer.o(.emb_text) for __ARM_argv_veneer
    fpinit.o(x$fpl$fpinit) refers to rt_fp_status_addr_intlibspace.o(.text) for __rt_fp_status_addr
    trapv.o(x$fpl$trapveneer) refers (Special) to usenofp.o(x$fpl$usenofp) for __I$use$fp
    rtexit2.o(.ARM.Collect$$rtexit$$00000003) refers to libshutdown.o(.ARM.Collect$$libshutdown$$00000000) for __rt_lib_shutdown
    rtexit2.o(.ARM.Collect$$rtexit$$00000004) refers to sys_exit.o(.text) for _sys_exit
    rtexit2.o(.ARM.exidx) refers to rtexit2.o(.ARM.Collect$$rtexit$$00000001) for .ARM.Collect$$rtexit$$00000001
    rtexit2.o(.ARM.exidx) refers to rtexit2.o(.ARM.Collect$$rtexit$$00000002) for .ARM.Collect$$rtexit$$00000002
    rtexit2.o(.ARM.exidx) refers to rtexit2.o(.ARM.Collect$$rtexit$$00000003) for .ARM.Collect$$rtexit$$00000003
    rtexit2.o(.ARM.exidx) refers to rtexit2.o(.ARM.Collect$$rtexit$$00000004) for .ARM.Collect$$rtexit$$00000004
    rt_fp_status_addr.o(.text) refers to rt_fp_status_addr.o(.bss) for __rt_fp_status_addr_data
    rt_fp_status_addr_intlibspace.o(.text) refers to libspace.o(.bss) for __libspace_start
    argv_veneer.o(.emb_text) refers to no_argv.o(.text) for __ARM_get_argv
    sys_exit.o(.text) refers (Special) to use_no_semi.o(.text) for __I$use$semihosting
    sys_exit.o(.text) refers (Special) to indicate_semi.o(.text) for __semihosting_library_function
    _get_argv_nomalloc.o(.text) refers (Special) to hrguard.o(.text) for __heap_region$guard
    _get_argv_nomalloc.o(.text) refers to defsig_rtmem_outer.o(.text) for __rt_SIGRTMEM
    _get_argv_nomalloc.o(.text) refers to sys_command.o(.text) for _sys_command_string
    libshutdown.o(.ARM.Collect$$libshutdown$$00000000) refers (Special) to libshutdown2.o(.ARM.Collect$$libshutdown$$00000006) for __rt_lib_shutdown_fp_trap_1
    libshutdown.o(.ARM.Collect$$libshutdown$$00000000) refers (Special) to libshutdown2.o(.ARM.Collect$$libshutdown$$0000000E) for __rt_lib_shutdown_heap_1
    libshutdown.o(.ARM.Collect$$libshutdown$$00000000) refers (Special) to libshutdown2.o(.ARM.Collect$$libshutdown$$0000000F) for __rt_lib_shutdown_return
    libshutdown.o(.ARM.Collect$$libshutdown$$00000000) refers (Special) to libshutdown2.o(.ARM.Collect$$libshutdown$$00000009) for __rt_lib_shutdown_signal_1
    libshutdown.o(.ARM.Collect$$libshutdown$$00000000) refers (Special) to libshutdown2.o(.ARM.Collect$$libshutdown$$00000003) for __rt_lib_shutdown_stdio_1
    libshutdown.o(.ARM.Collect$$libshutdown$$00000000) refers (Special) to libshutdown2.o(.ARM.Collect$$libshutdown$$0000000B) for __rt_lib_shutdown_user_alloc_1
    sys_command.o(.text) refers (Special) to use_no_semi.o(.text) for __I$use$semihosting
    sys_command.o(.text) refers (Special) to indicate_semi.o(.text) for __semihosting_library_function
    defsig_rtmem_outer.o(.text) refers to defsig_rtmem_inner.o(.text) for __rt_SIGRTMEM_inner
    defsig_rtmem_outer.o(.text) refers to defsig_exit.o(.text) for __sig_exit
    defsig_rtmem_formal.o(.text) refers to rt_raise.o(.text) for __rt_raise
    rt_raise.o(.text) refers to __raise.o(.text) for __raise
    rt_raise.o(.text) refers to sys_exit.o(.text) for _sys_exit
    defsig_exit.o(.text) refers to sys_exit.o(.text) for _sys_exit
    defsig_rtmem_inner.o(.text) refers to defsig_general.o(.text) for __default_signal_display
    __raise.o(.text) refers to defsig.o(CL$$defsig) for __default_signal_handler
    defsig_general.o(.text) refers to sys_wrch.o(.text) for _ttywrch
    sys_wrch.o(.text) refers (Special) to use_no_semi.o(.text) for __I$use$semihosting
    sys_wrch.o(.text) refers (Special) to indicate_semi.o(.text) for __semihosting_library_function
    defsig.o(CL$$defsig) refers to defsig_rtmem_inner.o(.text) for __rt_SIGRTMEM_inner
    defsig_abrt_inner.o(.text) refers to defsig_general.o(.text) for __default_signal_display
    defsig_fpe_inner.o(.text) refers to defsig_general.o(.text) for __default_signal_display
    defsig_rtred_inner.o(.text) refers to defsig_general.o(.text) for __default_signal_display
    defsig_stak_inner.o(.text) refers to defsig_general.o(.text) for __default_signal_display
    defsig_pvfn_inner.o(.text) refers to defsig_general.o(.text) for __default_signal_display
    defsig_cppl_inner.o(.text) refers to defsig_general.o(.text) for __default_signal_display
    defsig_segv_inner.o(.text) refers to defsig_general.o(.text) for __default_signal_display
    defsig_other.o(.text) refers to defsig_general.o(.text) for __default_signal_display


==============================================================================

Removing Unused input sections from the image.

    Removing stm32f10x_rcc.o(.emb_text), (8 bytes).
    Removing stm32f10x_i2c.o(.emb_text), (8 bytes).
    Removing stm32f10x_gpio.o(.emb_text), (8 bytes).
    Removing main.o(.emb_text), (8 bytes).
    Removing lsm303dlh.o(.emb_text), (8 bytes).
    Removing inemo_led.o(.emb_text), (8 bytes).
    Removing inemo_led.o(.text), (132 bytes).
    Removing inemo_led.o(.constdata), (8 bytes).
    Removing inemo_led.o(.data), (4 bytes).
    Removing acc_lib.o(.emb_text), (8 bytes).
    Removing firfilter.o(.emb_text), (8 bytes).

11 unused section(s) (total 208 bytes) removed from the image.

==============================================================================

Image Symbol Table

    Local Symbols

    Symbol Name                              Value     Ov Type        Size  Object(Section)

    ../../angel/boardlib.s                   0x00000000   Number         0  boardshut.o ABSOLUTE
    ../../angel/boardlib.s                   0x00000000   Number         0  boardinit1.o ABSOLUTE
    ../../angel/boardlib.s                   0x00000000   Number         0  boardinit3.o ABSOLUTE
    ../../angel/boardlib.s                   0x00000000   Number         0  boardinit2.o ABSOLUTE
    ../../angel/handlers.s                   0x00000000   Number         0  __scatter_copy.o ABSOLUTE
    ../../angel/handlers.s                   0x00000000   Number         0  __scatter_zi.o ABSOLUTE
    ../../angel/kernel.s                     0x00000000   Number         0  rtexit.o ABSOLUTE
    ../../angel/kernel.s                     0x00000000   Number         0  rtentry4.o ABSOLUTE
    ../../angel/kernel.s                     0x00000000   Number         0  rtentry2.o ABSOLUTE
    ../../angel/kernel.s                     0x00000000   Number         0  rtentry.o ABSOLUTE
    ../../angel/kernel.s                     0x00000000   Number         0  rtexit2.o ABSOLUTE
    ../../angel/rt.s                         0x00000000   Number         0  rt_errno_addr.o ABSOLUTE
    ../../angel/rt.s                         0x00000000   Number         0  rt_errno_addr_intlibspace.o ABSOLUTE
    ../../angel/rt.s                         0x00000000   Number         0  rt_fp_status_addr_intlibspace.o ABSOLUTE
    ../../angel/rt.s                         0x00000000   Number         0  rt_fp_status_addr.o ABSOLUTE
    ../../angel/rt.s                         0x00000000   Number         0  rt_raise.o ABSOLUTE
    ../../angel/scatter.s                    0x00000000   Number         0  __scatter.o ABSOLUTE
    ../../angel/startup.s                    0x00000000   Number         0  __main.o ABSOLUTE
    ../../angel/sys.s                        0x00000000   Number         0  libspace.o ABSOLUTE
    ../../angel/sys.s                        0x00000000   Number         0  sys_stackheap_outer.o ABSOLUTE
    ../../angel/sys.s                        0x00000000   Number         0  use_no_semi.o ABSOLUTE
    ../../angel/sys.s                        0x00000000   Number         0  indicate_semi.o ABSOLUTE
    ../../angel/sysapp.c                     0x00000000   Number         0  sys_command.o ABSOLUTE
    ../../angel/sysapp.c                     0x00000000   Number         0  sys_exit.o ABSOLUTE
    ../../angel/sysapp.c                     0x00000000   Number         0  sys_wrch.o ABSOLUTE
    ../../armsys.c                           0x00000000   Number         0  argv_veneer.o ABSOLUTE
    ../../armsys.c                           0x00000000   Number         0  _get_argv_nomalloc.o ABSOLUTE
    ../../armsys.c                           0x00000000   Number         0  no_argv.o ABSOLUTE
    ../../armsys.c                           0x00000000   Number         0  argv_veneer.o ABSOLUTE
    ../../atan.c                             0x00000000   Number         0  atan.o ABSOLUTE
    ../../atan.c                             0x00000000   Number         0  atan_x.o ABSOLUTE
    ../../daddsub.s                          0x00000000   Number         0  daddsub_clz.o ABSOLUTE
    ../../dcheck1.s                          0x00000000   Number         0  dcheck1.o ABSOLUTE
    ../../dcmpi.s                            0x00000000   Number         0  dcmpi.o ABSOLUTE
    ../../ddiv.s                             0x00000000   Number         0  ddiv.o ABSOLUTE
    ../../deqf.s                             0x00000000   Number         0  deqf.o ABSOLUTE
    ../../dfix.s                             0x00000000   Number         0  dfix.o ABSOLUTE
    ../../dflt.s                             0x00000000   Number         0  dflt_clz.o ABSOLUTE
    ../../dleqf.s                            0x00000000   Number         0  dleqf.o ABSOLUTE
    ../../dmul.s                             0x00000000   Number         0  dmul.o ABSOLUTE
    ../../dnaninf.s                          0x00000000   Number         0  dnaninf.o ABSOLUTE
    ../../dretinf.s                          0x00000000   Number         0  dretinf.o ABSOLUTE
    ../../dsqrt.s                            0x00000000   Number         0  dsqrt_noumaal.o ABSOLUTE
    ../../dunder.c                           0x00000000   Number         0  dunder.o ABSOLUTE
    ../../f2d.s                              0x00000000   Number         0  f2d.o ABSOLUTE
    ../../faddsub.s                          0x00000000   Number         0  faddsub_clz.o ABSOLUTE
    ../../fenv.c                             0x00000000   Number         0  _rserrno.o ABSOLUTE
    ../../fflt.s                             0x00000000   Number         0  fflt_clz.o ABSOLUTE
    ../../fmul.s                             0x00000000   Number         0  fmul.o ABSOLUTE
    ../../fnaninf.s                          0x00000000   Number         0  fnaninf.o ABSOLUTE
    ../../fpclassify.c                       0x00000000   Number         0  fpclassify.o ABSOLUTE
    ../../fpinit.s                           0x00000000   Number         0  fpinit.o ABSOLUTE
    ../../fretinf.s                          0x00000000   Number         0  fretinf.o ABSOLUTE
    ../../heapalloc.c                        0x00000000   Number         0  hrguard.o ABSOLUTE
    ../../heapaux.c                          0x00000000   Number         0  heapauxi.o ABSOLUTE
    ../../libinit.s                          0x00000000   Number         0  libshutdown.o ABSOLUTE
    ../../libinit.s                          0x00000000   Number         0  libinit2.o ABSOLUTE
    ../../libinit.s                          0x00000000   Number         0  libinit.o ABSOLUTE
    ../../libinit.s                          0x00000000   Number         0  libshutdown2.o ABSOLUTE
    ../../poly.c                             0x00000000   Number         0  poly.o ABSOLUTE
    ../../retnan.s                           0x00000000   Number         0  retnan.o ABSOLUTE
    ../../scalbn.s                           0x00000000   Number         0  scalbn.o ABSOLUTE
    ../../signal.c                           0x00000000   Number         0  defsig_rtmem_inner.o ABSOLUTE
    ../../signal.c                           0x00000000   Number         0  defsig_rtmem_formal.o ABSOLUTE
    ../../signal.c                           0x00000000   Number         0  defsig_cppl_inner.o ABSOLUTE
    ../../signal.c                           0x00000000   Number         0  defsig_exit.o ABSOLUTE
    ../../signal.c                           0x00000000   Number         0  defsig_abrt_inner.o ABSOLUTE
    ../../signal.c                           0x00000000   Number         0  defsig_general.o ABSOLUTE
    ../../signal.c                           0x00000000   Number         0  __raise.o ABSOLUTE
    ../../signal.c                           0x00000000   Number         0  defsig_fpe_inner.o ABSOLUTE
    ../../signal.c                           0x00000000   Number         0  defsig_rtmem_outer.o ABSOLUTE
    ../../signal.c                           0x00000000   Number         0  defsig_stak_inner.o ABSOLUTE
    ../../signal.c                           0x00000000   Number         0  defsig_other.o ABSOLUTE
    ../../signal.c                           0x00000000   Number         0  defsig_rtred_inner.o ABSOLUTE
    ../../signal.c                           0x00000000   Number         0  defsig_pvfn_inner.o ABSOLUTE
    ../../signal.c                           0x00000000   Number         0  defsig_segv_inner.o ABSOLUTE
    ../../signal.s                           0x00000000   Number         0  defsig.o ABSOLUTE
    ../../sqrt.c                             0x00000000   Number         0  sqrt_x.o ABSOLUTE
    ../../sqrt.c                             0x00000000   Number         0  sqrt.o ABSOLUTE
    ../../stdlib.c                           0x00000000   Number         0  exit.o ABSOLUTE
    ../../trapv.s                            0x00000000   Number         0  trapv.o ABSOLUTE
    ../../usenofp.s                          0x00000000   Number         0  usenofp.o ABSOLUTE
    FIRFilter.c                              0x00000000   Number         0  firfilter.o ABSOLUTE
    FIRFilter.c                              0x00000000   Number         0  firfilter.o ABSOLUTE
    LSM303DLH.c                              0x00000000   Number         0  lsm303dlh.o ABSOLUTE
    LSM303DLH.c                              0x00000000   Number         0  lsm303dlh.o ABSOLUTE
    acc_lib.c                                0x00000000   Number         0  acc_lib.o ABSOLUTE
    acc_lib.c                                0x00000000   Number         0  acc_lib.o ABSOLUTE
    dc.s                                     0x00000000   Number         0  dc.o ABSOLUTE
    iNEMO_led.c                              0x00000000   Number         0  inemo_led.o ABSOLUTE
    iNEMO_led.c                              0x00000000   Number         0  inemo_led.o ABSOLUTE
    main.c                                   0x00000000   Number         0  main.o ABSOLUTE
    main.c                                   0x00000000   Number         0  main.o ABSOLUTE
    startup_stm32f10x_hd.s                   0x00000000   Number         0  startup_stm32f10x_hd.o ABSOLUTE
    stm32f10x_gpio.c                         0x00000000   Number         0  stm32f10x_gpio.o ABSOLUTE
    stm32f10x_gpio.c                         0x00000000   Number         0  stm32f10x_gpio.o ABSOLUTE
    stm32f10x_i2c.c                          0x00000000   Number         0  stm32f10x_i2c.o ABSOLUTE
    stm32f10x_i2c.c                          0x00000000   Number         0  stm32f10x_i2c.o ABSOLUTE
    stm32f10x_rcc.c                          0x00000000   Number         0  stm32f10x_rcc.o ABSOLUTE
    stm32f10x_rcc.c                          0x00000000   Number         0  stm32f10x_rcc.o ABSOLUTE
    RESET                                    0x08000000   Section      304  startup_stm32f10x_hd.o(RESET)
    !!!main                                  0x08000130   Section        8  __main.o(!!!main)
    !!!scatter                               0x08000138   Section       52  __scatter.o(!!!scatter)
    !!handler_copy                           0x0800016c   Section       26  __scatter_copy.o(!!handler_copy)
    !!handler_zi                             0x08000188   Section       28  __scatter_zi.o(!!handler_zi)
    .ARM.Collect$$libinit$$00000000          0x080001a4   Section        6  libinit.o(.ARM.Collect$$libinit$$00000000)
    .ARM.Collect$$libinit$$00000006          0x080001aa   Section        0  libinit2.o(.ARM.Collect$$libinit$$00000006)
    .ARM.Collect$$libinit$$00000008          0x080001aa   Section        0  libinit2.o(.ARM.Collect$$libinit$$00000008)
    .ARM.Collect$$libinit$$0000000A          0x080001aa   Section        0  libinit2.o(.ARM.Collect$$libinit$$0000000A)
    .ARM.Collect$$libinit$$0000000D          0x080001aa   Section        0  libinit2.o(.ARM.Collect$$libinit$$0000000D)
    .ARM.Collect$$libinit$$0000000F          0x080001aa   Section        0  libinit2.o(.ARM.Collect$$libinit$$0000000F)
    .ARM.Collect$$libinit$$00000011          0x080001aa   Section        0  libinit2.o(.ARM.Collect$$libinit$$00000011)
    .ARM.Collect$$libinit$$00000013          0x080001aa   Section        0  libinit2.o(.ARM.Collect$$libinit$$00000013)
    .ARM.Collect$$libinit$$00000015          0x080001aa   Section        0  libinit2.o(.ARM.Collect$$libinit$$00000015)
    .ARM.Collect$$libinit$$00000017          0x080001aa   Section        0  libinit2.o(.ARM.Collect$$libinit$$00000017)
    .ARM.Collect$$libinit$$00000019          0x080001aa   Section        0  libinit2.o(.ARM.Collect$$libinit$$00000019)
    .ARM.Collect$$libinit$$0000001B          0x080001aa   Section        0  libinit2.o(.ARM.Collect$$libinit$$0000001B)
    .ARM.Collect$$libinit$$0000001D          0x080001aa   Section        0  libinit2.o(.ARM.Collect$$libinit$$0000001D)
    .ARM.Collect$$libinit$$0000001F          0x080001aa   Section        0  libinit2.o(.ARM.Collect$$libinit$$0000001F)
    .ARM.Collect$$libinit$$00000021          0x080001aa   Section        0  libinit2.o(.ARM.Collect$$libinit$$00000021)
    .ARM.Collect$$libinit$$00000028          0x080001aa   Section        0  libinit2.o(.ARM.Collect$$libinit$$00000028)
    .ARM.Collect$$libinit$$0000002A          0x080001aa   Section        0  libinit2.o(.ARM.Collect$$libinit$$0000002A)
    .ARM.Collect$$libinit$$0000002C          0x080001aa   Section        0  libinit2.o(.ARM.Collect$$libinit$$0000002C)
    .ARM.Collect$$libinit$$0000002E          0x080001aa   Section        0  libinit2.o(.ARM.Collect$$libinit$$0000002E)
    .ARM.Collect$$libinit$$0000002F          0x080001aa   Section        2  libinit2.o(.ARM.Collect$$libinit$$0000002F)
    .ARM.Collect$$libshutdown$$00000000      0x080001ac   Section        2  libshutdown.o(.ARM.Collect$$libshutdown$$00000000)
    .ARM.Collect$$libshutdown$$00000003      0x080001ae   Section        0  libshutdown2.o(.ARM.Collect$$libshutdown$$00000003)
    .ARM.Collect$$libshutdown$$00000006      0x080001ae   Section        0  libshutdown2.o(.ARM.Collect$$libshutdown$$00000006)
    .ARM.Collect$$libshutdown$$00000009      0x080001ae   Section        0  libshutdown2.o(.ARM.Collect$$libshutdown$$00000009)
    .ARM.Collect$$libshutdown$$0000000B      0x080001ae   Section        0  libshutdown2.o(.ARM.Collect$$libshutdown$$0000000B)
    .ARM.Collect$$libshutdown$$0000000E      0x080001ae   Section        0  libshutdown2.o(.ARM.Collect$$libshutdown$$0000000E)
    .ARM.Collect$$libshutdown$$0000000F      0x080001ae   Section        2  libshutdown2.o(.ARM.Collect$$libshutdown$$0000000F)
    .ARM.Collect$$rtentry$$00000000          0x080001b0   Section        0  rtentry.o(.ARM.Collect$$rtentry$$00000000)
    .ARM.Collect$$rtentry$$00000002          0x080001b0   Section        0  rtentry2.o(.ARM.Collect$$rtentry$$00000002)
    .ARM.Collect$$rtentry$$00000004          0x080001b0   Section        6  rtentry4.o(.ARM.Collect$$rtentry$$00000004)
    .ARM.Collect$$rtentry$$00000009          0x080001b6   Section        0  rtentry2.o(.ARM.Collect$$rtentry$$00000009)
    .ARM.Collect$$rtentry$$0000000A          0x080001b6   Section        4  rtentry2.o(.ARM.Collect$$rtentry$$0000000A)
    .ARM.Collect$$rtentry$$0000000C          0x080001ba   Section        0  rtentry2.o(.ARM.Collect$$rtentry$$0000000C)
    .ARM.Collect$$rtentry$$0000000D          0x080001ba   Section        8  rtentry2.o(.ARM.Collect$$rtentry$$0000000D)
    .ARM.Collect$$rtexit$$00000000           0x080001c2   Section        2  rtexit.o(.ARM.Collect$$rtexit$$00000000)
    .ARM.Collect$$rtexit$$00000002           0x080001c4   Section        0  rtexit2.o(.ARM.Collect$$rtexit$$00000002)
    .ARM.Collect$$rtexit$$00000003           0x080001c4   Section        4  rtexit2.o(.ARM.Collect$$rtexit$$00000003)
    .ARM.Collect$$rtexit$$00000004           0x080001c8   Section        6  rtexit2.o(.ARM.Collect$$rtexit$$00000004)
    .text                                    0x080001d0   Section       56  startup_stm32f10x_hd.o(.text)
    .text                                    0x08000208   Section        0  stm32f10x_rcc.o(.text)
    .text                                    0x0800061c   Section        0  stm32f10x_i2c.o(.text)
    .text                                    0x08000a6c   Section        0  stm32f10x_gpio.o(.text)
    .text                                    0x08000e18   Section        0  main.o(.text)
    .text                                    0x08001048   Section        0  lsm303dlh.o(.text)
    .text                                    0x08001aa8   Section        0  acc_lib.o(.text)
    .text                                    0x08002958   Section        0  firfilter.o(.text)
    .text                                    0x08002ac4   Section        0  heapauxi.o(.text)
    .text                                    0x08002aca   Section        0  _rserrno.o(.text)
    .text                                    0x08002ae0   Section        8  rt_errno_addr_intlibspace.o(.text)
    .text                                    0x08002ae8   Section        8  libspace.o(.text)
    .text                                    0x08002af0   Section       74  sys_stackheap_outer.o(.text)
    .text                                    0x08002b3a   Section        0  exit.o(.text)
    .text                                    0x08002b48   Section        8  rt_fp_status_addr_intlibspace.o(.text)
    .text                                    0x08002b50   Section        0  sys_exit.o(.text)
    .text                                    0x08002b5c   Section        2  use_no_semi.o(.text)
    .text                                    0x08002b5e   Section        0  indicate_semi.o(.text)
    i.__ARM_fpclassify                       0x08002b5e   Section        0  fpclassify.o(i.__ARM_fpclassify)
    i.__kernel_poly                          0x08002b86   Section        0  poly.o(i.__kernel_poly)
    i.__mathlib_dbl_underflow                0x08002c30   Section        0  dunder.o(i.__mathlib_dbl_underflow)
    i.atan                                   0x08002c40   Section        0  atan.o(i.atan)
    i.sqrt                                   0x08002e64   Section        0  sqrt.o(i.sqrt)
    x$fpl$dadd                               0x08002eb0   Section      336  daddsub_clz.o(x$fpl$dadd)
    _dadd1                                   0x08002ec1   Thumb Code     0  daddsub_clz.o(x$fpl$dadd)
    x$fpl$dcheck1                            0x08003000   Section       16  dcheck1.o(x$fpl$dcheck1)
    x$fpl$dcmpinf                            0x08003010   Section       24  dcmpi.o(x$fpl$dcmpinf)
    x$fpl$ddiv                               0x08003028   Section      688  ddiv.o(x$fpl$ddiv)
    ddiv_entry                               0x0800302f   Thumb Code     0  ddiv.o(x$fpl$ddiv)
    x$fpl$deqf                               0x080032d8   Section      120  deqf.o(x$fpl$deqf)
    x$fpl$dfix                               0x08003350   Section       94  dfix.o(x$fpl$dfix)
    x$fpl$dflt                               0x080033ae   Section       46  dflt_clz.o(x$fpl$dflt)
    x$fpl$dfltu                              0x080033dc   Section       38  dflt_clz.o(x$fpl$dfltu)
    x$fpl$dleqf                              0x08003404   Section      120  dleqf.o(x$fpl$dleqf)
    x$fpl$dmul                               0x0800347c   Section      340  dmul.o(x$fpl$dmul)
    x$fpl$dnaninf                            0x080035d0   Section      156  dnaninf.o(x$fpl$dnaninf)
    x$fpl$dretinf                            0x0800366c   Section       12  dretinf.o(x$fpl$dretinf)
    x$fpl$drsb                               0x08003678   Section       22  daddsub_clz.o(x$fpl$drsb)
    x$fpl$dsqrt                              0x08003690   Section      460  dsqrt_noumaal.o(x$fpl$dsqrt)
    x$fpl$dsub                               0x0800385c   Section      468  daddsub_clz.o(x$fpl$dsub)
    _dsub1                                   0x0800386d   Thumb Code     0  daddsub_clz.o(x$fpl$dsub)
    x$fpl$f2d                                0x08003a30   Section       86  f2d.o(x$fpl$f2d)
    x$fpl$fadd                               0x08003a88   Section      196  faddsub_clz.o(x$fpl$fadd)
    _fadd1                                   0x08003a97   Thumb Code     0  faddsub_clz.o(x$fpl$fadd)
    x$fpl$fflt                               0x08003b4c   Section       48  fflt_clz.o(x$fpl$fflt)
    x$fpl$fmul                               0x08003b7c   Section      258  fmul.o(x$fpl$fmul)
    x$fpl$fnaninf                            0x08003c7e   Section      140  fnaninf.o(x$fpl$fnaninf)
    x$fpl$fpinit                             0x08003d0a   Section       14  fpinit.o(x$fpl$fpinit)
    x$fpl$fretinf                            0x08003d18   Section       10  fretinf.o(x$fpl$fretinf)
    x$fpl$fsub                               0x08003d24   Section      234  faddsub_clz.o(x$fpl$fsub)
    _fsub1                                   0x08003d33   Thumb Code     0  faddsub_clz.o(x$fpl$fsub)
    x$fpl$retnan                             0x08003e0e   Section      100  retnan.o(x$fpl$retnan)
    x$fpl$scalbn                             0x08003e72   Section       96  scalbn.o(x$fpl$scalbn)
    x$fpl$trapveneer                         0x08003ed2   Section       48  trapv.o(x$fpl$trapveneer)
    x$fpl$usenofp                            0x08003f02   Section        0  usenofp.o(x$fpl$usenofp)
    .constdata                               0x08003f08   Section      152  atan.o(.constdata)
    atanhi                                   0x08003f08   Data          32  atan.o(.constdata)
    atanlo                                   0x08003f28   Data          32  atan.o(.constdata)
    aTodd                                    0x08003f48   Data          40  atan.o(.constdata)
    aTeven                                   0x08003f70   Data          48  atan.o(.constdata)
    .data                                    0x20000000   Section       20  stm32f10x_rcc.o(.data)
    APBAHBPrescTable                         0x20000000   Data          16  stm32f10x_rcc.o(.data)
    ADCPrescTable                            0x20000010   Data           4  stm32f10x_rcc.o(.data)
    .data                                    0x20000018   Section       56  main.o(.data)
    a_calib                                  0x20000018   Data           8  main.o(.data)
    b_calib                                  0x20000020   Data           8  main.o(.data)
    .data                                    0x20000050   Section        4  acc_lib.o(.data)
    initialized                              0x20000050   Data           4  acc_lib.o(.data)
    .data                                    0x20000054   Section       32  firfilter.o(.data)
    .bss                                     0x20000074   Section       12  main.o(.bss)
    .bss                                     0x20000080   Section     1600  acc_lib.o(.bss)
    lut_1                                    0x20000080   Data         800  acc_lib.o(.bss)
    lut_2                                    0x200003a0   Data         800  acc_lib.o(.bss)
    .bss                                     0x200006c0   Section       60  firfilter.o(.bss)
    .bss                                     0x200006fc   Section       96  libspace.o(.bss)
    HEAP                                     0x20000760   Section      512  startup_stm32f10x_hd.o(HEAP)
    Heap_Mem                                 0x20000760   Data         512  startup_stm32f10x_hd.o(HEAP)
    STACK                                    0x20000960   Section     1024  startup_stm32f10x_hd.o(STACK)
    Stack_Mem                                0x20000960   Data        1024  startup_stm32f10x_hd.o(STACK)
    __initial_sp                             0x20000d60   Data           0  startup_stm32f10x_hd.o(STACK)

    Global Symbols

    Symbol Name                              Value     Ov Type        Size  Object(Section)

    BuildAttributes$$THM_ISAv4$P$D$K$B$S$PE$A:L22UL41UL21$X:L11$S22US41US21$IEEE1$IW$USESV6$~STKCKD$USESV7$~SHL$OTIME$ROPI$IEEEX$EBA8$UX$STANDARDLIB$REQ8$PRES8$EABIv2 0x00000000   Number         0  anon$$obj.o ABSOLUTE
    __ARM_use_no_argv                        0x00000000   Number         0  main.o ABSOLUTE
    __ARM_exceptions_init                     - Undefined Weak Reference
    __alloca_initialize                       - Undefined Weak Reference
    __cpp_initialize__aeabi_                  - Undefined Weak Reference
    __cxa_finalize                            - Undefined Weak Reference
    __fpl_infinity                            - Undefined Weak Reference
    __rt_locale                               - Undefined Weak Reference
    __sigvec_lookup                           - Undefined Weak Reference
    _atexit_init                              - Undefined Weak Reference
    _call_atexit_fns                          - Undefined Weak Reference
    _clock_init                               - Undefined Weak Reference
    _fp_trap_init                             - Undefined Weak Reference
    _fp_trap_shutdown                         - Undefined Weak Reference
    _get_lc_collate                           - Undefined Weak Reference
    _get_lc_ctype                             - Undefined Weak Reference
    _get_lc_monetary                          - Undefined Weak Reference
    _get_lc_numeric                           - Undefined Weak Reference
    _get_lc_time                              - Undefined Weak Reference
    _getenv_init                              - Undefined Weak Reference
    _handle_redirection                       - Undefined Weak Reference
    _init_alloc                               - Undefined Weak Reference
    _init_user_alloc                          - Undefined Weak Reference
    _initio                                   - Undefined Weak Reference
    _rand_init                                - Undefined Weak Reference
    _signal_finish                            - Undefined Weak Reference
    _signal_init                              - Undefined Weak Reference
    _terminate_alloc                          - Undefined Weak Reference
    _terminate_user_alloc                     - Undefined Weak Reference
    _terminateio                              - Undefined Weak Reference
    __Vectors_Size                           0x00000130   Number         0  startup_stm32f10x_hd.o ABSOLUTE
    __Vectors                                0x08000000   Data           4  startup_stm32f10x_hd.o(RESET)
    __Vectors_End                            0x08000130   Data           0  startup_stm32f10x_hd.o(RESET)
    __main                                   0x08000131   Thumb Code     8  __main.o(!!!main)
    __scatterload                            0x08000139   Thumb Code     0  __scatter.o(!!!scatter)
    __scatterload_rt2                        0x08000139   Thumb Code    44  __scatter.o(!!!scatter)
    __scatterload_rt2_thumb_only             0x08000139   Thumb Code     0  __scatter.o(!!!scatter)
    __scatterload_null                       0x08000147   Thumb Code     0  __scatter.o(!!!scatter)
    __scatterload_copy                       0x0800016d   Thumb Code    26  __scatter_copy.o(!!handler_copy)
    __scatterload_zeroinit                   0x08000189   Thumb Code    28  __scatter_zi.o(!!handler_zi)
    __rt_lib_init                            0x080001a5   Thumb Code     0  libinit.o(.ARM.Collect$$libinit$$00000000)
    __rt_lib_init_alloca_1                   0x080001ab   Thumb Code     0  libinit2.o(.ARM.Collect$$libinit$$0000002A)
    __rt_lib_init_argv_1                     0x080001ab   Thumb Code     0  libinit2.o(.ARM.Collect$$libinit$$00000028)
    __rt_lib_init_atexit_1                   0x080001ab   Thumb Code     0  libinit2.o(.ARM.Collect$$libinit$$00000017)
    __rt_lib_init_clock_1                    0x080001ab   Thumb Code     0  libinit2.o(.ARM.Collect$$libinit$$0000001D)
    __rt_lib_init_cpp_1                      0x080001ab   Thumb Code     0  libinit2.o(.ARM.Collect$$libinit$$0000002E)
    __rt_lib_init_exceptions_1               0x080001ab   Thumb Code     0  libinit2.o(.ARM.Collect$$libinit$$0000002C)
    __rt_lib_init_fp_trap_1                  0x080001ab   Thumb Code     0  libinit2.o(.ARM.Collect$$libinit$$0000001B)
    __rt_lib_init_getenv_1                   0x080001ab   Thumb Code     0  libinit2.o(.ARM.Collect$$libinit$$0000001F)
    __rt_lib_init_heap_1                     0x080001ab   Thumb Code     0  libinit2.o(.ARM.Collect$$libinit$$00000006)
    __rt_lib_init_lc_collate_1               0x080001ab   Thumb Code     0  libinit2.o(.ARM.Collect$$libinit$$0000000D)
    __rt_lib_init_lc_ctype_1                 0x080001ab   Thumb Code     0  libinit2.o(.ARM.Collect$$libinit$$0000000F)
    __rt_lib_init_lc_monetary_1              0x080001ab   Thumb Code     0  libinit2.o(.ARM.Collect$$libinit$$00000011)
    __rt_lib_init_lc_numeric_1               0x080001ab   Thumb Code     0  libinit2.o(.ARM.Collect$$libinit$$00000013)
    __rt_lib_init_lc_time_1                  0x080001ab   Thumb Code     0  libinit2.o(.ARM.Collect$$libinit$$00000015)
    __rt_lib_init_rand_1                     0x080001ab   Thumb Code     0  libinit2.o(.ARM.Collect$$libinit$$0000000A)
    __rt_lib_init_return                     0x080001ab   Thumb Code     0  libinit2.o(.ARM.Collect$$libinit$$0000002F)
    __rt_lib_init_signal_1                   0x080001ab   Thumb Code     0  libinit2.o(.ARM.Collect$$libinit$$00000019)
    __rt_lib_init_stdio_1                    0x080001ab   Thumb Code     0  libinit2.o(.ARM.Collect$$libinit$$00000021)
    __rt_lib_init_user_alloc_1               0x080001ab   Thumb Code     0  libinit2.o(.ARM.Collect$$libinit$$00000008)
    __rt_lib_shutdown                        0x080001ad   Thumb Code     0  libshutdown.o(.ARM.Collect$$libshutdown$$00000000)
    __rt_lib_shutdown_fp_trap_1              0x080001af   Thumb Code     0  libshutdown2.o(.ARM.Collect$$libshutdown$$00000006)
    __rt_lib_shutdown_heap_1                 0x080001af   Thumb Code     0  libshutdown2.o(.ARM.Collect$$libshutdown$$0000000E)
    __rt_lib_shutdown_return                 0x080001af   Thumb Code     0  libshutdown2.o(.ARM.Collect$$libshutdown$$0000000F)
    __rt_lib_shutdown_signal_1               0x080001af   Thumb Code     0  libshutdown2.o(.ARM.Collect$$libshutdown$$00000009)
    __rt_lib_shutdown_stdio_1                0x080001af   Thumb Code     0  libshutdown2.o(.ARM.Collect$$libshutdown$$00000003)
    __rt_lib_shutdown_user_alloc_1           0x080001af   Thumb Code     0  libshutdown2.o(.ARM.Collect$$libshutdown$$0000000B)
    __rt_entry                               0x080001b1   Thumb Code     0  rtentry.o(.ARM.Collect$$rtentry$$00000000)
    __rt_entry_presh_1                       0x080001b1   Thumb Code     0  rtentry2.o(.ARM.Collect$$rtentry$$00000002)
    __rt_entry_sh                            0x080001b1   Thumb Code     0  rtentry4.o(.ARM.Collect$$rtentry$$00000004)
    __rt_entry_li                            0x080001b7   Thumb Code     0  rtentry2.o(.ARM.Collect$$rtentry$$0000000A)
    __rt_entry_postsh_1                      0x080001b7   Thumb Code     0  rtentry2.o(.ARM.Collect$$rtentry$$00000009)
    __rt_entry_main                          0x080001bb   Thumb Code     0  rtentry2.o(.ARM.Collect$$rtentry$$0000000D)
    __rt_entry_postli_1                      0x080001bb   Thumb Code     0  rtentry2.o(.ARM.Collect$$rtentry$$0000000C)
    __rt_exit                                0x080001c3   Thumb Code     0  rtexit.o(.ARM.Collect$$rtexit$$00000000)
    __rt_exit_ls                             0x080001c5   Thumb Code     0  rtexit2.o(.ARM.Collect$$rtexit$$00000003)
    __rt_exit_prels_1                        0x080001c5   Thumb Code     0  rtexit2.o(.ARM.Collect$$rtexit$$00000002)
    __rt_exit_exit                           0x080001c9   Thumb Code     0  rtexit2.o(.ARM.Collect$$rtexit$$00000004)
    Reset_Handler                            0x080001d1   Thumb Code     4  startup_stm32f10x_hd.o(.text)
    NMI_Handler                              0x080001d5   Thumb Code     2  startup_stm32f10x_hd.o(.text)
    HardFault_Handler                        0x080001d7   Thumb Code     2  startup_stm32f10x_hd.o(.text)
    MemManage_Handler                        0x080001d9   Thumb Code     2  startup_stm32f10x_hd.o(.text)
    BusFault_Handler                         0x080001db   Thumb Code     2  startup_stm32f10x_hd.o(.text)
    UsageFault_Handler                       0x080001dd   Thumb Code     2  startup_stm32f10x_hd.o(.text)
    SVC_Handler                              0x080001df   Thumb Code     2  startup_stm32f10x_hd.o(.text)
    DebugMon_Handler                         0x080001e1   Thumb Code     2  startup_stm32f10x_hd.o(.text)
    PendSV_Handler                           0x080001e3   Thumb Code     2  startup_stm32f10x_hd.o(.text)
    SysTick_Handler                          0x080001e5   Thumb Code     2  startup_stm32f10x_hd.o(.text)
    ADC1_2_IRQHandler                        0x080001e7   Thumb Code     0  startup_stm32f10x_hd.o(.text)
    ADC3_IRQHandler                          0x080001e7   Thumb Code     0  startup_stm32f10x_hd.o(.text)
    CAN1_RX1_IRQHandler                      0x080001e7   Thumb Code     0  startup_stm32f10x_hd.o(.text)
    CAN1_SCE_IRQHandler                      0x080001e7   Thumb Code     0  startup_stm32f10x_hd.o(.text)
    DMA1_Channel1_IRQHandler                 0x080001e7   Thumb Code     0  startup_stm32f10x_hd.o(.text)
    DMA1_Channel2_IRQHandler                 0x080001e7   Thumb Code     0  startup_stm32f10x_hd.o(.text)
    DMA1_Channel3_IRQHandler                 0x080001e7   Thumb Code     0  startup_stm32f10x_hd.o(.text)
    DMA1_Channel4_IRQHandler                 0x080001e7   Thumb Code     0  startup_stm32f10x_hd.o(.text)
    DMA1_Channel5_IRQHandler                 0x080001e7   Thumb Code     0  startup_stm32f10x_hd.o(.text)
    DMA1_Channel6_IRQHandler                 0x080001e7   Thumb Code     0  startup_stm32f10x_hd.o(.text)
    DMA1_Channel7_IRQHandler                 0x080001e7   Thumb Code     0  startup_stm32f10x_hd.o(.text)
    DMA2_Channel1_IRQHandler                 0x080001e7   Thumb Code     0  startup_stm32f10x_hd.o(.text)
    DMA2_Channel2_IRQHandler                 0x080001e7   Thumb Code     0  startup_stm32f10x_hd.o(.text)
    DMA2_Channel3_IRQHandler                 0x080001e7   Thumb Code     0  startup_stm32f10x_hd.o(.text)
    DMA2_Channel4_5_IRQHandler               0x080001e7   Thumb Code     0  startup_stm32f10x_hd.o(.text)
    EXTI0_IRQHandler                         0x080001e7   Thumb Code     0  startup_stm32f10x_hd.o(.text)
    EXTI15_10_IRQHandler                     0x080001e7   Thumb Code     0  startup_stm32f10x_hd.o(.text)
    EXTI1_IRQHandler                         0x080001e7   Thumb Code     0  startup_stm32f10x_hd.o(.text)
    EXTI2_IRQHandler                         0x080001e7   Thumb Code     0  startup_stm32f10x_hd.o(.text)
    EXTI3_IRQHandler                         0x080001e7   Thumb Code     0  startup_stm32f10x_hd.o(.text)
    EXTI4_IRQHandler                         0x080001e7   Thumb Code     0  startup_stm32f10x_hd.o(.text)
    EXTI9_5_IRQHandler                       0x080001e7   Thumb Code     0  startup_stm32f10x_hd.o(.text)
    FLASH_IRQHandler                         0x080001e7   Thumb Code     0  startup_stm32f10x_hd.o(.text)
    FSMC_IRQHandler                          0x080001e7   Thumb Code     0  startup_stm32f10x_hd.o(.text)
    I2C1_ER_IRQHandler                       0x080001e7   Thumb Code     0  startup_stm32f10x_hd.o(.text)
    I2C1_EV_IRQHandler                       0x080001e7   Thumb Code     0  startup_stm32f10x_hd.o(.text)
    I2C2_ER_IRQHandler                       0x080001e7   Thumb Code     0  startup_stm32f10x_hd.o(.text)
    I2C2_EV_IRQHandler                       0x080001e7   Thumb Code     0  startup_stm32f10x_hd.o(.text)
    PVD_IRQHandler                           0x080001e7   Thumb Code     0  startup_stm32f10x_hd.o(.text)
    RCC_IRQHandler                           0x080001e7   Thumb Code     0  startup_stm32f10x_hd.o(.text)
    RTCAlarm_IRQHandler                      0x080001e7   Thumb Code     0  startup_stm32f10x_hd.o(.text)
    RTC_IRQHandler                           0x080001e7   Thumb Code     0  startup_stm32f10x_hd.o(.text)
    SDIO_IRQHandler                          0x080001e7   Thumb Code     0  startup_stm32f10x_hd.o(.text)
    SPI1_IRQHandler                          0x080001e7   Thumb Code     0  startup_stm32f10x_hd.o(.text)
    SPI2_IRQHandler                          0x080001e7   Thumb Code     0  startup_stm32f10x_hd.o(.text)
    SPI3_IRQHandler                          0x080001e7   Thumb Code     0  startup_stm32f10x_hd.o(.text)
    TAMPER_IRQHandler                        0x080001e7   Thumb Code     0  startup_stm32f10x_hd.o(.text)
    TIM1_BRK_IRQHandler                      0x080001e7   Thumb Code     0  startup_stm32f10x_hd.o(.text)
    TIM1_CC_IRQHandler                       0x080001e7   Thumb Code     0  startup_stm32f10x_hd.o(.text)
    TIM1_TRG_COM_IRQHandler                  0x080001e7   Thumb Code     0  startup_stm32f10x_hd.o(.text)
    TIM1_UP_IRQHandler                       0x080001e7   Thumb Code     0  startup_stm32f10x_hd.o(.text)
    TIM2_IRQHandler                          0x080001e7   Thumb Code     0  startup_stm32f10x_hd.o(.text)
    TIM3_IRQHandler                          0x080001e7   Thumb Code     0  startup_stm32f10x_hd.o(.text)
    TIM4_IRQHandler                          0x080001e7   Thumb Code     0  startup_stm32f10x_hd.o(.text)
    TIM5_IRQHandler                          0x080001e7   Thumb Code     0  startup_stm32f10x_hd.o(.text)
    TIM6_IRQHandler                          0x080001e7   Thumb Code     0  startup_stm32f10x_hd.o(.text)
    TIM7_IRQHandler                          0x080001e7   Thumb Code     0  startup_stm32f10x_hd.o(.text)
    TIM8_BRK_IRQHandler                      0x080001e7   Thumb Code     0  startup_stm32f10x_hd.o(.text)
    TIM8_CC_IRQHandler                       0x080001e7   Thumb Code     0  startup_stm32f10x_hd.o(.text)
    TIM8_TRG_COM_IRQHandler                  0x080001e7   Thumb Code     0  startup_stm32f10x_hd.o(.text)
    TIM8_UP_IRQHandler                       0x080001e7   Thumb Code     0  startup_stm32f10x_hd.o(.text)
    UART4_IRQHandler                         0x080001e7   Thumb Code     0  startup_stm32f10x_hd.o(.text)
    UART5_IRQHandler                         0x080001e7   Thumb Code     0  startup_stm32f10x_hd.o(.text)
    USART1_IRQHandler                        0x080001e7   Thumb Code     0  startup_stm32f10x_hd.o(.text)
    USART2_IRQHandler                        0x080001e7   Thumb Code     0  startup_stm32f10x_hd.o(.text)
    USART3_IRQHandler                        0x080001e7   Thumb Code     0  startup_stm32f10x_hd.o(.text)
    USBWakeUp_IRQHandler                     0x080001e7   Thumb Code     0  startup_stm32f10x_hd.o(.text)
    USB_HP_CAN1_TX_IRQHandler                0x080001e7   Thumb Code     0  startup_stm32f10x_hd.o(.text)
    USB_LP_CAN1_RX0_IRQHandler               0x080001e7   Thumb Code     0  startup_stm32f10x_hd.o(.text)
    WWDG_IRQHandler                          0x080001e7   Thumb Code     0  startup_stm32f10x_hd.o(.text)
    __user_initial_stackheap                 0x080001e9   Thumb Code     0  startup_stm32f10x_hd.o(.text)
    RCC_DeInit                               0x08000209   Thumb Code    68  stm32f10x_rcc.o(.text)
    RCC_HSEConfig                            0x0800024d   Thumb Code    70  stm32f10x_rcc.o(.text)
    RCC_GetFlagStatus                        0x08000293   Thumb Code    68  stm32f10x_rcc.o(.text)
    RCC_WaitForHSEStartUp                    0x080002d7   Thumb Code    56  stm32f10x_rcc.o(.text)
    RCC_AdjustHSICalibrationValue            0x0800030f   Thumb Code    22  stm32f10x_rcc.o(.text)
    RCC_HSICmd                               0x08000325   Thumb Code     6  stm32f10x_rcc.o(.text)
    RCC_PLLConfig                            0x0800032b   Thumb Code    28  stm32f10x_rcc.o(.text)
    RCC_PLLCmd                               0x08000347   Thumb Code     6  stm32f10x_rcc.o(.text)
    RCC_SYSCLKConfig                         0x0800034d   Thumb Code    22  stm32f10x_rcc.o(.text)
    RCC_GetSYSCLKSource                      0x08000363   Thumb Code    10  stm32f10x_rcc.o(.text)
    RCC_HCLKConfig                           0x0800036d   Thumb Code    22  stm32f10x_rcc.o(.text)
    RCC_PCLK1Config                          0x08000383   Thumb Code    22  stm32f10x_rcc.o(.text)
    RCC_PCLK2Config                          0x08000399   Thumb Code    22  stm32f10x_rcc.o(.text)
    RCC_ITConfig                             0x080003af   Thumb Code    36  stm32f10x_rcc.o(.text)
    RCC_USBCLKConfig                         0x080003d3   Thumb Code     6  stm32f10x_rcc.o(.text)
    RCC_ADCCLKConfig                         0x080003d9   Thumb Code    22  stm32f10x_rcc.o(.text)
    RCC_LSEConfig                            0x080003ef   Thumb Code    50  stm32f10x_rcc.o(.text)
    RCC_LSICmd                               0x08000421   Thumb Code     6  stm32f10x_rcc.o(.text)
    RCC_RTCCLKConfig                         0x08000427   Thumb Code    14  stm32f10x_rcc.o(.text)
    RCC_RTCCLKCmd                            0x08000435   Thumb Code     6  stm32f10x_rcc.o(.text)
    RCC_GetClocksFreq                        0x0800043b   Thumb Code   216  stm32f10x_rcc.o(.text)
    RCC_AHBPeriphClockCmd                    0x08000513   Thumb Code    30  stm32f10x_rcc.o(.text)
    RCC_APB2PeriphClockCmd                   0x08000531   Thumb Code    30  stm32f10x_rcc.o(.text)
    RCC_APB1PeriphClockCmd                   0x0800054f   Thumb Code    30  stm32f10x_rcc.o(.text)
    RCC_APB2PeriphResetCmd                   0x0800056d   Thumb Code    30  stm32f10x_rcc.o(.text)
    RCC_APB1PeriphResetCmd                   0x0800058b   Thumb Code    30  stm32f10x_rcc.o(.text)
    RCC_BackupResetCmd                       0x080005a9   Thumb Code     6  stm32f10x_rcc.o(.text)
    RCC_ClockSecuritySystemCmd               0x080005af   Thumb Code     6  stm32f10x_rcc.o(.text)
    RCC_MCOConfig                            0x080005b5   Thumb Code     6  stm32f10x_rcc.o(.text)
    RCC_ClearFlag                            0x080005bb   Thumb Code    14  stm32f10x_rcc.o(.text)
    RCC_GetITStatus                          0x080005c9   Thumb Code    26  stm32f10x_rcc.o(.text)
    RCC_ClearITPendingBit                    0x080005e3   Thumb Code    58  stm32f10x_rcc.o(.text)
    I2C_DeInit                               0x0800061d   Thumb Code    50  stm32f10x_i2c.o(.text)
    I2C_Init                                 0x0800064f   Thumb Code   250  stm32f10x_i2c.o(.text)
    I2C_StructInit                           0x08000749   Thumb Code    34  stm32f10x_i2c.o(.text)
    I2C_Cmd                                  0x0800076b   Thumb Code    26  stm32f10x_i2c.o(.text)
    I2C_DMACmd                               0x08000785   Thumb Code    26  stm32f10x_i2c.o(.text)
    I2C_DMALastTransferCmd                   0x0800079f   Thumb Code    26  stm32f10x_i2c.o(.text)
    I2C_GenerateSTART                        0x080007b9   Thumb Code    26  stm32f10x_i2c.o(.text)
    I2C_GenerateSTOP                         0x080007d3   Thumb Code    26  stm32f10x_i2c.o(.text)
    I2C_AcknowledgeConfig                    0x080007ed   Thumb Code    26  stm32f10x_i2c.o(.text)
    I2C_OwnAddress2Config                    0x08000807   Thumb Code    28  stm32f10x_i2c.o(.text)
    I2C_DualAddressCmd                       0x08000823   Thumb Code    26  stm32f10x_i2c.o(.text)
    I2C_GeneralCallCmd                       0x0800083d   Thumb Code    26  stm32f10x_i2c.o(.text)
    I2C_ITConfig                             0x08000857   Thumb Code    30  stm32f10x_i2c.o(.text)
    I2C_SendData                             0x08000875   Thumb Code     4  stm32f10x_i2c.o(.text)
    I2C_ReceiveData                          0x08000879   Thumb Code     8  stm32f10x_i2c.o(.text)
    I2C_Send7bitAddress                      0x08000881   Thumb Code    20  stm32f10x_i2c.o(.text)
    I2C_ReadRegister                         0x08000895   Thumb Code    14  stm32f10x_i2c.o(.text)
    I2C_SoftwareResetCmd                     0x080008a3   Thumb Code    22  stm32f10x_i2c.o(.text)
    I2C_SMBusAlertConfig                     0x080008b9   Thumb Code    30  stm32f10x_i2c.o(.text)
    I2C_TransmitPEC                          0x080008d7   Thumb Code    26  stm32f10x_i2c.o(.text)
    I2C_PECPositionConfig                    0x080008f1   Thumb Code    30  stm32f10x_i2c.o(.text)
    I2C_CalculatePEC                         0x0800090f   Thumb Code    26  stm32f10x_i2c.o(.text)
    I2C_GetPEC                               0x08000929   Thumb Code    10  stm32f10x_i2c.o(.text)
    I2C_ARPCmd                               0x08000933   Thumb Code    26  stm32f10x_i2c.o(.text)
    I2C_StretchClockCmd                      0x0800094d   Thumb Code    26  stm32f10x_i2c.o(.text)
    I2C_FastModeDutyCycleConfig              0x08000967   Thumb Code    30  stm32f10x_i2c.o(.text)
    I2C_CheckEvent                           0x08000985   Thumb Code    50  stm32f10x_i2c.o(.text)
    I2C_GetLastEvent                         0x080009b7   Thumb Code    30  stm32f10x_i2c.o(.text)
    I2C_GetFlagStatus                        0x080009d5   Thumb Code    74  stm32f10x_i2c.o(.text)
    I2C_ClearFlag                            0x08000a1f   Thumb Code    16  stm32f10x_i2c.o(.text)
    I2C_GetITStatus                          0x08000a2f   Thumb Code    44  stm32f10x_i2c.o(.text)
    I2C_ClearITPendingBit                    0x08000a5b   Thumb Code    16  stm32f10x_i2c.o(.text)
    GPIO_DeInit                              0x08000a6d   Thumb Code   172  stm32f10x_gpio.o(.text)
    GPIO_AFIODeInit                          0x08000b19   Thumb Code    20  stm32f10x_gpio.o(.text)
    GPIO_Init                                0x08000b2d   Thumb Code   292  stm32f10x_gpio.o(.text)
    GPIO_StructInit                          0x08000c51   Thumb Code    20  stm32f10x_gpio.o(.text)
    GPIO_ReadInputDataBit                    0x08000c65   Thumb Code    24  stm32f10x_gpio.o(.text)
    GPIO_ReadInputData                       0x08000c7d   Thumb Code     8  stm32f10x_gpio.o(.text)
    GPIO_ReadOutputDataBit                   0x08000c85   Thumb Code    24  stm32f10x_gpio.o(.text)
    GPIO_ReadOutputData                      0x08000c9d   Thumb Code     8  stm32f10x_gpio.o(.text)
    GPIO_SetBits                             0x08000ca5   Thumb Code     4  stm32f10x_gpio.o(.text)
    GPIO_ResetBits                           0x08000ca9   Thumb Code     4  stm32f10x_gpio.o(.text)
    GPIO_WriteBit                            0x08000cad   Thumb Code    10  stm32f10x_gpio.o(.text)
    GPIO_Write                               0x08000cb7   Thumb Code     4  stm32f10x_gpio.o(.text)
    GPIO_PinLockConfig                       0x08000cbb   Thumb Code    20  stm32f10x_gpio.o(.text)
    GPIO_EventOutputConfig                   0x08000ccf   Thumb Code    32  stm32f10x_gpio.o(.text)
    GPIO_EventOutputCmd                      0x08000cef   Thumb Code     6  stm32f10x_gpio.o(.text)
    GPIO_PinRemapConfig                      0x08000cf5   Thumb Code   156  stm32f10x_gpio.o(.text)
    GPIO_EXTILineConfig                      0x08000d91   Thumb Code    84  stm32f10x_gpio.o(.text)
    GPIO_ETH_MediaInterfaceConfig            0x08000de5   Thumb Code     6  stm32f10x_gpio.o(.text)
    update_data                              0x08000e19   Thumb Code    10  main.o(.text)
    filter_data                              0x08000e23   Thumb Code    52  main.o(.text)
    calculate_angles                         0x08000e57   Thumb Code   408  main.o(.text)
    main                                     0x08000fef   Thumb Code    52  main.o(.text)
    LSM303DLH_I2C_Init                       0x08001049   Thumb Code   116  lsm303dlh.o(.text)
    LSM303DLH_I2C_ByteWrite                  0x080010bd   Thumb Code   114  lsm303dlh.o(.text)
    LSM303DLH_I2C_BufferRead                 0x0800112f   Thumb Code   222  lsm303dlh.o(.text)
    LSM303DLH_Acc_Config                     0x0800120d   Thumb Code    86  lsm303dlh.o(.text)
    LSM303DLH_Acc_Filter_Config              0x08001263   Thumb Code    74  lsm303dlh.o(.text)
    LSM303DLH_Acc_Lowpower_Cmd               0x080012ad   Thumb Code    58  lsm303dlh.o(.text)
    LSM303DLH_Acc_DataRate_Cmd               0x080012e7   Thumb Code    58  lsm303dlh.o(.text)
    LSM303DLH_Acc_FullScale_Cmd              0x08001321   Thumb Code    58  lsm303dlh.o(.text)
    LSM303DLH_Acc_Reboot_Cmd                 0x0800135b   Thumb Code    40  lsm303dlh.o(.text)
    LSM_Acc_Read_OutReg                      0x08001383   Thumb Code    24  lsm303dlh.o(.text)
    LSM303DLH_Acc_Read_RawData               0x0800139b   Thumb Code   238  lsm303dlh.o(.text)
    LSM303DLH_Acc_Read_Acc                   0x08001489   Thumb Code   532  lsm303dlh.o(.text)
    LSM303DLH_Magn_Config                    0x0800169d   Thumb Code    92  lsm303dlh.o(.text)
    LSM303DLH_Magn_ReadOut                   0x080016f9   Thumb Code    24  lsm303dlh.o(.text)
    LSM303DLH_Magn_Read_Magn                 0x08001711   Thumb Code   854  lsm303dlh.o(.text)
    LSM303DLH_Magn_Read_RawData              0x08001a67   Thumb Code    64  lsm303dlh.o(.text)
    AM_Configuration                         0x08001aa9   Thumb Code    66  acc_lib.o(.text)
    arctan_math                              0x08001aeb   Thumb Code    30  acc_lib.o(.text)
    init_lut                                 0x08001b09   Thumb Code   148  acc_lib.o(.text)
    arctan_lut                               0x08001b9d   Thumb Code   340  acc_lib.o(.text)
    arctan_if                                0x08001cf1   Thumb Code  2864  acc_lib.o(.text)
    arctan                                   0x08002821   Thumb Code    16  acc_lib.o(.text)
    process_filter                           0x08002959   Thumb Code   334  firfilter.o(.text)
    __use_two_region_memory                  0x08002ac5   Thumb Code     2  heapauxi.o(.text)
    __rt_heap_escrow$2region                 0x08002ac7   Thumb Code     2  heapauxi.o(.text)
    __rt_heap_expand$2region                 0x08002ac9   Thumb Code     2  heapauxi.o(.text)
    __read_errno                             0x08002acb   Thumb Code    10  _rserrno.o(.text)
    __set_errno                              0x08002ad5   Thumb Code    12  _rserrno.o(.text)
    __aeabi_errno_addr                       0x08002ae1   Thumb Code     8  rt_errno_addr_intlibspace.o(.text)
    __errno$intlibspace                      0x08002ae1   Thumb Code     0  rt_errno_addr_intlibspace.o(.text)
    __rt_errno_addr$intlibspace              0x08002ae1   Thumb Code     0  rt_errno_addr_intlibspace.o(.text)
    __user_libspace                          0x08002ae9   Thumb Code     8  libspace.o(.text)
    __user_perproc_libspace                  0x08002ae9   Thumb Code     0  libspace.o(.text)
    __user_perthread_libspace                0x08002ae9   Thumb Code     0  libspace.o(.text)
    __user_setup_stackheap                   0x08002af1   Thumb Code    74  sys_stackheap_outer.o(.text)
    exit                                     0x08002b3b   Thumb Code    12  exit.o(.text)
    __rt_fp_status_addr                      0x08002b49   Thumb Code     8  rt_fp_status_addr_intlibspace.o(.text)
    _sys_exit                                0x08002b51   Thumb Code     8  sys_exit.o(.text)
    __I$use$semihosting                      0x08002b5d   Thumb Code     0  use_no_semi.o(.text)
    __use_no_semihosting_swi                 0x08002b5d   Thumb Code     2  use_no_semi.o(.text)
    __ARM_fpclassify                         0x08002b5f   Thumb Code    40  fpclassify.o(i.__ARM_fpclassify)
    __semihosting_library_function           0x08002b5f   Thumb Code     0  indicate_semi.o(.text)
    __kernel_poly                            0x08002b87   Thumb Code   170  poly.o(i.__kernel_poly)
    __mathlib_dbl_underflow                  0x08002c31   Thumb Code    10  dunder.o(i.__mathlib_dbl_underflow)
    atan                                     0x08002c41   Thumb Code   480  atan.o(i.atan)
    sqrt                                     0x08002e65   Thumb Code    76  sqrt.o(i.sqrt)
    __aeabi_dadd                             0x08002eb1   Thumb Code     0  daddsub_clz.o(x$fpl$dadd)
    _dadd                                    0x08002eb1   Thumb Code   332  daddsub_clz.o(x$fpl$dadd)
    __fpl_dcheck_NaN1                        0x08003001   Thumb Code    10  dcheck1.o(x$fpl$dcheck1)
    __fpl_dcmp_Inf                           0x08003011   Thumb Code    24  dcmpi.o(x$fpl$dcmpinf)
    __aeabi_ddiv                             0x08003029   Thumb Code     0  ddiv.o(x$fpl$ddiv)
    _ddiv                                    0x08003029   Thumb Code   552  ddiv.o(x$fpl$ddiv)
    __aeabi_cdcmpeq                          0x080032d9   Thumb Code     0  deqf.o(x$fpl$deqf)
    _dcmpeq                                  0x080032d9   Thumb Code   120  deqf.o(x$fpl$deqf)
    __aeabi_d2iz                             0x08003351   Thumb Code     0  dfix.o(x$fpl$dfix)
    _dfix                                    0x08003351   Thumb Code    94  dfix.o(x$fpl$dfix)
    __aeabi_i2d                              0x080033af   Thumb Code     0  dflt_clz.o(x$fpl$dflt)
    _dflt                                    0x080033af   Thumb Code    46  dflt_clz.o(x$fpl$dflt)
    __aeabi_ui2d                             0x080033dd   Thumb Code     0  dflt_clz.o(x$fpl$dfltu)
    _dfltu                                   0x080033dd   Thumb Code    38  dflt_clz.o(x$fpl$dfltu)
    __aeabi_cdcmple                          0x08003405   Thumb Code     0  dleqf.o(x$fpl$dleqf)
    _dcmple                                  0x08003405   Thumb Code   120  dleqf.o(x$fpl$dleqf)
    __fpl_dcmple_InfNaN                      0x08003467   Thumb Code     0  dleqf.o(x$fpl$dleqf)
    __aeabi_dmul                             0x0800347d   Thumb Code     0  dmul.o(x$fpl$dmul)
    _dmul                                    0x0800347d   Thumb Code   332  dmul.o(x$fpl$dmul)
    __fpl_dnaninf                            0x080035d1   Thumb Code   156  dnaninf.o(x$fpl$dnaninf)
    __fpl_dretinf                            0x0800366d   Thumb Code    12  dretinf.o(x$fpl$dretinf)
    __aeabi_drsub                            0x08003679   Thumb Code     0  daddsub_clz.o(x$fpl$drsb)
    _drsb                                    0x08003679   Thumb Code    22  daddsub_clz.o(x$fpl$drsb)
    _dsqrt                                   0x08003691   Thumb Code   456  dsqrt_noumaal.o(x$fpl$dsqrt)
    __aeabi_dsub                             0x0800385d   Thumb Code     0  daddsub_clz.o(x$fpl$dsub)
    _dsub                                    0x0800385d   Thumb Code   464  daddsub_clz.o(x$fpl$dsub)
    __aeabi_f2d                              0x08003a31   Thumb Code     0  f2d.o(x$fpl$f2d)
    _f2d                                     0x08003a31   Thumb Code    86  f2d.o(x$fpl$f2d)
    __aeabi_fadd                             0x08003a89   Thumb Code     0  faddsub_clz.o(x$fpl$fadd)
    _fadd                                    0x08003a89   Thumb Code   196  faddsub_clz.o(x$fpl$fadd)
    __aeabi_i2f                              0x08003b4d   Thumb Code     0  fflt_clz.o(x$fpl$fflt)
    _fflt                                    0x08003b4d   Thumb Code    48  fflt_clz.o(x$fpl$fflt)
    __aeabi_fmul                             0x08003b7d   Thumb Code     0  fmul.o(x$fpl$fmul)
    _fmul                                    0x08003b7d   Thumb Code   258  fmul.o(x$fpl$fmul)
    __fpl_fnaninf                            0x08003c7f   Thumb Code   140  fnaninf.o(x$fpl$fnaninf)
    _fp_init                                 0x08003d0b   Thumb Code    14  fpinit.o(x$fpl$fpinit)
    __fplib_config_pureend_doubles           0x08003d17   Thumb Code     0  fpinit.o(x$fpl$fpinit)
    __fpl_fretinf                            0x08003d19   Thumb Code    10  fretinf.o(x$fpl$fretinf)
    __aeabi_fsub                             0x08003d25   Thumb Code     0  faddsub_clz.o(x$fpl$fsub)
    _fsub                                    0x08003d25   Thumb Code   234  faddsub_clz.o(x$fpl$fsub)
    __fpl_return_NaN                         0x08003e0f   Thumb Code   100  retnan.o(x$fpl$retnan)
    __ARM_scalbn                             0x08003e73   Thumb Code    96  scalbn.o(x$fpl$scalbn)
    __fpl_inf_scalbn                         0x08003ed1   Thumb Code     0  scalbn.o(x$fpl$scalbn)
    __fpl_cmpreturn                          0x08003ed3   Thumb Code    48  trapv.o(x$fpl$trapveneer)
    __I$use$fp                               0x08003f03   Thumb Code     0  usenofp.o(x$fpl$usenofp)
    Region$$Table$$Base                      0x08003fa0   Number         0  anon$$obj.o(Region$$Table)
    Region$$Table$$Limit                     0x08003fc0   Number         0  anon$$obj.o(Region$$Table)
    acc_data                                 0x20000028   Data           6  main.o(.data)
    alpha                                    0x20000030   Data           8  main.o(.data)
    beta                                     0x20000038   Data           8  main.o(.data)
    alpha_acc                                0x20000040   Data           8  main.o(.data)
    beta_acc                                 0x20000048   Data           8  main.o(.data)
    B                                        0x20000054   Data          20  firfilter.o(.data)
    index_x                                  0x20000068   Data           4  firfilter.o(.data)
    index_y                                  0x2000006c   Data           4  firfilter.o(.data)
    index_z                                  0x20000070   Data           4  firfilter.o(.data)
    filt_data                                0x20000074   Data          12  main.o(.bss)
    circBuffx                                0x200006c0   Data          20  firfilter.o(.bss)
    circBuffy                                0x200006d4   Data          20  firfilter.o(.bss)
    circBuffz                                0x200006e8   Data          20  firfilter.o(.bss)
    __libspace_start                         0x200006fc   Data          96  libspace.o(.bss)
    __temporary_stack_top$libspace           0x2000075c   Data           0  libspace.o(.bss)



==============================================================================

Memory Map of the image

  Image Entry point : 0x080001d1

  Load Region LR_1 (Base: 0x08000000, Size: 0x00004034, Max: 0xffffffff, ABSOLUTE)

    Execution Region ER_RO (Base: 0x08000000, Size: 0x00003fc0, Max: 0xffffffff, ABSOLUTE)

    Base Addr    Size         Type   Attr      Idx    E Section Name        Object

    0x08000000   0x00000130   Data   RO            3    RESET               startup_stm32f10x_hd.o
    0x08000130   0x00000008   Code   RO          217  * !!!main             c_w.l(__main.o)
    0x08000138   0x00000034   Code   RO          474    !!!scatter          c_w.l(__scatter.o)
    0x0800016c   0x0000001a   Code   RO          476    !!handler_copy      c_w.l(__scatter_copy.o)
    0x08000186   0x00000002   PAD
    0x08000188   0x0000001c   Code   RO          478    !!handler_zi        c_w.l(__scatter_zi.o)
    0x080001a4   0x00000006   Code   RO          342    .ARM.Collect$$libinit$$00000000  c_w.l(libinit.o)
    0x080001aa   0x00000000   Code   RO          349    .ARM.Collect$$libinit$$00000006  c_w.l(libinit2.o)
    0x080001aa   0x00000000   Code   RO          351    .ARM.Collect$$libinit$$00000008  c_w.l(libinit2.o)
    0x080001aa   0x00000000   Code   RO          353    .ARM.Collect$$libinit$$0000000A  c_w.l(libinit2.o)
    0x080001aa   0x00000000   Code   RO          356    .ARM.Collect$$libinit$$0000000D  c_w.l(libinit2.o)
    0x080001aa   0x00000000   Code   RO          358    .ARM.Collect$$libinit$$0000000F  c_w.l(libinit2.o)
    0x080001aa   0x00000000   Code   RO          360    .ARM.Collect$$libinit$$00000011  c_w.l(libinit2.o)
    0x080001aa   0x00000000   Code   RO          362    .ARM.Collect$$libinit$$00000013  c_w.l(libinit2.o)
    0x080001aa   0x00000000   Code   RO          364    .ARM.Collect$$libinit$$00000015  c_w.l(libinit2.o)
    0x080001aa   0x00000000   Code   RO          366    .ARM.Collect$$libinit$$00000017  c_w.l(libinit2.o)
    0x080001aa   0x00000000   Code   RO          368    .ARM.Collect$$libinit$$00000019  c_w.l(libinit2.o)
    0x080001aa   0x00000000   Code   RO          370    .ARM.Collect$$libinit$$0000001B  c_w.l(libinit2.o)
    0x080001aa   0x00000000   Code   RO          372    .ARM.Collect$$libinit$$0000001D  c_w.l(libinit2.o)
    0x080001aa   0x00000000   Code   RO          374    .ARM.Collect$$libinit$$0000001F  c_w.l(libinit2.o)
    0x080001aa   0x00000000   Code   RO          376    .ARM.Collect$$libinit$$00000021  c_w.l(libinit2.o)
    0x080001aa   0x00000000   Code   RO          380    .ARM.Collect$$libinit$$00000028  c_w.l(libinit2.o)
    0x080001aa   0x00000000   Code   RO          382    .ARM.Collect$$libinit$$0000002A  c_w.l(libinit2.o)
    0x080001aa   0x00000000   Code   RO          384    .ARM.Collect$$libinit$$0000002C  c_w.l(libinit2.o)
    0x080001aa   0x00000000   Code   RO          386    .ARM.Collect$$libinit$$0000002E  c_w.l(libinit2.o)
    0x080001aa   0x00000002   Code   RO          387    .ARM.Collect$$libinit$$0000002F  c_w.l(libinit2.o)
    0x080001ac   0x00000002   Code   RO          415    .ARM.Collect$$libshutdown$$00000000  c_w.l(libshutdown.o)
    0x080001ae   0x00000000   Code   RO          429    .ARM.Collect$$libshutdown$$00000003  c_w.l(libshutdown2.o)
    0x080001ae   0x00000000   Code   RO          432    .ARM.Collect$$libshutdown$$00000006  c_w.l(libshutdown2.o)
    0x080001ae   0x00000000   Code   RO          435    .ARM.Collect$$libshutdown$$00000009  c_w.l(libshutdown2.o)
    0x080001ae   0x00000000   Code   RO          437    .ARM.Collect$$libshutdown$$0000000B  c_w.l(libshutdown2.o)
    0x080001ae   0x00000000   Code   RO          440    .ARM.Collect$$libshutdown$$0000000E  c_w.l(libshutdown2.o)
    0x080001ae   0x00000002   Code   RO          441    .ARM.Collect$$libshutdown$$0000000F  c_w.l(libshutdown2.o)
    0x080001b0   0x00000000   Code   RO          279    .ARM.Collect$$rtentry$$00000000  c_w.l(rtentry.o)
    0x080001b0   0x00000000   Code   RO          305    .ARM.Collect$$rtentry$$00000002  c_w.l(rtentry2.o)
    0x080001b0   0x00000006   Code   RO          320    .ARM.Collect$$rtentry$$00000004  c_w.l(rtentry4.o)
    0x080001b6   0x00000000   Code   RO          307    .ARM.Collect$$rtentry$$00000009  c_w.l(rtentry2.o)
    0x080001b6   0x00000004   Code   RO          308    .ARM.Collect$$rtentry$$0000000A  c_w.l(rtentry2.o)
    0x080001ba   0x00000000   Code   RO          310    .ARM.Collect$$rtentry$$0000000C  c_w.l(rtentry2.o)
    0x080001ba   0x00000008   Code   RO          311    .ARM.Collect$$rtentry$$0000000D  c_w.l(rtentry2.o)
    0x080001c2   0x00000002   Code   RO          345    .ARM.Collect$$rtexit$$00000000  c_w.l(rtexit.o)
    0x080001c4   0x00000000   Code   RO          393    .ARM.Collect$$rtexit$$00000002  c_w.l(rtexit2.o)
    0x080001c4   0x00000004   Code   RO          394    .ARM.Collect$$rtexit$$00000003  c_w.l(rtexit2.o)
    0x080001c8   0x00000006   Code   RO          395    .ARM.Collect$$rtexit$$00000004  c_w.l(rtexit2.o)
    0x080001ce   0x00000002   PAD
    0x080001d0   0x00000038   Code   RO            4  * .text               startup_stm32f10x_hd.o
    0x08000208   0x00000414   Code   RO           11    .text               stm32f10x_rcc.o
    0x0800061c   0x0000044e   Code   RO           65    .text               stm32f10x_i2c.o
    0x08000a6a   0x00000002   PAD
    0x08000a6c   0x000003ac   Code   RO           81    .text               stm32f10x_gpio.o
    0x08000e18   0x00000230   Code   RO           97    .text               main.o
    0x08001048   0x00000a5e   Code   RO          137    .text               lsm303dlh.o
    0x08001aa6   0x00000002   PAD
    0x08001aa8   0x00000eb0   Code   RO          176    .text               acc_lib.o
    0x08002958   0x0000016c   Code   RO          194    .text               firfilter.o
    0x08002ac4   0x00000006   Code   RO          215    .text               c_w.l(heapauxi.o)
    0x08002aca   0x00000016   Code   RO          281    .text               c_w.l(_rserrno.o)
    0x08002ae0   0x00000008   Code   RO          325    .text               c_w.l(rt_errno_addr_intlibspace.o)
    0x08002ae8   0x00000008   Code   RO          329    .text               c_w.l(libspace.o)
    0x08002af0   0x0000004a   Code   RO          332    .text               c_w.l(sys_stackheap_outer.o)
    0x08002b3a   0x0000000c   Code   RO          334    .text               c_w.l(exit.o)
    0x08002b46   0x00000002   PAD
    0x08002b48   0x00000008   Code   RO          403    .text               c_w.l(rt_fp_status_addr_intlibspace.o)
    0x08002b50   0x0000000c   Code   RO          407    .text               c_w.l(sys_exit.o)
    0x08002b5c   0x00000002   Code   RO          418    .text               c_w.l(use_no_semi.o)
    0x08002b5e   0x00000000   Code   RO          420    .text               c_w.l(indicate_semi.o)
    0x08002b5e   0x00000028   Code   RO          300    i.__ARM_fpclassify  m_ws.l(fpclassify.o)
    0x08002b86   0x000000aa   Code   RO          302    i.__kernel_poly     m_ws.l(poly.o)
    0x08002c30   0x00000010   Code   RO          298    i.__mathlib_dbl_underflow  m_ws.l(dunder.o)
    0x08002c40   0x00000224   Code   RO          262    i.atan              m_ws.l(atan.o)
    0x08002e64   0x0000004c   Code   RO          272    i.sqrt              m_ws.l(sqrt.o)
    0x08002eb0   0x00000150   Code   RO          219    x$fpl$dadd          fz_ws.l(daddsub_clz.o)
    0x08003000   0x00000010   Code   RO          327    x$fpl$dcheck1       fz_ws.l(dcheck1.o)
    0x08003010   0x00000018   Code   RO          283    x$fpl$dcmpinf       fz_ws.l(dcmpi.o)
    0x08003028   0x000002b0   Code   RO          226    x$fpl$ddiv          fz_ws.l(ddiv.o)
    0x080032d8   0x00000078   Code   RO          229    x$fpl$deqf          fz_ws.l(deqf.o)
    0x08003350   0x0000005e   Code   RO          231    x$fpl$dfix          fz_ws.l(dfix.o)
    0x080033ae   0x0000002e   Code   RO          236    x$fpl$dflt          fz_ws.l(dflt_clz.o)
    0x080033dc   0x00000026   Code   RO          235    x$fpl$dfltu         fz_ws.l(dflt_clz.o)
    0x08003402   0x00000002   PAD
    0x08003404   0x00000078   Code   RO          241    x$fpl$dleqf         fz_ws.l(dleqf.o)
    0x0800347c   0x00000154   Code   RO          243    x$fpl$dmul          fz_ws.l(dmul.o)
    0x080035d0   0x0000009c   Code   RO          285    x$fpl$dnaninf       fz_ws.l(dnaninf.o)
    0x0800366c   0x0000000c   Code   RO          287    x$fpl$dretinf       fz_ws.l(dretinf.o)
    0x08003678   0x00000016   Code   RO          220    x$fpl$drsb          fz_ws.l(daddsub_clz.o)
    0x0800368e   0x00000002   PAD
    0x08003690   0x000001cc   Code   RO          289    x$fpl$dsqrt         fz_ws.l(dsqrt_noumaal.o)
    0x0800385c   0x000001d4   Code   RO          221    x$fpl$dsub          fz_ws.l(daddsub_clz.o)
    0x08003a30   0x00000056   Code   RO          245    x$fpl$f2d           fz_ws.l(f2d.o)
    0x08003a86   0x00000002   PAD
    0x08003a88   0x000000c4   Code   RO          247    x$fpl$fadd          fz_ws.l(faddsub_clz.o)
    0x08003b4c   0x00000030   Code   RO          254    x$fpl$fflt          fz_ws.l(fflt_clz.o)
    0x08003b7c   0x00000102   Code   RO          259    x$fpl$fmul          fz_ws.l(fmul.o)
    0x08003c7e   0x0000008c   Code   RO          291    x$fpl$fnaninf       fz_ws.l(fnaninf.o)
    0x08003d0a   0x0000000e   Code   RO          388    x$fpl$fpinit        fz_ws.l(fpinit.o)
    0x08003d18   0x0000000a   Code   RO          293    x$fpl$fretinf       fz_ws.l(fretinf.o)
    0x08003d22   0x00000002   PAD
    0x08003d24   0x000000ea   Code   RO          249    x$fpl$fsub          fz_ws.l(faddsub_clz.o)
    0x08003e0e   0x00000064   Code   RO          343    x$fpl$retnan        fz_ws.l(retnan.o)
    0x08003e72   0x00000060   Code   RO          295    x$fpl$scalbn        fz_ws.l(scalbn.o)
    0x08003ed2   0x00000030   Code   RO          390    x$fpl$trapveneer    fz_ws.l(trapv.o)
    0x08003f02   0x00000000   Code   RO          297    x$fpl$usenofp       fz_ws.l(usenofp.o)
    0x08003f02   0x00000006   PAD
    0x08003f08   0x00000098   Data   RO          263    .constdata          m_ws.l(atan.o)
    0x08003fa0   0x00000020   Data   RO          472    Region$$Table       anon$$obj.o


    Execution Region ER_RW (Base: 0x20000000, Size: 0x00000074, Max: 0xffffffff, ABSOLUTE)

    Base Addr    Size         Type   Attr      Idx    E Section Name        Object

    0x20000000   0x00000014   Data   RW           12    .data               stm32f10x_rcc.o
    0x20000014   0x00000004   PAD
    0x20000018   0x00000038   Data   RW           99    .data               main.o
    0x20000050   0x00000004   Data   RW          178    .data               acc_lib.o
    0x20000054   0x00000020   Data   RW          196    .data               firfilter.o


    Execution Region ER_ZI (Base: 0x20000074, Size: 0x00000cec, Max: 0xffffffff, ABSOLUTE)

    Base Addr    Size         Type   Attr      Idx    E Section Name        Object

    0x20000074   0x0000000c   Zero   RW           98    .bss                main.o
    0x20000080   0x00000640   Zero   RW          177    .bss                acc_lib.o
    0x200006c0   0x0000003c   Zero   RW          195    .bss                firfilter.o
    0x200006fc   0x00000060   Zero   RW          330    .bss                c_w.l(libspace.o)
    0x2000075c   0x00000004   PAD
    0x20000760   0x00000200   Zero   RW            2    HEAP                startup_stm32f10x_hd.o
    0x20000960   0x00000400   Zero   RW            1    STACK               startup_stm32f10x_hd.o


==============================================================================

Image component sizes


      Code (inc. data)   RO Data    RW Data    ZI Data      Debug   Object Name

      3760       1080          0          4       1600       2952   acc_lib.o
       364         30          0         32         60       1487   firfilter.o
      2654         32          0          0          0       5378   lsm303dlh.o
       560         38          0         56         12       5323   main.o
        56         22        304          0       1536        768   startup_stm32f10x_hd.o
       940         46          0          0          0       5733   stm32f10x_gpio.o
      1102         18          0          0          0       9000   stm32f10x_i2c.o
      1044         52          0         20          0     241940   stm32f10x_rcc.o

    ----------------------------------------------------------------------
     10484       1318        336        116       3208     272581   Object Totals
         0          0         32          0          0          0   (incl. Generated)
         4          0          0          4          0          0   (incl. Padding)

    ----------------------------------------------------------------------

      Code (inc. data)   RO Data    RW Data    ZI Data      Debug   Library Member Name

         8          0          0          0          0         68   __main.o
        52          8          0          0          0          0   __scatter.o
        26          0          0          0          0          0   __scatter_copy.o
        28          0          0          0          0          0   __scatter_zi.o
        22          0          0          0          0        100   _rserrno.o
        12          0          0          0          0         72   exit.o
         6          0          0          0          0        152   heapauxi.o
         0          0          0          0          0          0   indicate_semi.o
         6          0          0          0          0          0   libinit.o
         2          0          0          0          0          0   libinit2.o
         2          0          0          0          0          0   libshutdown.o
         2          0          0          0          0          0   libshutdown2.o
         8          4          0          0         96         68   libspace.o
         8          4          0          0          0         68   rt_errno_addr_intlibspace.o
         8          4          0          0          0         68   rt_fp_status_addr_intlibspace.o
         0          0          0          0          0          0   rtentry.o
        12          0          0          0          0          0   rtentry2.o
         6          0          0          0          0          0   rtentry4.o
         2          0          0          0          0          0   rtexit.o
        10          0          0          0          0          0   rtexit2.o
        12          4          0          0          0         68   sys_exit.o
        74          0          0          0          0         80   sys_stackheap_outer.o
         2          0          0          0          0         68   use_no_semi.o
       826         16          0          0          0        356   daddsub_clz.o
        16          4          0          0          0         68   dcheck1.o
        24          0          0          0          0         68   dcmpi.o
       688        140          0          0          0        212   ddiv.o
       120          4          0          0          0         92   deqf.o
        94          4          0          0          0         92   dfix.o
        84          0          0          0          0        136   dflt_clz.o
       120          4          0          0          0         92   dleqf.o
       340         12          0          0          0        104   dmul.o
       156          4          0          0          0         92   dnaninf.o
        12          0          0          0          0         68   dretinf.o
       460         56          0          0          0        120   dsqrt_noumaal.o
        86          4          0          0          0         84   f2d.o
       430          8          0          0          0        168   faddsub_clz.o
        48          0          0          0          0         68   fflt_clz.o
       258          4          0          0          0         84   fmul.o
       140          4          0          0          0         84   fnaninf.o
        14          0          0          0          0         76   fpinit.o
        10          0          0          0          0         68   fretinf.o
       100          0          0          0          0         68   retnan.o
        96          0          0          0          0         68   scalbn.o
        48          0          0          0          0         68   trapv.o
         0          0          0          0          0          0   usenofp.o
       548         68        152          0          0        128   atan.o
        16          6          0          0          0         68   dunder.o
        40          0          0          0          0         68   fpclassify.o
       170          0          0          0          0         96   poly.o
        76          0          0          0          0         84   sqrt.o

    ----------------------------------------------------------------------
      5348        362        152          0        100       3592   Library Totals
        20          0          0          0          4          0   (incl. Padding)

    ----------------------------------------------------------------------

      Code (inc. data)   RO Data    RW Data    ZI Data      Debug   Library Name

       308         24          0          0         96        812   c_w.l
      4170        264          0          0          0       2336   fz_ws.l
       850         74        152          0          0        444   m_ws.l

    ----------------------------------------------------------------------
      5348        362        152          0        100       3592   Library Totals

    ----------------------------------------------------------------------

==============================================================================


      Code (inc. data)   RO Data    RW Data    ZI Data      Debug   

     15832       1680        488        116       3308     273521   Grand Totals
     15832       1680        488        116       3308     273521   ELF Image Totals
     15832       1680        488        116          0          0   ROM Totals

==============================================================================

    Total RO  Size (Code + RO Data)                16320 (  15.94kB)
    Total RW  Size (RW Data + ZI Data)              3424 (   3.34kB)
    Total ROM Size (Code + RO Data + RW Data)      16436 (  16.05kB)

==============================================================================

