<html>
<body>
<pre>
<h1>µVision Build Log</h1>
<h2>Project:</h2>
C:\Users\Akeel\McGill\Fall 2011\microP\MicroP_Shared\Lab2_latest\lab2.uvproj
Project File Date:  10/15/2011

<h2>Output:</h2>
Build target 'Target 1'
assembling startup_stm32f10x_hd.s...
compiling LSM303DLH.c...
LSM303DLH.c(26): error:  #5: cannot open source input file "LSM303DLH.h": No such file or directory
compiling stm32f10x_gpio.c...
compiling stm32f10x_i2c.c...
compiling stm32f10x_rcc.c...
Target not created
Clean started: Project: 'lab2'
   deleting intermediate output files for target 'Target 1'
Build target 'Target 1'
assembling startup_stm32f10x_hd.s...
compiling LSM303DLH.c...
LSM303DLH.c(402): error:  #1460: expression must have integral or fixed-point type
compiling stm32f10x_gpio.c...
compiling stm32f10x_i2c.c...
compiling stm32f10x_rcc.c...
Target not created
Build target 'Target 1'
assembling startup_stm32f10x_hd.s...
compiling LSM303DLH.c...
compiling stm32f10x_gpio.c...
compiling stm32f10x_i2c.c...
compiling stm32f10x_rcc.c...
linking...
lab2.axf: Error: L6218E: Undefined symbol SystemInit (referred from startup_stm32f10x_hd.o).
lab2.axf: Error: L6218E: Undefined symbol main (referred from rtentry2.o).
Target not created
Clean started: Project: 'lab2'
   deleting intermediate output files for target 'Target 1'
Build target 'Target 1'
assembling startup_stm32f10x_hd.s...
compiling LSM303DLH.c...
compiling stm32f10x_gpio.c...
compiling stm32f10x_i2c.c...
compiling stm32f10x_rcc.c...
compiling main.c...
main.c(3): warning:  #951-D: return type of function "main" must be "int"
main.c(5): warning:  #1-D: last line of file ends without a newline
linking...
Program Size: Code=328 RO-data=320 RW-data=0 ZI-data=1632  
"lab2.axf" - 0 Error(s), 2 Warning(s).
Build target 'Target 1'
assembling startup_stm32f10x_hd.s...
compiling LSM303DLH.c...
compiling stm32f10x_gpio.c...
compiling stm32f10x_i2c.c...
compiling stm32f10x_rcc.c...
compiling main.c...
linking...
Program Size: Code=328 RO-data=320 RW-data=0 ZI-data=1632  
"lab2.axf" - 0 Error(s), 0 Warning(s).
Build target 'Target 1'
assembling startup_stm32f10x_hd.s...
compiling LSM303DLH.c...
compiling stm32f10x_gpio.c...
compiling stm32f10x_i2c.c...
compiling stm32f10x_rcc.c...
compiling main.c...
linking...
Program Size: Code=328 RO-data=320 RW-data=0 ZI-data=1632  
"lab2.axf" - 0 Error(s), 0 Warning(s).
Clean started: Project: 'lab2'
   deleting intermediate output files for target 'Target 1'
Build target 'Target 1'
assembling startup_stm32f10x_hd.s...
compiling main.c...
compiling stm32f10x_rcc.c...
compiling stm32f10x_i2c.c...
compiling stm32f10x_gpio.c...
compiling LSM303DLH.c...
linking...
Program Size: Code=328 RO-data=320 RW-data=0 ZI-data=1632  
"lab2.axf" - 0 Error(s), 0 Warning(s).
Build target 'Target 1'
assembling startup_stm32f10x_hd.s...
compiling main.c...
compiling stm32f10x_rcc.c...
compiling stm32f10x_i2c.c...
compiling stm32f10x_gpio.c...
compiling LSM303DLH.c...
linking...
Program Size: Code=328 RO-data=320 RW-data=0 ZI-data=1632  
"lab2.axf" - 0 Error(s), 0 Warning(s).
