<html>
<body>
<pre>
<h1>µVision Build Log</h1>
<h2>Project:</h2>
C:\Users\Akeel\McGill\Fall 2011\microP\MicroP_Shared\Lab1\Code\test\test.uvproj
Project File Date:  09/13/2011

<h2>Output:</h2>
Build target 'Target 1'
assembling bcdadd.s...
linking...
Program Size: Code=276 RO-data=304 RW-data=0 ZI-data=1536  
"test.axf" - 0 Error(s), 0 Warning(s).
Build target 'Target 1'
assembling bcdadd.s...
linking...
Program Size: Code=280 RO-data=304 RW-data=0 ZI-data=1536  
"test.axf" - 0 Error(s), 0 Warning(s).
Build target 'Target 1'
assembling bcdadd.s...
bcdadd.s(10): error: A1871E: Immediate 0x80200000 cannot be represented by 0-255 shifted left by 0-23 or duplicated in all, odd or even bytes
Target not created
Build target 'Target 1'
assembling bcdadd.s...
bcdadd.s(10): error: A1871E: Immediate 0x80200000 cannot be represented by 0-255 shifted left by 0-23 or duplicated in all, odd or even bytes
Target not created
Build target 'Target 1'
assembling bcdadd.s...
linking...
Program Size: Code=284 RO-data=304 RW-data=0 ZI-data=1536  
"test.axf" - 0 Error(s), 0 Warning(s).
Build target 'Target 1'
assembling startup_stm32f10x_hd.s...
assembling bcdadd.s...
linking...
Program Size: Code=284 RO-data=304 RW-data=0 ZI-data=1536  
"test.axf" - 0 Error(s), 0 Warning(s).
Build target 'Target 1'
assembling bcdadd.s...
linking...
Program Size: Code=292 RO-data=304 RW-data=0 ZI-data=1536  
"test.axf" - 0 Error(s), 0 Warning(s).
Build target 'Target 1'
assembling bcdadd.s...
linking...
Program Size: Code=284 RO-data=304 RW-data=0 ZI-data=1536  
"test.axf" - 0 Error(s), 0 Warning(s).
Build target 'Target 1'
assembling startup_stm32f10x_hd.s...
startup_stm32f10x_hd.s(154): error: A1647E: Bad register name symbol, expected Integer register
assembling bcdadd.s...
Target not created
Build target 'Target 1'
assembling startup_stm32f10x_hd.s...
startup_stm32f10x_hd.s(154): error: A1647E: Bad register name symbol, expected Integer register
Target not created
Build target 'Target 1'
assembling startup_stm32f10x_hd.s...
startup_stm32f10x_hd.s(154): error: A1647E: Bad register name symbol, expected Integer register
Target not created
Build target 'Target 1'
assembling startup_stm32f10x_hd.s...
linking...
Program Size: Code=272 RO-data=304 RW-data=0 ZI-data=1536  
"test.axf" - 0 Error(s), 0 Warning(s).
Build target 'Target 1'
assembling startup_stm32f10x_hd.s...
assembling bcdadd.s...
linking...
Program Size: Code=296 RO-data=304 RW-data=0 ZI-data=1536  
"test.axf" - 0 Error(s), 0 Warning(s).
Build target 'Target 1'
assembling startup_stm32f10x_hd.s...
linking...
Program Size: Code=304 RO-data=304 RW-data=0 ZI-data=1536  
"test.axf" - 0 Error(s), 0 Warning(s).
Build target 'Target 1'
assembling startup_stm32f10x_hd.s...
linking...
Program Size: Code=308 RO-data=304 RW-data=0 ZI-data=1536  
"test.axf" - 0 Error(s), 0 Warning(s).
Build target 'Target 1'
assembling startup_stm32f10x_hd.s...
linking...
Program Size: Code=308 RO-data=304 RW-data=0 ZI-data=1536  
"test.axf" - 0 Error(s), 0 Warning(s).
Build target 'Target 1'
assembling startup_stm32f10x_hd.s...
assembling bcdadd.s...
bcdadd.s(82): error: A1183E: Numeric overflow
Target not created
Build target 'Target 1'
assembling bcdadd.s...
linking...
Program Size: Code=312 RO-data=304 RW-data=0 ZI-data=1536  
"test.axf" - 0 Error(s), 0 Warning(s).
Build target 'Target 1'
assembling startup_stm32f10x_hd.s...
linking...
Program Size: Code=312 RO-data=304 RW-data=0 ZI-data=1536  
"test.axf" - 0 Error(s), 0 Warning(s).
Build target 'Target 1'
assembling startup_stm32f10x_hd.s...
linking...
Program Size: Code=312 RO-data=304 RW-data=0 ZI-data=1536  
"test.axf" - 0 Error(s), 0 Warning(s).
Build target 'Target 1'
assembling startup_stm32f10x_hd.s...
linking...
Program Size: Code=312 RO-data=304 RW-data=0 ZI-data=1536  
"test.axf" - 0 Error(s), 0 Warning(s).
Build target 'Target 1'
assembling startup_stm32f10x_hd.s...
startup_stm32f10x_hd.s(153): error: A1516E: Bad symbol 'wrapper', not defined or external
assembling bcdadd.s...
Target not created
Build target 'Target 1'
assembling startup_stm32f10x_hd.s...
linking...
Program Size: Code=312 RO-data=304 RW-data=0 ZI-data=1536  
"test.axf" - 0 Error(s), 0 Warning(s).
Build target 'Target 1'
assembling bcdadd.s...
linking...
Program Size: Code=312 RO-data=304 RW-data=0 ZI-data=1536  
"test.axf" - 0 Error(s), 0 Warning(s).
Build target 'Target 1'
assembling bcdadd.s...
linking...
Program Size: Code=312 RO-data=304 RW-data=0 ZI-data=1536  
"test.axf" - 0 Error(s), 0 Warning(s).
Build target 'Target 1'
assembling bcdadd.s...
bcdadd.s(25): error: A1871E: Immediate 0x89200000 cannot be represented by 0-255 shifted left by 0-23 or duplicated in all, odd or even bytes
Target not created
Build target 'Target 1'
assembling bcdadd.s...
bcdadd.s(25): error: A1137E: Unexpected characters at end of line
Target not created
Build target 'Target 1'
assembling bcdadd.s...
linking...
Program Size: Code=340 RO-data=304 RW-data=0 ZI-data=1536  
"test.axf" - 0 Error(s), 0 Warning(s).
Build target 'Target 1'
assembling bcdadd.s...
linking...
Program Size: Code=364 RO-data=304 RW-data=0 ZI-data=1536  
"test.axf" - 0 Error(s), 0 Warning(s).
Build target 'Target 1'
assembling bcdadd.s...
linking...
Program Size: Code=372 RO-data=304 RW-data=0 ZI-data=1536  
"test.axf" - 0 Error(s), 0 Warning(s).
Build target 'Target 1'
assembling startup_stm32f10x_hd.s...
assembling bcdadd.s...
linking...
Program Size: Code=372 RO-data=304 RW-data=0 ZI-data=1536  
"test.axf" - 0 Error(s), 0 Warning(s).
