<html>
<body>
<pre>
<h1>µVision Build Log</h1>
<h2>Project:</h2>
C:\Users\Akeel\McGill\Fall 2011\microP\MicroP_Shared\Lab1\Code\test\test.uvproj
Project File Date:  09/23/2011

<h2>Output:</h2>
Build target 'Target 1'
compiling babbage.c...
babbage.c(10): warning:  #951-D: return type of function "main" must be "int"
babbage.c(83): warning:  #1-D: last line of file ends without a newline
linking...
Program Size: Code=2220 RO-data=336 RW-data=8 ZI-data=1632  
"test.axf" - 0 Error(s), 2 Warning(s).
