ARM Linker, 4.1 [Build 713] [Evaluation]

==============================================================================

Section Cross References

    startup_stm32f10x_hd.o(RESET) refers to startup_stm32f10x_hd.o(STACK) for __initial_sp
    startup_stm32f10x_hd.o(RESET) refers to startup_stm32f10x_hd.o(.text) for Reset_Handler
    startup_stm32f10x_hd.o(.text) refers to __main.o(!!!main) for __main
    startup_stm32f10x_hd.o(.text) refers to startup_stm32f10x_hd.o(HEAP) for Heap_Mem
    startup_stm32f10x_hd.o(.text) refers to startup_stm32f10x_hd.o(STACK) for Stack_Mem
    babbage.o(.text) refers to _printf_percent.o(.ARM.Collect$$_printf_percent$$00000000) for _printf_percent
    babbage.o(.text) refers to _printf_x.o(.ARM.Collect$$_printf_percent$$0000000C) for _printf_x
    babbage.o(.text) refers to _printf_hex_int.o(.text) for _printf_longlong_hex
    babbage.o(.text) refers to h1_alloc.o(.text) for malloc
    babbage.o(.text) refers to bcdadd.o(PROGRAM) for bcdadd
    babbage.o(.text) refers to noretval__2printf.o(.text) for __2printf
    babbage.o(.text) refers to h1_free.o(.text) for free
    babbage.o(.text) refers to rt_memcpy_w.o(.text) for __aeabi_memcpy4
    babbage.o(.text) refers to babbage.o(.constdata) for .constdata
    babbage.o(.constdata) refers to babbage.o(.data) for elements1
    malloc.o(.text) refers (Special) to hguard.o(.text) for __heap$guard
    malloc.o(.text) refers (Special) to init_alloc.o(.text) for _init_alloc
    malloc.o(.text) refers to rt_heap_descriptor_intlibspace.o(.text) for __rt_heap_descriptor
    malloc.o(.text) refers to heapstubs.o(.text) for __Heap_Alloc
    free.o(.text) refers (Special) to hguard.o(.text) for __heap$guard
    free.o(.text) refers to rt_heap_descriptor_intlibspace.o(.text) for __rt_heap_descriptor
    free.o(.text) refers to heapstubs.o(.text) for __Heap_Free
    h1_alloc.o(.text) refers (Special) to h1_init.o(.text) for __Heap_Initialize
    h1_alloc.o(.text) refers to rt_heap_descriptor_intlibspace.o(.text) for __rt_heap_descriptor
    h1_alloc.o(.text) refers to init_alloc.o(.text) for __Heap_Full
    h1_free.o(.text) refers to rt_heap_descriptor_intlibspace.o(.text) for __rt_heap_descriptor
    h1_alloc_mt.o(.text) refers (Special) to h1_init.o(.text) for __Heap_Initialize
    h1_alloc_mt.o(.text) refers to init_alloc.o(.text) for __Heap_Full
    h1_alloc_mt.o(.text) refers to rt_heap_descriptor_intlibspace.o(.text) for __rt_heap_descriptor
    h1_free_mt.o(.text) refers to rt_heap_descriptor_intlibspace.o(.text) for __rt_heap_descriptor
    heap2.o(i._FDIterate) refers to heap2.o(.constdata) for .constdata
    heap2.o(i.___Heap_ProvideMemory$realtime) refers to fdtree.o(i._FDTree_Delete) for _FDTree_Delete
    heap2.o(i.___Heap_ProvideMemory$realtime) refers to fdtree.o(i._FDTree_Insert) for _FDTree_Insert
    heap2.o(i.___Heap_Stats$realtime) refers to heap2.o(i._Heap2_StatsIterate) for _Heap2_StatsIterate
    heap2.o(i.___Heap_Valid$realtime) refers to heap2.o(i._FDIterate) for _FDIterate
    heap2.o(i.___Heap_Valid$realtime) refers to heap2.o(.constdata) for .constdata
    heap2.o(i._free$realtime) refers to rt_heap_descriptor_intlibspace.o(.text) for __rt_heap_descriptor
    heap2.o(i._free$realtime) refers to fdtree.o(i._FDTree_Delete) for _FDTree_Delete
    heap2.o(i._free$realtime) refers to fdtree.o(i._FDTree_Insert) for _FDTree_Insert
    heap2.o(i._malloc$realtime) refers to rt_heap_descriptor_intlibspace.o(.text) for __rt_heap_descriptor
    heap2.o(i._malloc$realtime) refers to fdtree.o(i._FDTree_FindFirst) for _FDTree_FindFirst
    heap2.o(i._malloc$realtime) refers to init_alloc.o(.text) for __Heap_Full
    heap2.o(i._malloc$realtime) refers to fdtree.o(i._FDTree_RemoveNode) for _FDTree_RemoveNode
    heap2.o(i._malloc$realtime) refers to fdtree.o(i._FDTree_Insert) for _FDTree_Insert
    heap2.o(i._posix_memalign$realtime) refers to rt_heap_descriptor_intlibspace.o(.text) for __rt_heap_descriptor
    heap2.o(i._posix_memalign$realtime) refers to fdtree.o(i._FDTree_FindFirst) for _FDTree_FindFirst
    heap2.o(i._posix_memalign$realtime) refers to init_alloc.o(.text) for __Heap_Full
    heap2.o(i._posix_memalign$realtime) refers to fdtree.o(i._FDTree_RemoveNode) for _FDTree_RemoveNode
    heap2.o(i._posix_memalign$realtime) refers to fdtree.o(i._FDTree_Insert) for _FDTree_Insert
    heap2.o(i._realloc$realtime) refers to rt_heap_descriptor_intlibspace.o(.text) for __rt_heap_descriptor
    heap2.o(i._realloc$realtime) refers to h1_free.o(.text) for free
    heap2.o(i._realloc$realtime) refers to h1_alloc.o(.text) for malloc
    heap2.o(i._realloc$realtime) refers to fdtree.o(i._FDTree_Delete) for _FDTree_Delete
    heap2.o(i._realloc$realtime) refers to fdtree.o(i._FDTree_Insert) for _FDTree_Insert
    heap2.o(i._realloc$realtime) refers to rt_memcpy_w.o(.text) for __aeabi_memcpy4
    heap2mt.o(i._FDIterate) refers to heap2mt.o(.constdata) for .constdata
    heap2mt.o(i.___Heap_Initialize$realtime$concurrent) refers to mutex_dummy.o(.text) for _mutex_initialize
    heap2mt.o(i.___Heap_ProvideMemory$realtime$concurrent) refers to fdtree.o(i._FDTree_Delete) for _FDTree_Delete
    heap2mt.o(i.___Heap_ProvideMemory$realtime$concurrent) refers to fdtree.o(i._FDTree_Insert) for _FDTree_Insert
    heap2mt.o(i.___Heap_Stats$realtime$concurrent) refers to heap2mt.o(i._Heap2_StatsIterate) for _Heap2_StatsIterate
    heap2mt.o(i.___Heap_Valid$realtime$concurrent) refers to heap2mt.o(i._FDIterate) for _FDIterate
    heap2mt.o(i.___Heap_Valid$realtime$concurrent) refers to heap2mt.o(.constdata) for .constdata
    heap2mt.o(i._free$realtime$concurrent) refers to rt_heap_descriptor_intlibspace.o(.text) for __rt_heap_descriptor
    heap2mt.o(i._free$realtime$concurrent) refers to fdtree.o(i._FDTree_Delete) for _FDTree_Delete
    heap2mt.o(i._free$realtime$concurrent) refers to fdtree.o(i._FDTree_Insert) for _FDTree_Insert
    heap2mt.o(i._malloc$realtime$concurrent) refers to rt_heap_descriptor_intlibspace.o(.text) for __rt_heap_descriptor
    heap2mt.o(i._malloc$realtime$concurrent) refers to fdtree.o(i._FDTree_FindFirst) for _FDTree_FindFirst
    heap2mt.o(i._malloc$realtime$concurrent) refers to init_alloc.o(.text) for __Heap_Full
    heap2mt.o(i._malloc$realtime$concurrent) refers to fdtree.o(i._FDTree_RemoveNode) for _FDTree_RemoveNode
    heap2mt.o(i._malloc$realtime$concurrent) refers to fdtree.o(i._FDTree_Insert) for _FDTree_Insert
    heap2mt.o(i._posix_memalign$realtime$concurrent) refers to rt_heap_descriptor_intlibspace.o(.text) for __rt_heap_descriptor
    heap2mt.o(i._posix_memalign$realtime$concurrent) refers to fdtree.o(i._FDTree_FindFirst) for _FDTree_FindFirst
    heap2mt.o(i._posix_memalign$realtime$concurrent) refers to init_alloc.o(.text) for __Heap_Full
    heap2mt.o(i._posix_memalign$realtime$concurrent) refers to fdtree.o(i._FDTree_RemoveNode) for _FDTree_RemoveNode
    heap2mt.o(i._posix_memalign$realtime$concurrent) refers to fdtree.o(i._FDTree_Insert) for _FDTree_Insert
    heap2mt.o(i._realloc$realtime$concurrent) refers to rt_heap_descriptor_intlibspace.o(.text) for __rt_heap_descriptor
    heap2mt.o(i._realloc$realtime$concurrent) refers to h1_free.o(.text) for free
    heap2mt.o(i._realloc$realtime$concurrent) refers to h1_alloc.o(.text) for malloc
    heap2mt.o(i._realloc$realtime$concurrent) refers to fdtree.o(i._FDTree_Delete) for _FDTree_Delete
    heap2mt.o(i._realloc$realtime$concurrent) refers to fdtree.o(i._FDTree_Insert) for _FDTree_Insert
    heap2mt.o(i._realloc$realtime$concurrent) refers to rt_memcpy_w.o(.text) for __aeabi_memcpy4
    __2printf.o(.text) refers to _printf_char_file.o(.text) for _printf_char_file
    __2printf.o(.text) refers to debugger.o(.data) for __stdout
    noretval__2printf.o(.text) refers to _printf_char_file.o(.text) for _printf_char_file
    noretval__2printf.o(.text) refers to debugger.o(.data) for __stdout
    __printf.o(.text) refers to _printf_percent.o(.ARM.Collect$$_printf_percent$$00000000) for _printf_percent
    _printf_hex_ll.o(.text) refers to _printf_intcommon.o(.text) for _printf_int_common
    _printf_hex_ll.o(.text) refers to _printf_hex_ll.o(.constdata) for .constdata
    _printf_hex_int.o(.text) refers to _printf_intcommon.o(.text) for _printf_int_common
    _printf_hex_int.o(.text) refers to _printf_hex_int.o(.constdata) for .constdata
    _printf_hex_int_ll.o(.text) refers to _printf_intcommon.o(.text) for _printf_int_common
    _printf_hex_int_ll.o(.text) refers to _printf_hex_int_ll.o(.constdata) for .constdata
    _printf_hex_ptr.o(.text) refers to _printf_intcommon.o(.text) for _printf_int_common
    _printf_hex_ptr.o(.text) refers to _printf_hex_ptr.o(.constdata) for .constdata
    _printf_hex_int_ptr.o(.text) refers to _printf_intcommon.o(.text) for _printf_int_common
    _printf_hex_int_ptr.o(.text) refers to _printf_hex_int_ptr.o(.constdata) for .constdata
    _printf_hex_ll_ptr.o(.text) refers to _printf_intcommon.o(.text) for _printf_int_common
    _printf_hex_ll_ptr.o(.text) refers to _printf_hex_ll_ptr.o(.constdata) for .constdata
    _printf_hex_int_ll_ptr.o(.text) refers to _printf_intcommon.o(.text) for _printf_int_common
    _printf_hex_int_ll_ptr.o(.text) refers to _printf_hex_int_ll_ptr.o(.constdata) for .constdata
    __printf_flags.o(.text) refers to _printf_percent.o(.ARM.Collect$$_printf_percent$$00000000) for _printf_percent
    __printf_flags.o(.text) refers to __printf_flags.o(.constdata) for .constdata
    __printf_ss.o(.text) refers to _printf_percent.o(.ARM.Collect$$_printf_percent$$00000000) for _printf_percent
    __printf_flags_ss.o(.text) refers to _printf_percent.o(.ARM.Collect$$_printf_percent$$00000000) for _printf_percent
    __printf_flags_ss.o(.text) refers to __printf_flags_ss.o(.constdata) for .constdata
    __printf_wp.o(.text) refers to __printf_wp.o(i._is_digit) for _is_digit
    __printf_wp.o(.text) refers to _printf_percent.o(.ARM.Collect$$_printf_percent$$00000000) for _printf_percent
    __printf_flags_wp.o(.text) refers to __printf_wp.o(i._is_digit) for _is_digit
    __printf_flags_wp.o(.text) refers to _printf_percent.o(.ARM.Collect$$_printf_percent$$00000000) for _printf_percent
    __printf_flags_wp.o(.text) refers to __printf_flags_wp.o(.constdata) for .constdata
    __printf_ss_wp.o(.text) refers to __printf_wp.o(i._is_digit) for _is_digit
    __printf_ss_wp.o(.text) refers to _printf_percent.o(.ARM.Collect$$_printf_percent$$00000000) for _printf_percent
    __printf_flags_ss_wp.o(.text) refers to __printf_wp.o(i._is_digit) for _is_digit
    __printf_flags_ss_wp.o(.text) refers to _printf_percent.o(.ARM.Collect$$_printf_percent$$00000000) for _printf_percent
    __printf_flags_ss_wp.o(.text) refers to __printf_flags_ss_wp.o(.constdata) for .constdata
    _printf_x.o(.ARM.Collect$$_printf_percent$$0000000C) refers (Weak) to _printf_hex_int.o(.text) for _printf_int_hex
    _printf_percent.o(.ARM.Collect$$_printf_percent$$00000000) refers (Special) to _printf_percent_end.o(.ARM.Collect$$_printf_percent$$00000017) for _printf_percent_end
    __main.o(!!!main) refers to rtentry.o(.ARM.Collect$$rtentry$$00000000) for __rt_entry
    rtentry.o(.ARM.Collect$$rtentry$$00000000) refers (Special) to rtentry2.o(.ARM.Collect$$rtentry$$0000000A) for __rt_entry_li
    rtentry.o(.ARM.Collect$$rtentry$$00000000) refers (Special) to rtentry2.o(.ARM.Collect$$rtentry$$0000000D) for __rt_entry_main
    rtentry.o(.ARM.Collect$$rtentry$$00000000) refers (Special) to rtentry2.o(.ARM.Collect$$rtentry$$0000000C) for __rt_entry_postli_1
    rtentry.o(.ARM.Collect$$rtentry$$00000000) refers (Special) to rtentry2.o(.ARM.Collect$$rtentry$$00000009) for __rt_entry_postsh_1
    rtentry.o(.ARM.Collect$$rtentry$$00000000) refers (Special) to rtentry2.o(.ARM.Collect$$rtentry$$00000002) for __rt_entry_presh_1
    rtentry.o(.ARM.Collect$$rtentry$$00000000) refers (Special) to rtentry4.o(.ARM.Collect$$rtentry$$00000004) for __rt_entry_sh
    rtentry.o(.ARM.exidx) refers (Special) to rtentry2.o(.ARM.Collect$$rtentry$$0000000A) for __rt_entry_li
    rtentry.o(.ARM.exidx) refers (Special) to rtentry2.o(.ARM.Collect$$rtentry$$0000000D) for __rt_entry_main
    rtentry.o(.ARM.exidx) refers (Special) to rtentry2.o(.ARM.Collect$$rtentry$$0000000C) for __rt_entry_postli_1
    rtentry.o(.ARM.exidx) refers (Special) to rtentry2.o(.ARM.Collect$$rtentry$$00000009) for __rt_entry_postsh_1
    rtentry.o(.ARM.exidx) refers (Special) to rtentry2.o(.ARM.Collect$$rtentry$$00000002) for __rt_entry_presh_1
    rtentry.o(.ARM.exidx) refers (Special) to rtentry4.o(.ARM.Collect$$rtentry$$00000004) for __rt_entry_sh
    rtentry.o(.ARM.exidx) refers to rtentry.o(.ARM.Collect$$rtentry$$00000000) for .ARM.Collect$$rtentry$$00000000
    rt_heap_descriptor.o(.text) refers to rt_heap_descriptor.o(.bss) for __rt_heap_descriptor_data
    rt_heap_descriptor_intlibspace.o(.text) refers to libspace.o(.bss) for __libspace_start
    init_alloc.o(.text) refers (Special) to hguard.o(.text) for __heap$guard
    init_alloc.o(.text) refers (Special) to libinit2.o(.ARM.Collect$$libinit$$00000001) for __rt_lib_init_heap_2
    init_alloc.o(.text) refers (Special) to maybetermalloc1.o(.emb_text) for _maybe_terminate_alloc
    init_alloc.o(.text) refers to heapauxa.o(.text) for __rt_heap_expand
    init_alloc.o(.text) refers to h1_extend.o(.text) for __Heap_ProvideMemory
    init_alloc.o(.text) refers to defsig_rtmem_outer.o(.text) for __rt_SIGRTMEM
    init_alloc.o(.text) refers to rt_heap_descriptor_intlibspace.o(.text) for __rt_heap_descriptor
    init_alloc.o(.text) refers to h1_init.o(.text) for __Heap_Initialize
    h1_init_mt.o(.text) refers to mutex_dummy.o(.text) for _mutex_initialize
    _printf_char_file.o(.text) refers to _printf_char_common.o(.text) for _printf_char_common
    _printf_char_file.o(.text) refers to ferror.o(.text) for ferror
    _printf_char_file.o(.text) refers to debugger.o(.text) for fputc
    _get_argv.o(.text) refers (Special) to hrguard.o(.text) for __heap_region$guard
    _get_argv.o(.text) refers to h1_alloc.o(.text) for malloc
    _get_argv.o(.text) refers to defsig_rtmem_outer.o(.text) for __rt_SIGRTMEM
    _get_argv.o(.text) refers to sys_command.o(.text) for _sys_command_string
    libinit2.o(.ARM.Collect$$libinit$$00000001) refers (Weak) to init_alloc.o(.text) for _init_alloc
    libinit2.o(.ARM.Collect$$libinit$$0000000C) refers to libinit2.o(.ARM.Collect$$libinit$$0000000B) for .ARM.Collect$$libinit$$0000000B
    libinit2.o(.ARM.Collect$$libinit$$0000000E) refers to libinit2.o(.ARM.Collect$$libinit$$0000000B) for .ARM.Collect$$libinit$$0000000B
    libinit2.o(.ARM.Collect$$libinit$$00000010) refers to libinit2.o(.ARM.Collect$$libinit$$0000000B) for .ARM.Collect$$libinit$$0000000B
    libinit2.o(.ARM.Collect$$libinit$$00000012) refers to libinit2.o(.ARM.Collect$$libinit$$0000000B) for .ARM.Collect$$libinit$$0000000B
    libinit2.o(.ARM.Collect$$libinit$$00000014) refers to libinit2.o(.ARM.Collect$$libinit$$0000000B) for .ARM.Collect$$libinit$$0000000B
    libinit2.o(.ARM.Collect$$libinit$$00000022) refers to argv_veneer.o(.emb_text) for __ARM_argv_veneer
    libinit2.o(.ARM.Collect$$libinit$$00000023) refers to argv_veneer.o(.emb_text) for __ARM_argv_veneer
    sys_command.o(.text) refers (Special) to use_no_semi.o(.text) for __I$use$semihosting
    sys_command.o(.text) refers (Special) to indicate_semi.o(.text) for __semihosting_library_function
    libspace.o(.text) refers to libspace.o(.bss) for __libspace_start
    rtentry2.o(.ARM.Collect$$rtentry$$00000008) refers to boardinit2.o(.text) for _platform_post_stackheap_init
    rtentry2.o(.ARM.Collect$$rtentry$$0000000A) refers to libinit.o(.ARM.Collect$$libinit$$00000000) for __rt_lib_init
    rtentry2.o(.ARM.Collect$$rtentry$$0000000B) refers to boardinit3.o(.text) for _platform_post_lib_init
    rtentry2.o(.ARM.Collect$$rtentry$$0000000D) refers to babbage.o(.text) for main
    rtentry2.o(.ARM.Collect$$rtentry$$0000000D) refers to exit.o(.text) for exit
    rtentry2.o(.ARM.exidx) refers to rtentry2.o(.ARM.Collect$$rtentry$$00000001) for .ARM.Collect$$rtentry$$00000001
    rtentry2.o(.ARM.exidx) refers to rtentry2.o(.ARM.Collect$$rtentry$$00000002) for .ARM.Collect$$rtentry$$00000002
    rtentry2.o(.ARM.exidx) refers to rtentry2.o(.ARM.Collect$$rtentry$$00000008) for .ARM.Collect$$rtentry$$00000008
    rtentry2.o(.ARM.exidx) refers to rtentry2.o(.ARM.Collect$$rtentry$$00000009) for .ARM.Collect$$rtentry$$00000009
    rtentry2.o(.ARM.exidx) refers to rtentry2.o(.ARM.Collect$$rtentry$$0000000A) for .ARM.Collect$$rtentry$$0000000A
    rtentry2.o(.ARM.exidx) refers to rtentry2.o(.ARM.Collect$$rtentry$$0000000B) for .ARM.Collect$$rtentry$$0000000B
    rtentry2.o(.ARM.exidx) refers to rtentry2.o(.ARM.Collect$$rtentry$$0000000C) for .ARM.Collect$$rtentry$$0000000C
    rtentry2.o(.ARM.exidx) refers to rtentry2.o(.ARM.Collect$$rtentry$$0000000D) for .ARM.Collect$$rtentry$$0000000D
    rtentry4.o(.ARM.Collect$$rtentry$$00000004) refers to sys_stackheap_outer.o(.text) for __user_setup_stackheap
    rtentry4.o(.ARM.exidx) refers to rtentry4.o(.ARM.Collect$$rtentry$$00000004) for .ARM.Collect$$rtentry$$00000004
    maybetermalloc2.o(.emb_text) refers (Special) to term_alloc.o(.text) for _terminate_alloc
    h1_extend.o(.text) refers to h1_free.o(.text) for free
    h1_extend_mt.o(.text) refers to h1_free_mt.o(.text) for _free_internal
    _printf_char_common.o(.text) refers to __printf.o(.text) for __printf
    defsig_rtmem_outer.o(.text) refers to defsig_rtmem_inner.o(.text) for __rt_SIGRTMEM_inner
    defsig_rtmem_outer.o(.text) refers to defsig_exit.o(.text) for __sig_exit
    defsig_rtmem_formal.o(.text) refers to rt_raise.o(.text) for __rt_raise
    heapauxa.o(.text) refers to heapauxa.o(.data) for .data
    argv_veneer.o(.emb_text) refers to no_argv.o(.text) for __ARM_get_argv
    sys_stackheap_outer.o(.text) refers to libspace.o(.text) for __user_perproc_libspace
    sys_stackheap_outer.o(.text) refers to startup_stm32f10x_hd.o(.text) for __user_initial_stackheap
    rt_raise.o(.text) refers to __raise.o(.text) for __raise
    rt_raise.o(.text) refers to sys_exit.o(.text) for _sys_exit
    term_alloc.o(.text) refers (Special) to libshutdown2.o(.ARM.Collect$$libshutdown$$0000000D) for __rt_lib_shutdown_heap_2
    term_alloc.o(.text) refers to rt_heap_descriptor_intlibspace.o(.text) for __rt_heap_descriptor
    term_alloc.o(.text) refers to h1_final.o(.text) for __Heap_Finalize
    exit.o(.text) refers to rtexit.o(.ARM.Collect$$rtexit$$00000000) for __rt_exit
    defsig_exit.o(.text) refers to sys_exit.o(.text) for _sys_exit
    defsig_rtmem_inner.o(.text) refers to defsig_general.o(.text) for __default_signal_display
    _get_argv_nomalloc.o(.text) refers (Special) to hrguard.o(.text) for __heap_region$guard
    _get_argv_nomalloc.o(.text) refers to defsig_rtmem_outer.o(.text) for __rt_SIGRTMEM
    _get_argv_nomalloc.o(.text) refers to sys_command.o(.text) for _sys_command_string
    libinit.o(.ARM.Collect$$libinit$$00000000) refers (Special) to libinit2.o(.ARM.Collect$$libinit$$0000002A) for __rt_lib_init_alloca_1
    libinit.o(.ARM.Collect$$libinit$$00000000) refers (Special) to libinit2.o(.ARM.Collect$$libinit$$00000028) for __rt_lib_init_argv_1
    libinit.o(.ARM.Collect$$libinit$$00000000) refers (Special) to libinit2.o(.ARM.Collect$$libinit$$00000017) for __rt_lib_init_atexit_1
    libinit.o(.ARM.Collect$$libinit$$00000000) refers (Special) to libinit2.o(.ARM.Collect$$libinit$$0000001D) for __rt_lib_init_clock_1
    libinit.o(.ARM.Collect$$libinit$$00000000) refers (Special) to libinit2.o(.ARM.Collect$$libinit$$0000002E) for __rt_lib_init_cpp_1
    libinit.o(.ARM.Collect$$libinit$$00000000) refers (Special) to libinit2.o(.ARM.Collect$$libinit$$0000002C) for __rt_lib_init_exceptions_1
    libinit.o(.ARM.Collect$$libinit$$00000000) refers (Special) to libinit2.o(.ARM.Collect$$libinit$$0000001B) for __rt_lib_init_fp_trap_1
    libinit.o(.ARM.Collect$$libinit$$00000000) refers (Special) to libinit2.o(.ARM.Collect$$libinit$$0000001F) for __rt_lib_init_getenv_1
    libinit.o(.ARM.Collect$$libinit$$00000000) refers (Special) to libinit2.o(.ARM.Collect$$libinit$$00000006) for __rt_lib_init_heap_1
    libinit.o(.ARM.Collect$$libinit$$00000000) refers (Special) to libinit2.o(.ARM.Collect$$libinit$$0000000D) for __rt_lib_init_lc_collate_1
    libinit.o(.ARM.Collect$$libinit$$00000000) refers (Special) to libinit2.o(.ARM.Collect$$libinit$$0000000F) for __rt_lib_init_lc_ctype_1
    libinit.o(.ARM.Collect$$libinit$$00000000) refers (Special) to libinit2.o(.ARM.Collect$$libinit$$00000011) for __rt_lib_init_lc_monetary_1
    libinit.o(.ARM.Collect$$libinit$$00000000) refers (Special) to libinit2.o(.ARM.Collect$$libinit$$00000013) for __rt_lib_init_lc_numeric_1
    libinit.o(.ARM.Collect$$libinit$$00000000) refers (Special) to libinit2.o(.ARM.Collect$$libinit$$00000015) for __rt_lib_init_lc_time_1
    libinit.o(.ARM.Collect$$libinit$$00000000) refers (Special) to libinit2.o(.ARM.Collect$$libinit$$0000000A) for __rt_lib_init_rand_1
    libinit.o(.ARM.Collect$$libinit$$00000000) refers (Special) to libinit2.o(.ARM.Collect$$libinit$$0000002F) for __rt_lib_init_return
    libinit.o(.ARM.Collect$$libinit$$00000000) refers (Special) to libinit2.o(.ARM.Collect$$libinit$$00000019) for __rt_lib_init_signal_1
    libinit.o(.ARM.Collect$$libinit$$00000000) refers (Special) to libinit2.o(.ARM.Collect$$libinit$$00000021) for __rt_lib_init_stdio_1
    libinit.o(.ARM.Collect$$libinit$$00000000) refers (Special) to libinit2.o(.ARM.Collect$$libinit$$00000008) for __rt_lib_init_user_alloc_1
    libinit.o(.ARM.Collect$$libinit$$00000000) refers to fpinit.o(x$fpl$fpinit) for _fp_init
    sys_exit.o(.text) refers (Special) to use_no_semi.o(.text) for __I$use$semihosting
    sys_exit.o(.text) refers (Special) to indicate_semi.o(.text) for __semihosting_library_function
    rtexit.o(.ARM.Collect$$rtexit$$00000000) refers (Special) to rtexit2.o(.ARM.Collect$$rtexit$$00000004) for __rt_exit_exit
    rtexit.o(.ARM.Collect$$rtexit$$00000000) refers (Special) to rtexit2.o(.ARM.Collect$$rtexit$$00000003) for __rt_exit_ls
    rtexit.o(.ARM.Collect$$rtexit$$00000000) refers (Special) to rtexit2.o(.ARM.Collect$$rtexit$$00000002) for __rt_exit_prels_1
    rtexit.o(.ARM.exidx) refers (Special) to rtexit2.o(.ARM.Collect$$rtexit$$00000004) for __rt_exit_exit
    rtexit.o(.ARM.exidx) refers (Special) to rtexit2.o(.ARM.Collect$$rtexit$$00000003) for __rt_exit_ls
    rtexit.o(.ARM.exidx) refers (Special) to rtexit2.o(.ARM.Collect$$rtexit$$00000002) for __rt_exit_prels_1
    rtexit.o(.ARM.exidx) refers to rtexit.o(.ARM.Collect$$rtexit$$00000000) for .ARM.Collect$$rtexit$$00000000
    __raise.o(.text) refers to defsig.o(CL$$defsig) for __default_signal_handler
    defsig_general.o(.text) refers to sys_wrch.o(.text) for _ttywrch
    libshutdown2.o(.ARM.Collect$$libshutdown$$0000000C) refers (Weak) to term_alloc.o(.text) for _terminate_alloc
    fpinit.o(x$fpl$fpinit) refers to rt_fp_status_addr_intlibspace.o(.text) for __rt_fp_status_addr
    sys_wrch.o(.text) refers (Special) to use_no_semi.o(.text) for __I$use$semihosting
    sys_wrch.o(.text) refers (Special) to indicate_semi.o(.text) for __semihosting_library_function
    rtexit2.o(.ARM.Collect$$rtexit$$00000003) refers to libshutdown.o(.ARM.Collect$$libshutdown$$00000000) for __rt_lib_shutdown
    rtexit2.o(.ARM.Collect$$rtexit$$00000004) refers to sys_exit.o(.text) for _sys_exit
    rtexit2.o(.ARM.exidx) refers to rtexit2.o(.ARM.Collect$$rtexit$$00000001) for .ARM.Collect$$rtexit$$00000001
    rtexit2.o(.ARM.exidx) refers to rtexit2.o(.ARM.Collect$$rtexit$$00000002) for .ARM.Collect$$rtexit$$00000002
    rtexit2.o(.ARM.exidx) refers to rtexit2.o(.ARM.Collect$$rtexit$$00000003) for .ARM.Collect$$rtexit$$00000003
    rtexit2.o(.ARM.exidx) refers to rtexit2.o(.ARM.Collect$$rtexit$$00000004) for .ARM.Collect$$rtexit$$00000004
    rt_fp_status_addr.o(.text) refers to rt_fp_status_addr.o(.bss) for __rt_fp_status_addr_data
    rt_fp_status_addr_intlibspace.o(.text) refers to libspace.o(.bss) for __libspace_start
    defsig.o(CL$$defsig) refers to defsig_rtmem_inner.o(.text) for __rt_SIGRTMEM_inner
    defsig_abrt_inner.o(.text) refers to defsig_general.o(.text) for __default_signal_display
    defsig_fpe_inner.o(.text) refers to defsig_general.o(.text) for __default_signal_display
    defsig_rtred_inner.o(.text) refers to defsig_general.o(.text) for __default_signal_display
    defsig_stak_inner.o(.text) refers to defsig_general.o(.text) for __default_signal_display
    defsig_pvfn_inner.o(.text) refers to defsig_general.o(.text) for __default_signal_display
    defsig_cppl_inner.o(.text) refers to defsig_general.o(.text) for __default_signal_display
    defsig_segv_inner.o(.text) refers to defsig_general.o(.text) for __default_signal_display
    defsig_other.o(.text) refers to defsig_general.o(.text) for __default_signal_display
    libshutdown.o(.ARM.Collect$$libshutdown$$00000000) refers (Special) to libshutdown2.o(.ARM.Collect$$libshutdown$$00000006) for __rt_lib_shutdown_fp_trap_1
    libshutdown.o(.ARM.Collect$$libshutdown$$00000000) refers (Special) to libshutdown2.o(.ARM.Collect$$libshutdown$$0000000E) for __rt_lib_shutdown_heap_1
    libshutdown.o(.ARM.Collect$$libshutdown$$00000000) refers (Special) to libshutdown2.o(.ARM.Collect$$libshutdown$$0000000F) for __rt_lib_shutdown_return
    libshutdown.o(.ARM.Collect$$libshutdown$$00000000) refers (Special) to libshutdown2.o(.ARM.Collect$$libshutdown$$00000009) for __rt_lib_shutdown_signal_1
    libshutdown.o(.ARM.Collect$$libshutdown$$00000000) refers (Special) to libshutdown2.o(.ARM.Collect$$libshutdown$$00000003) for __rt_lib_shutdown_stdio_1
    libshutdown.o(.ARM.Collect$$libshutdown$$00000000) refers (Special) to libshutdown2.o(.ARM.Collect$$libshutdown$$0000000B) for __rt_lib_shutdown_user_alloc_1


==============================================================================

Image Symbol Table

    Local Symbols

    Symbol Name                              Value     Ov Type        Size  Object(Section)

    ../../angel/boardlib.s                   0x00000000   Number         0  boardinit2.o ABSOLUTE
    ../../angel/boardlib.s                   0x00000000   Number         0  boardinit3.o ABSOLUTE
    ../../angel/boardlib.s                   0x00000000   Number         0  boardshut.o ABSOLUTE
    ../../angel/boardlib.s                   0x00000000   Number         0  boardinit1.o ABSOLUTE
    ../../angel/dczerorl2.s                  0x00000000   Number         0  __dczerorl2.o ABSOLUTE
    ../../angel/handlers.s                   0x00000000   Number         0  __scatter_zi.o ABSOLUTE
    ../../angel/kernel.s                     0x00000000   Number         0  rtentry4.o ABSOLUTE
    ../../angel/kernel.s                     0x00000000   Number         0  rtentry2.o ABSOLUTE
    ../../angel/kernel.s                     0x00000000   Number         0  rtentry.o ABSOLUTE
    ../../angel/kernel.s                     0x00000000   Number         0  rtexit.o ABSOLUTE
    ../../angel/kernel.s                     0x00000000   Number         0  rtexit2.o ABSOLUTE
    ../../angel/rt.s                         0x00000000   Number         0  rt_raise.o ABSOLUTE
    ../../angel/rt.s                         0x00000000   Number         0  rt_heap_descriptor_intlibspace.o ABSOLUTE
    ../../angel/rt.s                         0x00000000   Number         0  rt_heap_descriptor.o ABSOLUTE
    ../../angel/rt.s                         0x00000000   Number         0  rt_fp_status_addr_intlibspace.o ABSOLUTE
    ../../angel/rt.s                         0x00000000   Number         0  rt_fp_status_addr.o ABSOLUTE
    ../../angel/scatter.s                    0x00000000   Number         0  __scatter.o ABSOLUTE
    ../../angel/startup.s                    0x00000000   Number         0  __main.o ABSOLUTE
    ../../angel/sys.s                        0x00000000   Number         0  sys_stackheap_outer.o ABSOLUTE
    ../../angel/sys.s                        0x00000000   Number         0  indicate_semi.o ABSOLUTE
    ../../angel/sys.s                        0x00000000   Number         0  use_no_semi.o ABSOLUTE
    ../../angel/sys.s                        0x00000000   Number         0  libspace.o ABSOLUTE
    ../../angel/sys.s                        0x00000000   Number         0  mutex_dummy.o ABSOLUTE
    ../../angel/sysapp.c                     0x00000000   Number         0  sys_wrch.o ABSOLUTE
    ../../angel/sysapp.c                     0x00000000   Number         0  sys_exit.o ABSOLUTE
    ../../angel/sysapp.c                     0x00000000   Number         0  sys_command.o ABSOLUTE
    ../../armsys.c                           0x00000000   Number         0  _get_argv.o ABSOLUTE
    ../../armsys.c                           0x00000000   Number         0  argv_veneer.o ABSOLUTE
    ../../armsys.c                           0x00000000   Number         0  argv_veneer.o ABSOLUTE
    ../../armsys.c                           0x00000000   Number         0  _get_argv_nomalloc.o ABSOLUTE
    ../../armsys.c                           0x00000000   Number         0  no_argv.o ABSOLUTE
    ../../fpinit.s                           0x00000000   Number         0  fpinit.o ABSOLUTE
    ../../heap1.c                            0x00000000   Number         0  h1_alloc_mt.o ABSOLUTE
    ../../heap1.c                            0x00000000   Number         0  h1_init.o ABSOLUTE
    ../../heap1.c                            0x00000000   Number         0  h1_final_mt.o ABSOLUTE
    ../../heap1.c                            0x00000000   Number         0  h1_init_mt.o ABSOLUTE
    ../../heap1.c                            0x00000000   Number         0  h1_free_mt.o ABSOLUTE
    ../../heap1.c                            0x00000000   Number         0  h1_extend.o ABSOLUTE
    ../../heap1.c                            0x00000000   Number         0  h1_extend_mt.o ABSOLUTE
    ../../heap1.c                            0x00000000   Number         0  h1_free.o ABSOLUTE
    ../../heap1.c                            0x00000000   Number         0  h1_alloc.o ABSOLUTE
    ../../heap1.c                            0x00000000   Number         0  h1_final.o ABSOLUTE
    ../../heap2.c                            0x00000000   Number         0  fdtree.o ABSOLUTE
    ../../heap2.c                            0x00000000   Number         0  heap2.o ABSOLUTE
    ../../heap2.c                            0x00000000   Number         0  heap2mt.o ABSOLUTE
    ../../heapalloc.c                        0x00000000   Number         0  hrguard.o ABSOLUTE
    ../../heapalloc.c                        0x00000000   Number         0  init_alloc.o ABSOLUTE
    ../../heapalloc.c                        0x00000000   Number         0  maybetermalloc1.o ABSOLUTE
    ../../heapalloc.c                        0x00000000   Number         0  heapstubs.o ABSOLUTE
    ../../heapalloc.c                        0x00000000   Number         0  maybetermalloc1.o ABSOLUTE
    ../../heapalloc.c                        0x00000000   Number         0  maybetermalloc2.o ABSOLUTE
    ../../heapalloc.c                        0x00000000   Number         0  maybetermalloc2.o ABSOLUTE
    ../../heapalloc.c                        0x00000000   Number         0  free.o ABSOLUTE
    ../../heapalloc.c                        0x00000000   Number         0  malloc.o ABSOLUTE
    ../../heapalloc.c                        0x00000000   Number         0  term_alloc.o ABSOLUTE
    ../../heapalloc.c                        0x00000000   Number         0  hguard.o ABSOLUTE
    ../../heapaux.c                          0x00000000   Number         0  heapauxa.o ABSOLUTE
    ../../heapaux.c                          0x00000000   Number         0  heapauxi.o ABSOLUTE
    ../../libinit.s                          0x00000000   Number         0  libshutdown2.o ABSOLUTE
    ../../libinit.s                          0x00000000   Number         0  libinit.o ABSOLUTE
    ../../libinit.s                          0x00000000   Number         0  libshutdown.o ABSOLUTE
    ../../libinit.s                          0x00000000   Number         0  libinit2.o ABSOLUTE
    ../../memcpset.s                         0x00000000   Number         0  rt_memcpy_w.o ABSOLUTE
    ../../printf.c                           0x00000000   Number         0  __printf_flags_ss.o ABSOLUTE
    ../../printf.c                           0x00000000   Number         0  __printf_wp.o ABSOLUTE
    ../../printf.c                           0x00000000   Number         0  __printf_flags_wp.o ABSOLUTE
    ../../printf.c                           0x00000000   Number         0  __printf_ss_wp.o ABSOLUTE
    ../../printf.c                           0x00000000   Number         0  _printf_hex_int_ptr.o ABSOLUTE
    ../../printf.c                           0x00000000   Number         0  _printf_hex_ptr.o ABSOLUTE
    ../../printf.c                           0x00000000   Number         0  _printf_hex_ll_ptr.o ABSOLUTE
    ../../printf.c                           0x00000000   Number         0  _printf_hex_int_ll.o ABSOLUTE
    ../../printf.c                           0x00000000   Number         0  _printf_hex_int.o ABSOLUTE
    ../../printf.c                           0x00000000   Number         0  _printf_hex_ll.o ABSOLUTE
    ../../printf.c                           0x00000000   Number         0  __printf.o ABSOLUTE
    ../../printf.c                           0x00000000   Number         0  noretval__2printf.o ABSOLUTE
    ../../printf.c                           0x00000000   Number         0  __2printf.o ABSOLUTE
    ../../printf.c                           0x00000000   Number         0  __printf_flags_ss_wp.o ABSOLUTE
    ../../printf.c                           0x00000000   Number         0  _printf_intcommon.o ABSOLUTE
    ../../printf.c                           0x00000000   Number         0  _printf_char_common.o ABSOLUTE
    ../../printf.c                           0x00000000   Number         0  _printf_char_file.o ABSOLUTE
    ../../printf.c                           0x00000000   Number         0  _printf_hex_int_ll_ptr.o ABSOLUTE
    ../../printf.c                           0x00000000   Number         0  __printf_flags.o ABSOLUTE
    ../../printf.c                           0x00000000   Number         0  __printf_nopercent.o ABSOLUTE
    ../../printf.c                           0x00000000   Number         0  __printf_ss.o ABSOLUTE
    ../../printf_percent.s                   0x00000000   Number         0  _printf_percent.o ABSOLUTE
    ../../printf_percent.s                   0x00000000   Number         0  _printf_percent_end.o ABSOLUTE
    ../../printf_percent.s                   0x00000000   Number         0  _printf_x.o ABSOLUTE
    ../../signal.c                           0x00000000   Number         0  defsig_other.o ABSOLUTE
    ../../signal.c                           0x00000000   Number         0  defsig_segv_inner.o ABSOLUTE
    ../../signal.c                           0x00000000   Number         0  defsig_cppl_inner.o ABSOLUTE
    ../../signal.c                           0x00000000   Number         0  defsig_pvfn_inner.o ABSOLUTE
    ../../signal.c                           0x00000000   Number         0  defsig_stak_inner.o ABSOLUTE
    ../../signal.c                           0x00000000   Number         0  defsig_fpe_inner.o ABSOLUTE
    ../../signal.c                           0x00000000   Number         0  defsig_rtmem_outer.o ABSOLUTE
    ../../signal.c                           0x00000000   Number         0  defsig_rtmem_formal.o ABSOLUTE
    ../../signal.c                           0x00000000   Number         0  defsig_abrt_inner.o ABSOLUTE
    ../../signal.c                           0x00000000   Number         0  defsig_rtred_inner.o ABSOLUTE
    ../../signal.c                           0x00000000   Number         0  defsig_general.o ABSOLUTE
    ../../signal.c                           0x00000000   Number         0  __raise.o ABSOLUTE
    ../../signal.c                           0x00000000   Number         0  defsig_rtmem_inner.o ABSOLUTE
    ../../signal.c                           0x00000000   Number         0  defsig_exit.o ABSOLUTE
    ../../signal.s                           0x00000000   Number         0  defsig.o ABSOLUTE
    ../../stdio.c                            0x00000000   Number         0  ferror.o ABSOLUTE
    ../../stdio.c                            0x00000000   Number         0  ferror_locked.o ABSOLUTE
    ../../stdlib.c                           0x00000000   Number         0  exit.o ABSOLUTE
    babbage.c                                0x00000000   Number         0  babbage.o ABSOLUTE
    bcdadd.s                                 0x00000000   Number         0  bcdadd.o ABSOLUTE
    dc.s                                     0x00000000   Number         0  dc.o ABSOLUTE
    debugger.c                               0x00000000   Number         0  debugger.o ABSOLUTE
    startup_stm32f10x_hd.s                   0x00000000   Number         0  startup_stm32f10x_hd.o ABSOLUTE
    RESET                                    0x08000000   Section      304  startup_stm32f10x_hd.o(RESET)
    !!!main                                  0x08000130   Section        8  __main.o(!!!main)
    !!!scatter                               0x08000138   Section       52  __scatter.o(!!!scatter)
    !!dczerorl2                              0x0800016c   Section       90  __dczerorl2.o(!!dczerorl2)
    !!handler_zi                             0x080001c8   Section       28  __scatter_zi.o(!!handler_zi)
    .ARM.Collect$$_printf_percent$$00000000  0x080001e4   Section        0  _printf_percent.o(.ARM.Collect$$_printf_percent$$00000000)
    .ARM.Collect$$_printf_percent$$0000000C  0x080001e4   Section        6  _printf_x.o(.ARM.Collect$$_printf_percent$$0000000C)
    .ARM.Collect$$_printf_percent$$00000017  0x080001ea   Section        4  _printf_percent_end.o(.ARM.Collect$$_printf_percent$$00000017)
    .ARM.Collect$$libinit$$00000000          0x080001ee   Section        6  libinit.o(.ARM.Collect$$libinit$$00000000)
    .ARM.Collect$$libinit$$00000001          0x080001f4   Section        8  libinit2.o(.ARM.Collect$$libinit$$00000001)
    .ARM.Collect$$libinit$$00000006          0x080001fc   Section        0  libinit2.o(.ARM.Collect$$libinit$$00000006)
    .ARM.Collect$$libinit$$00000008          0x080001fc   Section        0  libinit2.o(.ARM.Collect$$libinit$$00000008)
    .ARM.Collect$$libinit$$0000000A          0x080001fc   Section        0  libinit2.o(.ARM.Collect$$libinit$$0000000A)
    .ARM.Collect$$libinit$$0000000D          0x080001fc   Section        0  libinit2.o(.ARM.Collect$$libinit$$0000000D)
    .ARM.Collect$$libinit$$0000000F          0x080001fc   Section        0  libinit2.o(.ARM.Collect$$libinit$$0000000F)
    .ARM.Collect$$libinit$$00000011          0x080001fc   Section        0  libinit2.o(.ARM.Collect$$libinit$$00000011)
    .ARM.Collect$$libinit$$00000013          0x080001fc   Section        0  libinit2.o(.ARM.Collect$$libinit$$00000013)
    .ARM.Collect$$libinit$$00000015          0x080001fc   Section        0  libinit2.o(.ARM.Collect$$libinit$$00000015)
    .ARM.Collect$$libinit$$00000017          0x080001fc   Section        0  libinit2.o(.ARM.Collect$$libinit$$00000017)
    .ARM.Collect$$libinit$$00000019          0x080001fc   Section        0  libinit2.o(.ARM.Collect$$libinit$$00000019)
    .ARM.Collect$$libinit$$0000001B          0x080001fc   Section        0  libinit2.o(.ARM.Collect$$libinit$$0000001B)
    .ARM.Collect$$libinit$$0000001D          0x080001fc   Section        0  libinit2.o(.ARM.Collect$$libinit$$0000001D)
    .ARM.Collect$$libinit$$0000001F          0x080001fc   Section        0  libinit2.o(.ARM.Collect$$libinit$$0000001F)
    .ARM.Collect$$libinit$$00000021          0x080001fc   Section        0  libinit2.o(.ARM.Collect$$libinit$$00000021)
    .ARM.Collect$$libinit$$00000028          0x080001fc   Section        0  libinit2.o(.ARM.Collect$$libinit$$00000028)
    .ARM.Collect$$libinit$$0000002A          0x080001fc   Section        0  libinit2.o(.ARM.Collect$$libinit$$0000002A)
    .ARM.Collect$$libinit$$0000002C          0x080001fc   Section        0  libinit2.o(.ARM.Collect$$libinit$$0000002C)
    .ARM.Collect$$libinit$$0000002E          0x080001fc   Section        0  libinit2.o(.ARM.Collect$$libinit$$0000002E)
    .ARM.Collect$$libinit$$0000002F          0x080001fc   Section        2  libinit2.o(.ARM.Collect$$libinit$$0000002F)
    .ARM.Collect$$libshutdown$$00000000      0x080001fe   Section        2  libshutdown.o(.ARM.Collect$$libshutdown$$00000000)
    .ARM.Collect$$libshutdown$$00000003      0x08000200   Section        0  libshutdown2.o(.ARM.Collect$$libshutdown$$00000003)
    .ARM.Collect$$libshutdown$$00000006      0x08000200   Section        0  libshutdown2.o(.ARM.Collect$$libshutdown$$00000006)
    .ARM.Collect$$libshutdown$$00000009      0x08000200   Section        0  libshutdown2.o(.ARM.Collect$$libshutdown$$00000009)
    .ARM.Collect$$libshutdown$$0000000B      0x08000200   Section        0  libshutdown2.o(.ARM.Collect$$libshutdown$$0000000B)
    .ARM.Collect$$libshutdown$$0000000E      0x08000200   Section        0  libshutdown2.o(.ARM.Collect$$libshutdown$$0000000E)
    .ARM.Collect$$libshutdown$$0000000F      0x08000200   Section        2  libshutdown2.o(.ARM.Collect$$libshutdown$$0000000F)
    .ARM.Collect$$rtentry$$00000000          0x08000202   Section        0  rtentry.o(.ARM.Collect$$rtentry$$00000000)
    .ARM.Collect$$rtentry$$00000002          0x08000202   Section        0  rtentry2.o(.ARM.Collect$$rtentry$$00000002)
    .ARM.Collect$$rtentry$$00000004          0x08000202   Section        6  rtentry4.o(.ARM.Collect$$rtentry$$00000004)
    .ARM.Collect$$rtentry$$00000009          0x08000208   Section        0  rtentry2.o(.ARM.Collect$$rtentry$$00000009)
    .ARM.Collect$$rtentry$$0000000A          0x08000208   Section        4  rtentry2.o(.ARM.Collect$$rtentry$$0000000A)
    .ARM.Collect$$rtentry$$0000000C          0x0800020c   Section        0  rtentry2.o(.ARM.Collect$$rtentry$$0000000C)
    .ARM.Collect$$rtentry$$0000000D          0x0800020c   Section        8  rtentry2.o(.ARM.Collect$$rtentry$$0000000D)
    .ARM.Collect$$rtexit$$00000000           0x08000214   Section        2  rtexit.o(.ARM.Collect$$rtexit$$00000000)
    .ARM.Collect$$rtexit$$00000002           0x08000216   Section        0  rtexit2.o(.ARM.Collect$$rtexit$$00000002)
    .ARM.Collect$$rtexit$$00000003           0x08000216   Section        4  rtexit2.o(.ARM.Collect$$rtexit$$00000003)
    .ARM.Collect$$rtexit$$00000004           0x0800021a   Section        6  rtexit2.o(.ARM.Collect$$rtexit$$00000004)
    .emb_text                                0x08000220   Section        0  maybetermalloc1.o(.emb_text)
    .text                                    0x08000220   Section       56  startup_stm32f10x_hd.o(.text)
    .text                                    0x08000258   Section        0  debugger.o(.text)
    .text                                    0x0800026c   Section        0  babbage.o(.text)
    .text                                    0x080003d8   Section        0  h1_alloc.o(.text)
    .text                                    0x08000436   Section        0  h1_free.o(.text)
    .text                                    0x08000484   Section        0  noretval__2printf.o(.text)
    .text                                    0x0800049c   Section        0  __printf.o(.text)
    .text                                    0x08000508   Section        0  _printf_hex_int.o(.text)
    .text                                    0x08000564   Section      100  rt_memcpy_w.o(.text)
    .text                                    0x080005c8   Section        8  rt_heap_descriptor_intlibspace.o(.text)
    .text                                    0x080005d0   Section        0  hguard.o(.text)
    .text                                    0x080005d4   Section        0  init_alloc.o(.text)
    .text                                    0x0800065e   Section        0  h1_init.o(.text)
    .text                                    0x0800066c   Section        0  _printf_intcommon.o(.text)
    .text                                    0x08000720   Section        0  _printf_char_file.o(.text)
    .text                                    0x08000744   Section        8  libspace.o(.text)
    .text                                    0x0800074c   Section        0  h1_extend.o(.text)
    .text                                    0x08000780   Section        0  _printf_char_common.o(.text)
    _printf_input_char                       0x08000781   Thumb Code    10  _printf_char_common.o(.text)
    .text                                    0x080007b0   Section        0  ferror.o(.text)
    .text                                    0x080007b8   Section        0  defsig_rtmem_outer.o(.text)
    .text                                    0x080007c8   Section        0  heapauxa.o(.text)
    .text                                    0x08000814   Section        2  use_no_semi.o(.text)
    .text                                    0x08000816   Section        0  indicate_semi.o(.text)
    .text                                    0x08000816   Section       74  sys_stackheap_outer.o(.text)
    .text                                    0x08000860   Section        0  exit.o(.text)
    .text                                    0x0800086c   Section        0  defsig_exit.o(.text)
    .text                                    0x08000878   Section        0  defsig_rtmem_inner.o(.text)
    .text                                    0x080008c4   Section        0  sys_exit.o(.text)
    .text                                    0x080008d0   Section        0  defsig_general.o(.text)
    .text                                    0x08000902   Section        0  sys_wrch.o(.text)
    .text                                    0x08000910   Section        8  rt_fp_status_addr_intlibspace.o(.text)
    PROGRAM                                  0x08000918   Section      420  bcdadd.o(PROGRAM)
    x$fpl$fpinit                             0x08000abc   Section       14  fpinit.o(x$fpl$fpinit)
    .constdata                               0x08000acc   Section       96  babbage.o(.constdata)
    .constdata                               0x08000b2c   Section       40  _printf_hex_int.o(.constdata)
    uc_hextab                                0x08000b2c   Data          20  _printf_hex_int.o(.constdata)
    lc_hextab                                0x08000b40   Data          20  _printf_hex_int.o(.constdata)
    .data                                    0x20000000   Section        4  debugger.o(.data)
    .data                                    0x20000004   Section      336  babbage.o(.data)
    .data                                    0x20000154   Section        4  heapauxa.o(.data)
    __rt_heap_escrow_base                    0x20000154   Data           4  heapauxa.o(.data)
    .bss                                     0x20000158   Section       96  libspace.o(.bss)
    HEAP                                     0x200001b8   Section      512  startup_stm32f10x_hd.o(HEAP)
    Heap_Mem                                 0x200001b8   Data         512  startup_stm32f10x_hd.o(HEAP)
    STACK                                    0x200003b8   Section     1024  startup_stm32f10x_hd.o(STACK)
    Stack_Mem                                0x200003b8   Data        1024  startup_stm32f10x_hd.o(STACK)
    __initial_sp                             0x200007b8   Data           0  startup_stm32f10x_hd.o(STACK)

    Global Symbols

    Symbol Name                              Value     Ov Type        Size  Object(Section)

    BuildAttributes$$THM_ISAv4$P$D$K$B$S$PE$A:L22UL41UL21$X:L11$S22US41US21$IEEE1$IW$USESV6$~STKCKD$USESV7$~SHL$OTIME$ROPI$EBA8$UX$STANDARDLIB$REQ8$EABIv2 0x00000000   Number         0  anon$$obj.o ABSOLUTE
    __ARM_use_no_argv                        0x00000000   Number         0  babbage.o ABSOLUTE
    __ARM_exceptions_init                     - Undefined Weak Reference
    __alloca_initialize                       - Undefined Weak Reference
    __cpp_initialize__aeabi_                  - Undefined Weak Reference
    __cxa_finalize                            - Undefined Weak Reference
    __rt_locale                               - Undefined Weak Reference
    __sigvec_lookup                           - Undefined Weak Reference
    __user_heap_extent                        - Undefined Weak Reference
    _atexit_init                              - Undefined Weak Reference
    _call_atexit_fns                          - Undefined Weak Reference
    _clock_init                               - Undefined Weak Reference
    _fp_trap_init                             - Undefined Weak Reference
    _fp_trap_shutdown                         - Undefined Weak Reference
    _get_lc_collate                           - Undefined Weak Reference
    _get_lc_ctype                             - Undefined Weak Reference
    _get_lc_monetary                          - Undefined Weak Reference
    _get_lc_numeric                           - Undefined Weak Reference
    _get_lc_time                              - Undefined Weak Reference
    _getenv_init                              - Undefined Weak Reference
    _handle_redirection                       - Undefined Weak Reference
    _initio                                   - Undefined Weak Reference
    _mutex_acquire                            - Undefined Weak Reference
    _mutex_free                               - Undefined Weak Reference
    _mutex_release                            - Undefined Weak Reference
    _printf_post_padding                      - Undefined Weak Reference
    _printf_pre_padding                       - Undefined Weak Reference
    _printf_truncate_unsigned                 - Undefined Weak Reference
    _rand_init                                - Undefined Weak Reference
    _signal_finish                            - Undefined Weak Reference
    _signal_init                              - Undefined Weak Reference
    _terminateio                              - Undefined Weak Reference
    __Vectors_Size                           0x00000130   Number         0  startup_stm32f10x_hd.o ABSOLUTE
    __Vectors                                0x08000000   Data           4  startup_stm32f10x_hd.o(RESET)
    __Vectors_End                            0x08000130   Data           0  startup_stm32f10x_hd.o(RESET)
    __main                                   0x08000131   Thumb Code     8  __main.o(!!!main)
    __scatterload                            0x08000139   Thumb Code     0  __scatter.o(!!!scatter)
    __scatterload_rt2                        0x08000139   Thumb Code    44  __scatter.o(!!!scatter)
    __scatterload_rt2_thumb_only             0x08000139   Thumb Code     0  __scatter.o(!!!scatter)
    __scatterload_null                       0x08000147   Thumb Code     0  __scatter.o(!!!scatter)
    __decompress                             0x0800016d   Thumb Code    90  __dczerorl2.o(!!dczerorl2)
    __decompress1                            0x0800016d   Thumb Code     0  __dczerorl2.o(!!dczerorl2)
    __scatterload_zeroinit                   0x080001c9   Thumb Code    28  __scatter_zi.o(!!handler_zi)
    _printf_percent                          0x080001e5   Thumb Code     0  _printf_percent.o(.ARM.Collect$$_printf_percent$$00000000)
    _printf_x                                0x080001e5   Thumb Code     0  _printf_x.o(.ARM.Collect$$_printf_percent$$0000000C)
    _printf_percent_end                      0x080001eb   Thumb Code     0  _printf_percent_end.o(.ARM.Collect$$_printf_percent$$00000017)
    __rt_lib_init                            0x080001ef   Thumb Code     0  libinit.o(.ARM.Collect$$libinit$$00000000)
    __rt_lib_init_heap_2                     0x080001f5   Thumb Code     0  libinit2.o(.ARM.Collect$$libinit$$00000001)
    __rt_lib_init_alloca_1                   0x080001fd   Thumb Code     0  libinit2.o(.ARM.Collect$$libinit$$0000002A)
    __rt_lib_init_argv_1                     0x080001fd   Thumb Code     0  libinit2.o(.ARM.Collect$$libinit$$00000028)
    __rt_lib_init_atexit_1                   0x080001fd   Thumb Code     0  libinit2.o(.ARM.Collect$$libinit$$00000017)
    __rt_lib_init_clock_1                    0x080001fd   Thumb Code     0  libinit2.o(.ARM.Collect$$libinit$$0000001D)
    __rt_lib_init_cpp_1                      0x080001fd   Thumb Code     0  libinit2.o(.ARM.Collect$$libinit$$0000002E)
    __rt_lib_init_exceptions_1               0x080001fd   Thumb Code     0  libinit2.o(.ARM.Collect$$libinit$$0000002C)
    __rt_lib_init_fp_trap_1                  0x080001fd   Thumb Code     0  libinit2.o(.ARM.Collect$$libinit$$0000001B)
    __rt_lib_init_getenv_1                   0x080001fd   Thumb Code     0  libinit2.o(.ARM.Collect$$libinit$$0000001F)
    __rt_lib_init_heap_1                     0x080001fd   Thumb Code     0  libinit2.o(.ARM.Collect$$libinit$$00000006)
    __rt_lib_init_lc_collate_1               0x080001fd   Thumb Code     0  libinit2.o(.ARM.Collect$$libinit$$0000000D)
    __rt_lib_init_lc_ctype_1                 0x080001fd   Thumb Code     0  libinit2.o(.ARM.Collect$$libinit$$0000000F)
    __rt_lib_init_lc_monetary_1              0x080001fd   Thumb Code     0  libinit2.o(.ARM.Collect$$libinit$$00000011)
    __rt_lib_init_lc_numeric_1               0x080001fd   Thumb Code     0  libinit2.o(.ARM.Collect$$libinit$$00000013)
    __rt_lib_init_lc_time_1                  0x080001fd   Thumb Code     0  libinit2.o(.ARM.Collect$$libinit$$00000015)
    __rt_lib_init_rand_1                     0x080001fd   Thumb Code     0  libinit2.o(.ARM.Collect$$libinit$$0000000A)
    __rt_lib_init_return                     0x080001fd   Thumb Code     0  libinit2.o(.ARM.Collect$$libinit$$0000002F)
    __rt_lib_init_signal_1                   0x080001fd   Thumb Code     0  libinit2.o(.ARM.Collect$$libinit$$00000019)
    __rt_lib_init_stdio_1                    0x080001fd   Thumb Code     0  libinit2.o(.ARM.Collect$$libinit$$00000021)
    __rt_lib_init_user_alloc_1               0x080001fd   Thumb Code     0  libinit2.o(.ARM.Collect$$libinit$$00000008)
    __rt_lib_shutdown                        0x080001ff   Thumb Code     0  libshutdown.o(.ARM.Collect$$libshutdown$$00000000)
    __rt_lib_shutdown_fp_trap_1              0x08000201   Thumb Code     0  libshutdown2.o(.ARM.Collect$$libshutdown$$00000006)
    __rt_lib_shutdown_heap_1                 0x08000201   Thumb Code     0  libshutdown2.o(.ARM.Collect$$libshutdown$$0000000E)
    __rt_lib_shutdown_return                 0x08000201   Thumb Code     0  libshutdown2.o(.ARM.Collect$$libshutdown$$0000000F)
    __rt_lib_shutdown_signal_1               0x08000201   Thumb Code     0  libshutdown2.o(.ARM.Collect$$libshutdown$$00000009)
    __rt_lib_shutdown_stdio_1                0x08000201   Thumb Code     0  libshutdown2.o(.ARM.Collect$$libshutdown$$00000003)
    __rt_lib_shutdown_user_alloc_1           0x08000201   Thumb Code     0  libshutdown2.o(.ARM.Collect$$libshutdown$$0000000B)
    __rt_entry                               0x08000203   Thumb Code     0  rtentry.o(.ARM.Collect$$rtentry$$00000000)
    __rt_entry_presh_1                       0x08000203   Thumb Code     0  rtentry2.o(.ARM.Collect$$rtentry$$00000002)
    __rt_entry_sh                            0x08000203   Thumb Code     0  rtentry4.o(.ARM.Collect$$rtentry$$00000004)
    __rt_entry_li                            0x08000209   Thumb Code     0  rtentry2.o(.ARM.Collect$$rtentry$$0000000A)
    __rt_entry_postsh_1                      0x08000209   Thumb Code     0  rtentry2.o(.ARM.Collect$$rtentry$$00000009)
    __rt_entry_main                          0x0800020d   Thumb Code     0  rtentry2.o(.ARM.Collect$$rtentry$$0000000D)
    __rt_entry_postli_1                      0x0800020d   Thumb Code     0  rtentry2.o(.ARM.Collect$$rtentry$$0000000C)
    __rt_exit                                0x08000215   Thumb Code     0  rtexit.o(.ARM.Collect$$rtexit$$00000000)
    __rt_exit_ls                             0x08000217   Thumb Code     0  rtexit2.o(.ARM.Collect$$rtexit$$00000003)
    __rt_exit_prels_1                        0x08000217   Thumb Code     0  rtexit2.o(.ARM.Collect$$rtexit$$00000002)
    __rt_exit_exit                           0x0800021b   Thumb Code     0  rtexit2.o(.ARM.Collect$$rtexit$$00000004)
    Reset_Handler                            0x08000221   Thumb Code     4  startup_stm32f10x_hd.o(.text)
    _maybe_terminate_alloc                   0x08000221   Thumb Code     0  maybetermalloc1.o(.emb_text)
    NMI_Handler                              0x08000225   Thumb Code     2  startup_stm32f10x_hd.o(.text)
    HardFault_Handler                        0x08000227   Thumb Code     2  startup_stm32f10x_hd.o(.text)
    MemManage_Handler                        0x08000229   Thumb Code     2  startup_stm32f10x_hd.o(.text)
    BusFault_Handler                         0x0800022b   Thumb Code     2  startup_stm32f10x_hd.o(.text)
    UsageFault_Handler                       0x0800022d   Thumb Code     2  startup_stm32f10x_hd.o(.text)
    SVC_Handler                              0x0800022f   Thumb Code     2  startup_stm32f10x_hd.o(.text)
    DebugMon_Handler                         0x08000231   Thumb Code     2  startup_stm32f10x_hd.o(.text)
    PendSV_Handler                           0x08000233   Thumb Code     2  startup_stm32f10x_hd.o(.text)
    SysTick_Handler                          0x08000235   Thumb Code     2  startup_stm32f10x_hd.o(.text)
    ADC1_2_IRQHandler                        0x08000237   Thumb Code     0  startup_stm32f10x_hd.o(.text)
    ADC3_IRQHandler                          0x08000237   Thumb Code     0  startup_stm32f10x_hd.o(.text)
    CAN1_RX1_IRQHandler                      0x08000237   Thumb Code     0  startup_stm32f10x_hd.o(.text)
    CAN1_SCE_IRQHandler                      0x08000237   Thumb Code     0  startup_stm32f10x_hd.o(.text)
    DMA1_Channel1_IRQHandler                 0x08000237   Thumb Code     0  startup_stm32f10x_hd.o(.text)
    DMA1_Channel2_IRQHandler                 0x08000237   Thumb Code     0  startup_stm32f10x_hd.o(.text)
    DMA1_Channel3_IRQHandler                 0x08000237   Thumb Code     0  startup_stm32f10x_hd.o(.text)
    DMA1_Channel4_IRQHandler                 0x08000237   Thumb Code     0  startup_stm32f10x_hd.o(.text)
    DMA1_Channel5_IRQHandler                 0x08000237   Thumb Code     0  startup_stm32f10x_hd.o(.text)
    DMA1_Channel6_IRQHandler                 0x08000237   Thumb Code     0  startup_stm32f10x_hd.o(.text)
    DMA1_Channel7_IRQHandler                 0x08000237   Thumb Code     0  startup_stm32f10x_hd.o(.text)
    DMA2_Channel1_IRQHandler                 0x08000237   Thumb Code     0  startup_stm32f10x_hd.o(.text)
    DMA2_Channel2_IRQHandler                 0x08000237   Thumb Code     0  startup_stm32f10x_hd.o(.text)
    DMA2_Channel3_IRQHandler                 0x08000237   Thumb Code     0  startup_stm32f10x_hd.o(.text)
    DMA2_Channel4_5_IRQHandler               0x08000237   Thumb Code     0  startup_stm32f10x_hd.o(.text)
    EXTI0_IRQHandler                         0x08000237   Thumb Code     0  startup_stm32f10x_hd.o(.text)
    EXTI15_10_IRQHandler                     0x08000237   Thumb Code     0  startup_stm32f10x_hd.o(.text)
    EXTI1_IRQHandler                         0x08000237   Thumb Code     0  startup_stm32f10x_hd.o(.text)
    EXTI2_IRQHandler                         0x08000237   Thumb Code     0  startup_stm32f10x_hd.o(.text)
    EXTI3_IRQHandler                         0x08000237   Thumb Code     0  startup_stm32f10x_hd.o(.text)
    EXTI4_IRQHandler                         0x08000237   Thumb Code     0  startup_stm32f10x_hd.o(.text)
    EXTI9_5_IRQHandler                       0x08000237   Thumb Code     0  startup_stm32f10x_hd.o(.text)
    FLASH_IRQHandler                         0x08000237   Thumb Code     0  startup_stm32f10x_hd.o(.text)
    FSMC_IRQHandler                          0x08000237   Thumb Code     0  startup_stm32f10x_hd.o(.text)
    I2C1_ER_IRQHandler                       0x08000237   Thumb Code     0  startup_stm32f10x_hd.o(.text)
    I2C1_EV_IRQHandler                       0x08000237   Thumb Code     0  startup_stm32f10x_hd.o(.text)
    I2C2_ER_IRQHandler                       0x08000237   Thumb Code     0  startup_stm32f10x_hd.o(.text)
    I2C2_EV_IRQHandler                       0x08000237   Thumb Code     0  startup_stm32f10x_hd.o(.text)
    PVD_IRQHandler                           0x08000237   Thumb Code     0  startup_stm32f10x_hd.o(.text)
    RCC_IRQHandler                           0x08000237   Thumb Code     0  startup_stm32f10x_hd.o(.text)
    RTCAlarm_IRQHandler                      0x08000237   Thumb Code     0  startup_stm32f10x_hd.o(.text)
    RTC_IRQHandler                           0x08000237   Thumb Code     0  startup_stm32f10x_hd.o(.text)
    SDIO_IRQHandler                          0x08000237   Thumb Code     0  startup_stm32f10x_hd.o(.text)
    SPI1_IRQHandler                          0x08000237   Thumb Code     0  startup_stm32f10x_hd.o(.text)
    SPI2_IRQHandler                          0x08000237   Thumb Code     0  startup_stm32f10x_hd.o(.text)
    SPI3_IRQHandler                          0x08000237   Thumb Code     0  startup_stm32f10x_hd.o(.text)
    TAMPER_IRQHandler                        0x08000237   Thumb Code     0  startup_stm32f10x_hd.o(.text)
    TIM1_BRK_IRQHandler                      0x08000237   Thumb Code     0  startup_stm32f10x_hd.o(.text)
    TIM1_CC_IRQHandler                       0x08000237   Thumb Code     0  startup_stm32f10x_hd.o(.text)
    TIM1_TRG_COM_IRQHandler                  0x08000237   Thumb Code     0  startup_stm32f10x_hd.o(.text)
    TIM1_UP_IRQHandler                       0x08000237   Thumb Code     0  startup_stm32f10x_hd.o(.text)
    TIM2_IRQHandler                          0x08000237   Thumb Code     0  startup_stm32f10x_hd.o(.text)
    TIM3_IRQHandler                          0x08000237   Thumb Code     0  startup_stm32f10x_hd.o(.text)
    TIM4_IRQHandler                          0x08000237   Thumb Code     0  startup_stm32f10x_hd.o(.text)
    TIM5_IRQHandler                          0x08000237   Thumb Code     0  startup_stm32f10x_hd.o(.text)
    TIM6_IRQHandler                          0x08000237   Thumb Code     0  startup_stm32f10x_hd.o(.text)
    TIM7_IRQHandler                          0x08000237   Thumb Code     0  startup_stm32f10x_hd.o(.text)
    TIM8_BRK_IRQHandler                      0x08000237   Thumb Code     0  startup_stm32f10x_hd.o(.text)
    TIM8_CC_IRQHandler                       0x08000237   Thumb Code     0  startup_stm32f10x_hd.o(.text)
    TIM8_TRG_COM_IRQHandler                  0x08000237   Thumb Code     0  startup_stm32f10x_hd.o(.text)
    TIM8_UP_IRQHandler                       0x08000237   Thumb Code     0  startup_stm32f10x_hd.o(.text)
    UART4_IRQHandler                         0x08000237   Thumb Code     0  startup_stm32f10x_hd.o(.text)
    UART5_IRQHandler                         0x08000237   Thumb Code     0  startup_stm32f10x_hd.o(.text)
    USART1_IRQHandler                        0x08000237   Thumb Code     0  startup_stm32f10x_hd.o(.text)
    USART2_IRQHandler                        0x08000237   Thumb Code     0  startup_stm32f10x_hd.o(.text)
    USART3_IRQHandler                        0x08000237   Thumb Code     0  startup_stm32f10x_hd.o(.text)
    USBWakeUp_IRQHandler                     0x08000237   Thumb Code     0  startup_stm32f10x_hd.o(.text)
    USB_HP_CAN1_TX_IRQHandler                0x08000237   Thumb Code     0  startup_stm32f10x_hd.o(.text)
    USB_LP_CAN1_RX0_IRQHandler               0x08000237   Thumb Code     0  startup_stm32f10x_hd.o(.text)
    WWDG_IRQHandler                          0x08000237   Thumb Code     0  startup_stm32f10x_hd.o(.text)
    __user_initial_stackheap                 0x08000239   Thumb Code     0  startup_stm32f10x_hd.o(.text)
    fputc                                    0x08000259   Thumb Code    20  debugger.o(.text)
    babbage                                  0x0800026d   Thumb Code   214  babbage.o(.text)
    main                                     0x08000343   Thumb Code   114  babbage.o(.text)
    malloc                                   0x080003d9   Thumb Code    94  h1_alloc.o(.text)
    free                                     0x08000437   Thumb Code    78  h1_free.o(.text)
    __2printf                                0x08000485   Thumb Code    20  noretval__2printf.o(.text)
    __printf                                 0x0800049d   Thumb Code   106  __printf.o(.text)
    _printf_int_hex                          0x08000509   Thumb Code    88  _printf_hex_int.o(.text)
    _printf_longlong_hex                     0x08000509   Thumb Code     0  _printf_hex_int.o(.text)
    __aeabi_memcpy4                          0x08000565   Thumb Code     0  rt_memcpy_w.o(.text)
    __aeabi_memcpy8                          0x08000565   Thumb Code     0  rt_memcpy_w.o(.text)
    __rt_memcpy_w                            0x08000565   Thumb Code   100  rt_memcpy_w.o(.text)
    _memcpy_lastbytes_aligned                0x080005ad   Thumb Code     0  rt_memcpy_w.o(.text)
    __rt_heap_descriptor                     0x080005c9   Thumb Code     8  rt_heap_descriptor_intlibspace.o(.text)
    __use_no_heap                            0x080005d1   Thumb Code     2  hguard.o(.text)
    __heap$guard                             0x080005d3   Thumb Code     2  hguard.o(.text)
    _terminate_user_alloc                    0x080005d5   Thumb Code     2  init_alloc.o(.text)
    _init_user_alloc                         0x080005d7   Thumb Code     2  init_alloc.o(.text)
    __Heap_Full                              0x080005d9   Thumb Code    34  init_alloc.o(.text)
    __Heap_Broken                            0x080005fb   Thumb Code     6  init_alloc.o(.text)
    _init_alloc                              0x08000601   Thumb Code    94  init_alloc.o(.text)
    __Heap_Initialize                        0x0800065f   Thumb Code    10  h1_init.o(.text)
    __Heap_DescSize                          0x08000669   Thumb Code     4  h1_init.o(.text)
    _printf_int_common                       0x0800066d   Thumb Code   180  _printf_intcommon.o(.text)
    _printf_char_file                        0x08000721   Thumb Code    32  _printf_char_file.o(.text)
    __user_libspace                          0x08000745   Thumb Code     8  libspace.o(.text)
    __user_perproc_libspace                  0x08000745   Thumb Code     0  libspace.o(.text)
    __user_perthread_libspace                0x08000745   Thumb Code     0  libspace.o(.text)
    __Heap_ProvideMemory                     0x0800074d   Thumb Code    52  h1_extend.o(.text)
    _printf_char_common                      0x0800078b   Thumb Code    32  _printf_char_common.o(.text)
    ferror                                   0x080007b1   Thumb Code     8  ferror.o(.text)
    __rt_SIGRTMEM                            0x080007b9   Thumb Code    14  defsig_rtmem_outer.o(.text)
    __rt_heap_escrow                         0x080007c9   Thumb Code    20  heapauxa.o(.text)
    __rt_heap_expand                         0x080007dd   Thumb Code    52  heapauxa.o(.text)
    __I$use$semihosting                      0x08000815   Thumb Code     0  use_no_semi.o(.text)
    __use_no_semihosting_swi                 0x08000815   Thumb Code     2  use_no_semi.o(.text)
    __semihosting_library_function           0x08000817   Thumb Code     0  indicate_semi.o(.text)
    __user_setup_stackheap                   0x08000817   Thumb Code    74  sys_stackheap_outer.o(.text)
    exit                                     0x08000861   Thumb Code    12  exit.o(.text)
    __sig_exit                               0x0800086d   Thumb Code    10  defsig_exit.o(.text)
    __rt_SIGRTMEM_inner                      0x08000879   Thumb Code    20  defsig_rtmem_inner.o(.text)
    _sys_exit                                0x080008c5   Thumb Code     8  sys_exit.o(.text)
    __default_signal_display                 0x080008d1   Thumb Code    50  defsig_general.o(.text)
    _ttywrch                                 0x08000903   Thumb Code    14  sys_wrch.o(.text)
    __rt_fp_status_addr                      0x08000911   Thumb Code     8  rt_fp_status_addr_intlibspace.o(.text)
    wrapper                                  0x08000919   Thumb Code     0  bcdadd.o(PROGRAM)
    bcdadd                                   0x080009a3   Thumb Code     0  bcdadd.o(PROGRAM)
    _fp_init                                 0x08000abd   Thumb Code    14  fpinit.o(x$fpl$fpinit)
    __fplib_config_pureend_doubles           0x08000ac9   Thumb Code     0  fpinit.o(x$fpl$fpinit)
    Region$$Table$$Base                      0x08000b54   Number         0  anon$$obj.o(Region$$Table)
    Region$$Table$$Limit                     0x08000b74   Number         0  anon$$obj.o(Region$$Table)
    __stdout                                 0x20000000   Data           4  debugger.o(.data)
    elements1                                0x20000004   Data          36  babbage.o(.data)
    expected1                                0x20000028   Data          36  babbage.o(.data)
    elements2                                0x2000004c   Data          24  babbage.o(.data)
    expected2                                0x20000064   Data          24  babbage.o(.data)
    elements3                                0x2000007c   Data          20  babbage.o(.data)
    expected3                                0x20000090   Data          20  babbage.o(.data)
    elements4                                0x200000a4   Data          20  babbage.o(.data)
    expected4                                0x200000b8   Data          20  babbage.o(.data)
    elements5                                0x200000cc   Data          24  babbage.o(.data)
    expected5                                0x200000e4   Data          24  babbage.o(.data)
    elements6                                0x200000fc   Data          44  babbage.o(.data)
    expected6                                0x20000128   Data          44  babbage.o(.data)
    __libspace_start                         0x20000158   Data          96  libspace.o(.bss)
    __temporary_stack_top$libspace           0x200001b8   Data           0  libspace.o(.bss)



==============================================================================

Memory Map of the image

  Image Entry point : 0x08000221

  Load Region LR_1 (Base: 0x08000000, Size: 0x00000ccc, Max: 0xffffffff, ABSOLUTE, COMPRESSED[0x00000bf8])

    Execution Region ER_RO (Base: 0x08000000, Size: 0x00000b74, Max: 0xffffffff, ABSOLUTE)

    Base Addr    Size         Type   Attr      Idx    E Section Name        Object

    0x08000000   0x00000130   Data   RO            3    RESET               startup_stm32f10x_hd.o
    0x08000130   0x00000008   Code   RO          257  * !!!main             c_w.l(__main.o)
    0x08000138   0x00000034   Code   RO          483    !!!scatter          c_w.l(__scatter.o)
    0x0800016c   0x0000005a   Code   RO          481    !!dczerorl2         c_w.l(__dczerorl2.o)
    0x080001c6   0x00000002   PAD
    0x080001c8   0x0000001c   Code   RO          485    !!handler_zi        c_w.l(__scatter_zi.o)
    0x080001e4   0x00000000   Code   RO          254    .ARM.Collect$$_printf_percent$$00000000  c_w.l(_printf_percent.o)
    0x080001e4   0x00000006   Code   RO          253    .ARM.Collect$$_printf_percent$$0000000C  c_w.l(_printf_x.o)
    0x080001ea   0x00000004   Code   RO          292    .ARM.Collect$$_printf_percent$$00000017  c_w.l(_printf_percent_end.o)
    0x080001ee   0x00000006   Code   RO          413    .ARM.Collect$$libinit$$00000000  c_w.l(libinit.o)
    0x080001f4   0x00000008   Code   RO          295    .ARM.Collect$$libinit$$00000001  c_w.l(libinit2.o)
    0x080001fc   0x00000000   Code   RO          297    .ARM.Collect$$libinit$$00000006  c_w.l(libinit2.o)
    0x080001fc   0x00000000   Code   RO          299    .ARM.Collect$$libinit$$00000008  c_w.l(libinit2.o)
    0x080001fc   0x00000000   Code   RO          301    .ARM.Collect$$libinit$$0000000A  c_w.l(libinit2.o)
    0x080001fc   0x00000000   Code   RO          304    .ARM.Collect$$libinit$$0000000D  c_w.l(libinit2.o)
    0x080001fc   0x00000000   Code   RO          306    .ARM.Collect$$libinit$$0000000F  c_w.l(libinit2.o)
    0x080001fc   0x00000000   Code   RO          308    .ARM.Collect$$libinit$$00000011  c_w.l(libinit2.o)
    0x080001fc   0x00000000   Code   RO          310    .ARM.Collect$$libinit$$00000013  c_w.l(libinit2.o)
    0x080001fc   0x00000000   Code   RO          312    .ARM.Collect$$libinit$$00000015  c_w.l(libinit2.o)
    0x080001fc   0x00000000   Code   RO          314    .ARM.Collect$$libinit$$00000017  c_w.l(libinit2.o)
    0x080001fc   0x00000000   Code   RO          316    .ARM.Collect$$libinit$$00000019  c_w.l(libinit2.o)
    0x080001fc   0x00000000   Code   RO          318    .ARM.Collect$$libinit$$0000001B  c_w.l(libinit2.o)
    0x080001fc   0x00000000   Code   RO          320    .ARM.Collect$$libinit$$0000001D  c_w.l(libinit2.o)
    0x080001fc   0x00000000   Code   RO          322    .ARM.Collect$$libinit$$0000001F  c_w.l(libinit2.o)
    0x080001fc   0x00000000   Code   RO          324    .ARM.Collect$$libinit$$00000021  c_w.l(libinit2.o)
    0x080001fc   0x00000000   Code   RO          328    .ARM.Collect$$libinit$$00000028  c_w.l(libinit2.o)
    0x080001fc   0x00000000   Code   RO          330    .ARM.Collect$$libinit$$0000002A  c_w.l(libinit2.o)
    0x080001fc   0x00000000   Code   RO          332    .ARM.Collect$$libinit$$0000002C  c_w.l(libinit2.o)
    0x080001fc   0x00000000   Code   RO          334    .ARM.Collect$$libinit$$0000002E  c_w.l(libinit2.o)
    0x080001fc   0x00000002   Code   RO          335    .ARM.Collect$$libinit$$0000002F  c_w.l(libinit2.o)
    0x080001fe   0x00000002   Code   RO          478    .ARM.Collect$$libshutdown$$00000000  c_w.l(libshutdown.o)
    0x08000200   0x00000000   Code   RO          428    .ARM.Collect$$libshutdown$$00000003  c_w.l(libshutdown2.o)
    0x08000200   0x00000000   Code   RO          431    .ARM.Collect$$libshutdown$$00000006  c_w.l(libshutdown2.o)
    0x08000200   0x00000000   Code   RO          434    .ARM.Collect$$libshutdown$$00000009  c_w.l(libshutdown2.o)
    0x08000200   0x00000000   Code   RO          436    .ARM.Collect$$libshutdown$$0000000B  c_w.l(libshutdown2.o)
    0x08000200   0x00000000   Code   RO          439    .ARM.Collect$$libshutdown$$0000000E  c_w.l(libshutdown2.o)
    0x08000200   0x00000002   Code   RO          440    .ARM.Collect$$libshutdown$$0000000F  c_w.l(libshutdown2.o)
    0x08000202   0x00000000   Code   RO          261    .ARM.Collect$$rtentry$$00000000  c_w.l(rtentry.o)
    0x08000202   0x00000000   Code   RO          342    .ARM.Collect$$rtentry$$00000002  c_w.l(rtentry2.o)
    0x08000202   0x00000006   Code   RO          357    .ARM.Collect$$rtentry$$00000004  c_w.l(rtentry4.o)
    0x08000208   0x00000000   Code   RO          344    .ARM.Collect$$rtentry$$00000009  c_w.l(rtentry2.o)
    0x08000208   0x00000004   Code   RO          345    .ARM.Collect$$rtentry$$0000000A  c_w.l(rtentry2.o)
    0x0800020c   0x00000000   Code   RO          347    .ARM.Collect$$rtentry$$0000000C  c_w.l(rtentry2.o)
    0x0800020c   0x00000008   Code   RO          348    .ARM.Collect$$rtentry$$0000000D  c_w.l(rtentry2.o)
    0x08000214   0x00000002   Code   RO          416    .ARM.Collect$$rtexit$$00000000  c_w.l(rtexit.o)
    0x08000216   0x00000000   Code   RO          446    .ARM.Collect$$rtexit$$00000002  c_w.l(rtexit2.o)
    0x08000216   0x00000004   Code   RO          447    .ARM.Collect$$rtexit$$00000003  c_w.l(rtexit2.o)
    0x0800021a   0x00000006   Code   RO          448    .ARM.Collect$$rtexit$$00000004  c_w.l(rtexit2.o)
    0x08000220   0x00000000   Code   RO          361    .emb_text           c_w.l(maybetermalloc1.o)
    0x08000220   0x00000038   Code   RO            4  * .text               startup_stm32f10x_hd.o
    0x08000258   0x00000014   Code   RO           13    .text               debugger.o
    0x0800026c   0x0000016c   Code   RO           33    .text               babbage.o
    0x080003d8   0x0000005e   Code   RO          148    .text               c_w.l(h1_alloc.o)
    0x08000436   0x0000004e   Code   RO          150    .text               c_w.l(h1_free.o)
    0x08000484   0x00000018   Code   RO          208    .text               c_w.l(noretval__2printf.o)
    0x0800049c   0x0000006a   Code   RO          210    .text               c_w.l(__printf.o)
    0x08000506   0x00000002   PAD
    0x08000508   0x0000005c   Code   RO          215    .text               c_w.l(_printf_hex_int.o)
    0x08000564   0x00000064   Code   RO          255    .text               c_w.l(rt_memcpy_w.o)
    0x080005c8   0x00000008   Code   RO          266    .text               c_w.l(rt_heap_descriptor_intlibspace.o)
    0x080005d0   0x00000004   Code   RO          268    .text               c_w.l(hguard.o)
    0x080005d4   0x0000008a   Code   RO          270    .text               c_w.l(init_alloc.o)
    0x0800065e   0x0000000e   Code   RO          274    .text               c_w.l(h1_init.o)
    0x0800066c   0x000000b4   Code   RO          288    .text               c_w.l(_printf_intcommon.o)
    0x08000720   0x00000024   Code   RO          290    .text               c_w.l(_printf_char_file.o)
    0x08000744   0x00000008   Code   RO          338    .text               c_w.l(libspace.o)
    0x0800074c   0x00000034   Code   RO          365    .text               c_w.l(h1_extend.o)
    0x08000780   0x00000030   Code   RO          369    .text               c_w.l(_printf_char_common.o)
    0x080007b0   0x00000008   Code   RO          371    .text               c_w.l(ferror.o)
    0x080007b8   0x0000000e   Code   RO          375    .text               c_w.l(defsig_rtmem_outer.o)
    0x080007c6   0x00000002   PAD
    0x080007c8   0x0000004c   Code   RO          379    .text               c_w.l(heapauxa.o)
    0x08000814   0x00000002   Code   RO          386    .text               c_w.l(use_no_semi.o)
    0x08000816   0x00000000   Code   RO          388    .text               c_w.l(indicate_semi.o)
    0x08000816   0x0000004a   Code   RO          389    .text               c_w.l(sys_stackheap_outer.o)
    0x08000860   0x0000000c   Code   RO          397    .text               c_w.l(exit.o)
    0x0800086c   0x0000000a   Code   RO          399    .text               c_w.l(defsig_exit.o)
    0x08000876   0x00000002   PAD
    0x08000878   0x0000004c   Code   RO          401    .text               c_w.l(defsig_rtmem_inner.o)
    0x080008c4   0x0000000c   Code   RO          414    .text               c_w.l(sys_exit.o)
    0x080008d0   0x00000032   Code   RO          424    .text               c_w.l(defsig_general.o)
    0x08000902   0x0000000e   Code   RO          443    .text               c_w.l(sys_wrch.o)
    0x08000910   0x00000008   Code   RO          456    .text               c_w.l(rt_fp_status_addr_intlibspace.o)
    0x08000918   0x000001a4   Code   RO           10  * PROGRAM             bcdadd.o
    0x08000abc   0x0000000e   Code   RO          441    x$fpl$fpinit        fz_ws.l(fpinit.o)
    0x08000aca   0x00000002   PAD
    0x08000acc   0x00000060   Data   RO           34    .constdata          babbage.o
    0x08000b2c   0x00000028   Data   RO          216    .constdata          c_w.l(_printf_hex_int.o)
    0x08000b54   0x00000020   Data   RO          479    Region$$Table       anon$$obj.o


    Execution Region ER_RW (Base: 0x20000000, Size: 0x00000158, Max: 0xffffffff, ABSOLUTE, COMPRESSED[0x00000084])

    Base Addr    Size         Type   Attr      Idx    E Section Name        Object

    0x20000000   0x00000004   Data   RW           14    .data               debugger.o
    0x20000004   0x00000150   Data   RW           35    .data               babbage.o
    0x20000154   0x00000004   Data   RW          380    .data               c_w.l(heapauxa.o)


    Execution Region ER_ZI (Base: 0x20000158, Size: 0x00000660, Max: 0xffffffff, ABSOLUTE)

    Base Addr    Size         Type   Attr      Idx    E Section Name        Object

    0x20000158   0x00000060   Zero   RW          339    .bss                c_w.l(libspace.o)
    0x200001b8   0x00000200   Zero   RW            2    HEAP                startup_stm32f10x_hd.o
    0x200003b8   0x00000400   Zero   RW            1    STACK               startup_stm32f10x_hd.o


==============================================================================

Image component sizes


      Code (inc. data)   RO Data    RW Data    ZI Data      Debug   Object Name

       364         36         96        336          0       2493   babbage.o
       420         56          0          0          0        328   bcdadd.o
        20          0          0          4          0       3438   debugger.o
        56         22        304          0       1536        780   startup_stm32f10x_hd.o

    ----------------------------------------------------------------------
       860        114        432        340       1536       7039   Object Totals
         0          0         32          0          0          0   (incl. Generated)
         0          0          0          0          0          0   (incl. Padding)

    ----------------------------------------------------------------------

      Code (inc. data)   RO Data    RW Data    ZI Data      Debug   Library Member Name

        90          0          0          0          0          0   __dczerorl2.o
         8          0          0          0          0         68   __main.o
       106          0          0          0          0         84   __printf.o
        52          8          0          0          0          0   __scatter.o
        28          0          0          0          0          0   __scatter_zi.o
        48          6          0          0          0         96   _printf_char_common.o
        36          4          0          0          0         80   _printf_char_file.o
        92          4         40          0          0         88   _printf_hex_int.o
       180          0          0          0          0         88   _printf_intcommon.o
         0          0          0          0          0          0   _printf_percent.o
         4          0          0          0          0          0   _printf_percent_end.o
         6          0          0          0          0          0   _printf_x.o
        10          0          0          0          0         68   defsig_exit.o
        50          0          0          0          0         88   defsig_general.o
        76         56          0          0          0         76   defsig_rtmem_inner.o
        14          0          0          0          0         80   defsig_rtmem_outer.o
        12          0          0          0          0         72   exit.o
         8          0          0          0          0         68   ferror.o
        94          0          0          0          0         80   h1_alloc.o
        52          0          0          0          0         68   h1_extend.o
        78          0          0          0          0         80   h1_free.o
        14          0          0          0          0         84   h1_init.o
        76          4          0          4          0         96   heapauxa.o
         4          0          0          0          0        136   hguard.o
         0          0          0          0          0          0   indicate_semi.o
       138          0          0          0          0        168   init_alloc.o
         6          0          0          0          0          0   libinit.o
        10          0          0          0          0          0   libinit2.o
         2          0          0          0          0          0   libshutdown.o
         2          0          0          0          0          0   libshutdown2.o
         8          4          0          0         96         68   libspace.o
         0          0          0          0          0         68   maybetermalloc1.o
        24          4          0          0          0         84   noretval__2printf.o
         8          4          0          0          0         68   rt_fp_status_addr_intlibspace.o
         8          4          0          0          0         68   rt_heap_descriptor_intlibspace.o
       100          0          0          0          0         80   rt_memcpy_w.o
         0          0          0          0          0          0   rtentry.o
        12          0          0          0          0          0   rtentry2.o
         6          0          0          0          0          0   rtentry4.o
         2          0          0          0          0          0   rtexit.o
        10          0          0          0          0          0   rtexit2.o
        12          4          0          0          0         68   sys_exit.o
        74          0          0          0          0         80   sys_stackheap_outer.o
        14          0          0          0          0         76   sys_wrch.o
         2          0          0          0          0         68   use_no_semi.o
        14          0          0          0          0         76   fpinit.o

    ----------------------------------------------------------------------
      1600        102         40          4         96       2472   Library Totals
        10          0          0          0          0          0   (incl. Padding)

    ----------------------------------------------------------------------

      Code (inc. data)   RO Data    RW Data    ZI Data      Debug   Library Name

      1576        102         40          4         96       2396   c_w.l
        14          0          0          0          0         76   fz_ws.l

    ----------------------------------------------------------------------
      1600        102         40          4         96       2472   Library Totals

    ----------------------------------------------------------------------

==============================================================================


      Code (inc. data)   RO Data    RW Data    ZI Data      Debug   

      2460        216        472        344       1632       7899   Grand Totals
      2460        216        472        132       1632       7899   ELF Image Totals (compressed)
      2460        216        472        132          0          0   ROM Totals

==============================================================================

    Total RO  Size (Code + RO Data)                 2932 (   2.86kB)
    Total RW  Size (RW Data + ZI Data)              1976 (   1.93kB)
    Total ROM Size (Code + RO Data + RW Data)       3064 (   2.99kB)

==============================================================================

